Component: ARM Compiler 6.16 Tool: armlink [5dfeaa00]

==============================================================================

Section Cross References

    main.o(.text.HardFault_Handler) refers to main.o(.rodata.str1.1) for .L.str
    main.o(.text.HardFault_Handler) refers to printfa.o(i.__0printf) for printf
    main.o(.ARM.exidx.text.HardFault_Handler) refers to main.o(.text.HardFault_Handler) for [Anonymous Symbol]
    main.o(.text.main) refers to usart.o(.text.usartInit) for usartInit
    main.o(.text.main) refers to main.o(.rodata.str1.1) for .L.str.1
    main.o(.text.main) refers to printfa.o(i.__0printf) for printf
    main.o(.text.main) refers to gpio.o(.text.ledInit) for ledInit
    main.o(.text.main) refers to gpio.o(.text.ledOff) for ledOff
    main.o(.text.main) refers to usb_app.o(.data.app) for app
    main.o(.text.main) refers to main.o(.text.delay) for delay
    main.o(.text.main) refers to gpio.o(.text.ledOn) for ledOn
    main.o(.ARM.exidx.text.main) refers to main.o(.text.main) for [Anonymous Symbol]
    main.o(.ARM.exidx.text.delay) refers to main.o(.text.delay) for [Anonymous Symbol]
    gpio.o(.ARM.exidx.text.ledInit) refers to gpio.o(.text.ledInit) for [Anonymous Symbol]
    gpio.o(.ARM.exidx.text.ledOn) refers to gpio.o(.text.ledOn) for [Anonymous Symbol]
    gpio.o(.ARM.exidx.text.ledOff) refers to gpio.o(.text.ledOff) for [Anonymous Symbol]
    usart.o(.ARM.exidx.text.usartInit) refers to usart.o(.text.usartInit) for [Anonymous Symbol]
    usart.o(.ARM.exidx.text.sendByte) refers to usart.o(.text.sendByte) for [Anonymous Symbol]
    usart.o(.ARM.exidx.text.receiveByte) refers to usart.o(.text.receiveByte) for [Anonymous Symbol]
    usart.o(.ARM.exidx.text.fputc) refers to usart.o(.text.fputc) for [Anonymous Symbol]
    usart.o(.ARM.exidx.text.fgetc) refers to usart.o(.text.fgetc) for [Anonymous Symbol]
    usart.o(.text.USART1_IRQHandler) refers to usart.o(.rodata.str1.1) for .L.str
    usart.o(.text.USART1_IRQHandler) refers to scanf.o(.text) for scanf
    usart.o(.text.USART1_IRQHandler) refers to printfa.o(i.__0printf) for printf
    usart.o(.ARM.exidx.text.USART1_IRQHandler) refers to usart.o(.text.USART1_IRQHandler) for [Anonymous Symbol]
    debug.o(.text.dumpBuffer) refers to debug.o(.rodata.str1.1) for .L.str
    debug.o(.text.dumpBuffer) refers to printfa.o(i.__0printf) for printf
    debug.o(.ARM.exidx.text.dumpBuffer) refers to debug.o(.text.dumpBuffer) for [Anonymous Symbol]
    usb_app.o(.ARM.exidx.text.wcscpy) refers to usb_app.o(.text.wcscpy) for [Anonymous Symbol]
    usb_app.o(.ARM.exidx.text.wcslen) refers to usb_app.o(.text.wcslen) for [Anonymous Symbol]
    usb_app.o(.text.init) refers to usb_core.o(.text.usbInit) for usbInit
    usb_app.o(.ARM.exidx.text.init) refers to usb_app.o(.text.init) for [Anonymous Symbol]
    usb_app.o(.text.setAddress) refers to usb_app.o(.data.app) for app
    usb_app.o(.ARM.exidx.text.setAddress) refers to usb_app.o(.text.setAddress) for [Anonymous Symbol]
    usb_app.o(.text.getDeviceDescriptor) refers to usb_app.o(.data.app) for app
    usb_app.o(.text.getDeviceDescriptor) refers to usb_app.o(.bss.writeBuffer) for writeBuffer
    usb_app.o(.ARM.exidx.text.getDeviceDescriptor) refers to usb_app.o(.text.getDeviceDescriptor) for [Anonymous Symbol]
    usb_app.o(.text.getConfigurationDescriptor) refers to usb_app.o(.data.app) for app
    usb_app.o(.text.getConfigurationDescriptor) refers to usb_app.o(.bss.writeBuffer) for writeBuffer
    usb_app.o(.ARM.exidx.text.getConfigurationDescriptor) refers to usb_app.o(.text.getConfigurationDescriptor) for [Anonymous Symbol]
    usb_app.o(.text.getStringDescriptor) refers to usb_app.o(.data.app) for app
    usb_app.o(.text.getStringDescriptor) refers to usb_app.o(.bss.writeBuffer) for writeBuffer
    usb_app.o(.text.getStringDescriptor) refers to usb_app.o(.rodata.str1.1) for .L.str
    usb_app.o(.text.getStringDescriptor) refers to printfa.o(i.__0printf) for printf
    usb_app.o(.text.getStringDescriptor) refers to usb_app.o(.rodata.str2.2) for .L.str.1
    usb_app.o(.text.getStringDescriptor) refers to usb_app.o(.text.wcscpy) for wcscpy
    usb_app.o(.text.getStringDescriptor) refers to usb_app.o(.text.wcslen) for wcslen
    usb_app.o(.ARM.exidx.text.getStringDescriptor) refers to usb_app.o(.text.getStringDescriptor) for [Anonymous Symbol]
    usb_app.o(.text.getReportDescriptor) refers to usb_app.o(.data.app) for app
    usb_app.o(.text.getReportDescriptor) refers to usb_app.o(.bss.writeBuffer) for writeBuffer
    usb_app.o(.text.getReportDescriptor) refers to usb_core.o(.bss.devReq) for devReq
    usb_app.o(.text.getReportDescriptor) refers to usb_app.o(.rodata.str1.1) for .L.str.15
    usb_app.o(.text.getReportDescriptor) refers to printfa.o(i.__0printf) for printf
    usb_app.o(.text.getReportDescriptor) refers to usb_hid.o(.data.ReportDescriptor_KEYBOARD) for ReportDescriptor_KEYBOARD
    usb_app.o(.text.getReportDescriptor) refers to memcpya.o(.text) for __aeabi_memcpy
    usb_app.o(.text.getReportDescriptor) refers to usb_hid.o(.data.ReportDescriptor_MOUSE) for ReportDescriptor_MOUSE
    usb_app.o(.ARM.exidx.text.getReportDescriptor) refers to usb_app.o(.text.getReportDescriptor) for [Anonymous Symbol]
    usb_app.o(.text.sendReport) refers to usb_core.o(.text.usbWritePMA) for usbWritePMA
    usb_app.o(.text.sendReport) refers to usb_app.o(.rodata.str1.1) for .L.str.19
    usb_app.o(.text.sendReport) refers to printfa.o(i.__0printf) for printf
    usb_app.o(.ARM.exidx.text.sendReport) refers to usb_app.o(.text.sendReport) for [Anonymous Symbol]
    usb_app.o(.data.app) refers to usb_app.o(.bss.readBuffer) for [Anonymous Symbol]
    usb_app.o(.data.app) refers to usb_app.o(.bss.writeBuffer) for [Anonymous Symbol]
    usb_app.o(.data.app) refers to usb_app.o(.data.endPoint0) for [Anonymous Symbol]
    usb_app.o(.data.app) refers to usb_app.o(.data.endPoint1) for [Anonymous Symbol]
    usb_app.o(.data.app) refers to usb_app.o(.data.endPoint2) for [Anonymous Symbol]
    usb_app.o(.data.app) refers to usb_app.o(.text.init) for init
    usb_app.o(.data.app) refers to usb_app.o(.text.sendReport) for sendReport
    usb_app.o(.data.endPoint0) refers to usb_app.o(.bss.writeBuffer) for [Anonymous Symbol]
    usb_app.o(.data.endPoint0) refers to usb_app.o(.text.getDeviceDescriptor) for getDeviceDescriptor
    usb_app.o(.data.endPoint0) refers to usb_app.o(.text.getConfigurationDescriptor) for getConfigurationDescriptor
    usb_app.o(.data.endPoint0) refers to usb_app.o(.text.getStringDescriptor) for getStringDescriptor
    usb_app.o(.data.endPoint0) refers to usb_app.o(.text.getReportDescriptor) for getReportDescriptor
    usb_app.o(.data.endPoint0) refers to usb_app.o(.text.setAddress) for setAddress
    usb_core.o(.ARM.exidx.text.usbWritePMA) refers to usb_core.o(.text.usbWritePMA) for [Anonymous Symbol]
    usb_core.o(.text.usbInit) refers to usb_app.o(.data.app) for app
    usb_core.o(.text.usbInit) refers to usb_core.o(.bss.devReq) for devReq
    usb_core.o(.ARM.exidx.text.usbInit) refers to usb_core.o(.text.usbInit) for [Anonymous Symbol]
    usb_core.o(.text.USB_LP_CAN1_RX0_IRQHandler) refers to usb_core.o(.rodata.str1.1) for .L.str
    usb_core.o(.text.USB_LP_CAN1_RX0_IRQHandler) refers to printfa.o(i.__0printf) for printf
    usb_core.o(.text.USB_LP_CAN1_RX0_IRQHandler) refers to usb_core.o(.text.usbTransferHandler) for usbTransferHandler
    usb_core.o(.text.USB_LP_CAN1_RX0_IRQHandler) refers to usb_core.o(.text.usbResetHandler) for usbResetHandler
    usb_core.o(.ARM.exidx.text.USB_LP_CAN1_RX0_IRQHandler) refers to usb_core.o(.text.USB_LP_CAN1_RX0_IRQHandler) for [Anonymous Symbol]
    usb_core.o(.text.usbTransferHandler) refers to usb_core.o(.text.usbSetup) for usbSetup
    usb_core.o(.text.usbTransferHandler) refers to usb_core.o(.text.usbEPxOut) for usbEPxOut
    usb_core.o(.text.usbTransferHandler) refers to usb_core.o(.text.usbEPxIn) for usbEPxIn
    usb_core.o(.ARM.exidx.text.usbTransferHandler) refers to usb_core.o(.text.usbTransferHandler) for [Anonymous Symbol]
    usb_core.o(.text.usbEPxOut) refers to usb_core.o(.rodata.str1.1) for .L.str.26
    usb_core.o(.text.usbEPxOut) refers to printfa.o(i.__0printf) for printf
    usb_core.o(.text.usbEPxOut) refers to usb_app.o(.data.app) for app
    usb_core.o(.text.usbEPxOut) refers to usb_core.o(.text.usbReadPMA) for usbReadPMA
    usb_core.o(.text.usbEPxOut) refers to debug.o(.text.dumpBuffer) for dumpBuffer
    usb_core.o(.text.usbEPxOut) refers to gpio.o(.text.ledOn) for ledOn
    usb_core.o(.text.usbEPxOut) refers to gpio.o(.text.ledOff) for ledOff
    usb_core.o(.ARM.exidx.text.usbEPxOut) refers to usb_core.o(.text.usbEPxOut) for [Anonymous Symbol]
    usb_core.o(.text.usbEPxIn) refers to usb_core.o(.rodata.str1.1) for .L.str.27
    usb_core.o(.text.usbEPxIn) refers to printfa.o(i.__0printf) for printf
    usb_core.o(.text.usbEPxIn) refers to usb_app.o(.data.app) for app
    usb_core.o(.text.usbEPxIn) refers to usb_core.o(.text.usbEPxSend) for usbEPxSend
    usb_core.o(.ARM.exidx.text.usbEPxIn) refers to usb_core.o(.text.usbEPxIn) for [Anonymous Symbol]
    usb_core.o(.text.usbSetup) refers to usb_core.o(.rodata.str1.1) for .L.str.5
    usb_core.o(.text.usbSetup) refers to printfa.o(i.__0printf) for printf
    usb_core.o(.text.usbSetup) refers to usb_app.o(.data.app) for app
    usb_core.o(.text.usbSetup) refers to usb_core.o(.text.usbReadPMA) for usbReadPMA
    usb_core.o(.text.usbSetup) refers to debug.o(.text.dumpBuffer) for dumpBuffer
    usb_core.o(.text.usbSetup) refers to usb_core.o(.bss.devReq) for devReq
    usb_core.o(.text.usbSetup) refers to usb_core.o(.text.usbStandardGetStatus) for usbStandardGetStatus
    usb_core.o(.text.usbSetup) refers to usb_core.o(.text.usbStandardGetDescriptor) for usbStandardGetDescriptor
    usb_core.o(.text.usbSetup) refers to usb_core.o(.text.usbStandardGetConfiguration) for usbStandardGetConfiguration
    usb_core.o(.text.usbSetup) refers to usb_core.o(.text.usbStandardGetInterface) for usbStandardGetInterface
    usb_core.o(.text.usbSetup) refers to usb_core.o(.text.usbStandardSynchFrame) for usbStandardSynchFrame
    usb_core.o(.text.usbSetup) refers to usb_core.o(.text.usbStandardClearFeature) for usbStandardClearFeature
    usb_core.o(.text.usbSetup) refers to usb_core.o(.text.usbStandardSetFeature) for usbStandardSetFeature
    usb_core.o(.text.usbSetup) refers to usb_core.o(.text.usbStandardSetAddress) for usbStandardSetAddress
    usb_core.o(.text.usbSetup) refers to usb_core.o(.text.usbStandardSetDescriptor) for usbStandardSetDescriptor
    usb_core.o(.text.usbSetup) refers to usb_core.o(.text.usbStandardSetConfiguration) for usbStandardSetConfiguration
    usb_core.o(.text.usbSetup) refers to usb_core.o(.text.usbStandardSetInterface) for usbStandardSetInterface
    usb_core.o(.text.usbSetup) refers to usb_core.o(.text.usbClassSetIdle) for usbClassSetIdle
    usb_core.o(.ARM.exidx.text.usbSetup) refers to usb_core.o(.text.usbSetup) for [Anonymous Symbol]
    usb_core.o(.ARM.exidx.text.usbReadPMA) refers to usb_core.o(.text.usbReadPMA) for [Anonymous Symbol]
    usb_core.o(.text.usbStandardGetStatus) refers to usb_core.o(.rodata.str1.1) for .L.str.12
    usb_core.o(.text.usbStandardGetStatus) refers to printfa.o(i.__0printf) for printf
    usb_core.o(.ARM.exidx.text.usbStandardGetStatus) refers to usb_core.o(.text.usbStandardGetStatus) for [Anonymous Symbol]
    usb_core.o(.text.usbStandardGetDescriptor) refers to usb_core.o(.rodata.str1.1) for .L.str.13
    usb_core.o(.text.usbStandardGetDescriptor) refers to printfa.o(i.__0printf) for printf
    usb_core.o(.text.usbStandardGetDescriptor) refers to usb_core.o(.bss.devReq) for devReq
    usb_core.o(.text.usbStandardGetDescriptor) refers to usb_app.o(.data.app) for app
    usb_core.o(.text.usbStandardGetDescriptor) refers to usb_core.o(.text.usbEPxSend) for usbEPxSend
    usb_core.o(.ARM.exidx.text.usbStandardGetDescriptor) refers to usb_core.o(.text.usbStandardGetDescriptor) for [Anonymous Symbol]
    usb_core.o(.text.usbEPxSend) refers to usb_app.o(.data.app) for app
    usb_core.o(.text.usbEPxSend) refers to usb_core.o(.bss.devReq) for devReq
    usb_core.o(.text.usbEPxSend) refers to usb_core.o(.text.usbWritePMA) for usbWritePMA
    usb_core.o(.ARM.exidx.text.usbEPxSend) refers to usb_core.o(.text.usbEPxSend) for [Anonymous Symbol]
    usb_core.o(.text.usbStandardGetConfiguration) refers to usb_core.o(.rodata.str1.1) for .L.str.16
    usb_core.o(.text.usbStandardGetConfiguration) refers to printfa.o(i.__0printf) for printf
    usb_core.o(.ARM.exidx.text.usbStandardGetConfiguration) refers to usb_core.o(.text.usbStandardGetConfiguration) for [Anonymous Symbol]
    usb_core.o(.text.usbStandardGetInterface) refers to usb_core.o(.rodata.str1.1) for .L.str.17
    usb_core.o(.text.usbStandardGetInterface) refers to printfa.o(i.__0printf) for printf
    usb_core.o(.ARM.exidx.text.usbStandardGetInterface) refers to usb_core.o(.text.usbStandardGetInterface) for [Anonymous Symbol]
    usb_core.o(.text.usbStandardSynchFrame) refers to usb_core.o(.rodata.str1.1) for .L.str.18
    usb_core.o(.text.usbStandardSynchFrame) refers to printfa.o(i.__0printf) for printf
    usb_core.o(.ARM.exidx.text.usbStandardSynchFrame) refers to usb_core.o(.text.usbStandardSynchFrame) for [Anonymous Symbol]
    usb_core.o(.text.usbStandardClearFeature) refers to usb_core.o(.rodata.str1.1) for .L.str.19
    usb_core.o(.text.usbStandardClearFeature) refers to printfa.o(i.__0printf) for printf
    usb_core.o(.ARM.exidx.text.usbStandardClearFeature) refers to usb_core.o(.text.usbStandardClearFeature) for [Anonymous Symbol]
    usb_core.o(.text.usbStandardSetFeature) refers to usb_core.o(.rodata.str1.1) for .L.str.20
    usb_core.o(.text.usbStandardSetFeature) refers to printfa.o(i.__0printf) for printf
    usb_core.o(.ARM.exidx.text.usbStandardSetFeature) refers to usb_core.o(.text.usbStandardSetFeature) for [Anonymous Symbol]
    usb_core.o(.text.usbStandardSetAddress) refers to usb_core.o(.rodata.str1.1) for .L.str.21
    usb_core.o(.text.usbStandardSetAddress) refers to printfa.o(i.__0printf) for printf
    usb_core.o(.text.usbStandardSetAddress) refers to usb_app.o(.data.app) for app
    usb_core.o(.text.usbStandardSetAddress) refers to usb_core.o(.bss.devReq) for devReq
    usb_core.o(.ARM.exidx.text.usbStandardSetAddress) refers to usb_core.o(.text.usbStandardSetAddress) for [Anonymous Symbol]
    usb_core.o(.text.usbStandardSetDescriptor) refers to usb_core.o(.rodata.str1.1) for .L.str.22
    usb_core.o(.text.usbStandardSetDescriptor) refers to printfa.o(i.__0printf) for printf
    usb_core.o(.ARM.exidx.text.usbStandardSetDescriptor) refers to usb_core.o(.text.usbStandardSetDescriptor) for [Anonymous Symbol]
    usb_core.o(.text.usbStandardSetConfiguration) refers to usb_core.o(.rodata.str1.1) for .L.str.23
    usb_core.o(.text.usbStandardSetConfiguration) refers to printfa.o(i.__0printf) for printf
    usb_core.o(.text.usbStandardSetConfiguration) refers to usb_app.o(.data.app) for app
    usb_core.o(.ARM.exidx.text.usbStandardSetConfiguration) refers to usb_core.o(.text.usbStandardSetConfiguration) for [Anonymous Symbol]
    usb_core.o(.text.usbStandardSetInterface) refers to usb_core.o(.rodata.str1.1) for .L.str.24
    usb_core.o(.text.usbStandardSetInterface) refers to printfa.o(i.__0printf) for printf
    usb_core.o(.ARM.exidx.text.usbStandardSetInterface) refers to usb_core.o(.text.usbStandardSetInterface) for [Anonymous Symbol]
    usb_core.o(.text.usbClassSetIdle) refers to usb_core.o(.rodata.str1.1) for .L.str.25
    usb_core.o(.text.usbClassSetIdle) refers to printfa.o(i.__0printf) for printf
    usb_core.o(.ARM.exidx.text.usbClassSetIdle) refers to usb_core.o(.text.usbClassSetIdle) for [Anonymous Symbol]
    usb_core.o(.text.usbResetHandler) refers to usb_app.o(.data.app) for app
    usb_core.o(.ARM.exidx.text.usbResetHandler) refers to usb_core.o(.text.usbResetHandler) for [Anonymous Symbol]
    dma.o(.ARM.exidx.text.dmaInit) refers to dma.o(.text.dmaInit) for [Anonymous Symbol]
    dma.o(.ARM.exidx.text.dmaSetNum) refers to dma.o(.text.dmaSetNum) for [Anonymous Symbol]
    dma.o(.ARM.exidx.text.dmaSetAddr) refers to dma.o(.text.dmaSetAddr) for [Anonymous Symbol]
    dma.o(.text.DMA1_Channel4_IRQHandler) refers to dma.o(.bss.dataCount) for dataCount
    dma.o(.text.DMA1_Channel4_IRQHandler) refers to dma.o(.data.isDmaAvailable) for isDmaAvailable
    dma.o(.text.DMA1_Channel4_IRQHandler) refers to dma.o(.bss.pstart) for pstart
    dma.o(.text.DMA1_Channel4_IRQHandler) refers to dma.o(.bss.usartWrite) for usartWrite
    dma.o(.text.DMA1_Channel4_IRQHandler) refers to dma.o(.text.dmaSetAddr) for dmaSetAddr
    dma.o(.text.DMA1_Channel4_IRQHandler) refers to dma.o(.text.dmaSetNum) for dmaSetNum
    dma.o(.ARM.exidx.text.DMA1_Channel4_IRQHandler) refers to dma.o(.text.DMA1_Channel4_IRQHandler) for [Anonymous Symbol]
    startup_stm32f10x_md.o(RESET) refers to startup_stm32f10x_md.o(STACK) for __initial_sp
    startup_stm32f10x_md.o(RESET) refers to startup_stm32f10x_md.o(.text) for Reset_Handler
    startup_stm32f10x_md.o(RESET) refers to main.o(.text.HardFault_Handler) for HardFault_Handler
    startup_stm32f10x_md.o(RESET) refers to dma.o(.text.DMA1_Channel4_IRQHandler) for DMA1_Channel4_IRQHandler
    startup_stm32f10x_md.o(RESET) refers to usb_core.o(.text.USB_LP_CAN1_RX0_IRQHandler) for USB_LP_CAN1_RX0_IRQHandler
    startup_stm32f10x_md.o(RESET) refers to usart.o(.text.USART1_IRQHandler) for USART1_IRQHandler
    startup_stm32f10x_md.o(.text) refers to system_stm32f10x.o(.text.SystemInit) for SystemInit
    startup_stm32f10x_md.o(.text) refers to entry.o(.ARM.Collect$$$$00000000) for __main
    system_stm32f10x.o(.text.SystemInit) refers to system_stm32f10x.o(.text.SetSysClock) for SetSysClock
    system_stm32f10x.o(.ARM.exidx.text.SystemInit) refers to system_stm32f10x.o(.text.SystemInit) for [Anonymous Symbol]
    system_stm32f10x.o(.text.SetSysClock) refers to system_stm32f10x.o(.text.SetSysClockTo72) for SetSysClockTo72
    system_stm32f10x.o(.ARM.exidx.text.SetSysClock) refers to system_stm32f10x.o(.text.SetSysClock) for [Anonymous Symbol]
    system_stm32f10x.o(.text.SystemCoreClockUpdate) refers to system_stm32f10x.o(.data.SystemCoreClock) for SystemCoreClock
    system_stm32f10x.o(.text.SystemCoreClockUpdate) refers to system_stm32f10x.o(.rodata.AHBPrescTable) for AHBPrescTable
    system_stm32f10x.o(.ARM.exidx.text.SystemCoreClockUpdate) refers to system_stm32f10x.o(.text.SystemCoreClockUpdate) for [Anonymous Symbol]
    system_stm32f10x.o(.ARM.exidx.text.SetSysClockTo72) refers to system_stm32f10x.o(.text.SetSysClockTo72) for [Anonymous Symbol]
    entry.o(.ARM.Collect$$$$00000000) refers (Special) to entry10a.o(.ARM.Collect$$$$0000000D) for __rt_final_cpp
    entry.o(.ARM.Collect$$$$00000000) refers (Special) to entry11a.o(.ARM.Collect$$$$0000000F) for __rt_final_exit
    entry.o(.ARM.Collect$$$$00000000) refers (Special) to entry7b.o(.ARM.Collect$$$$00000008) for _main_clock
    entry.o(.ARM.Collect$$$$00000000) refers (Special) to entry8b.o(.ARM.Collect$$$$0000000A) for _main_cpp_init
    entry.o(.ARM.Collect$$$$00000000) refers (Special) to entry9a.o(.ARM.Collect$$$$0000000B) for _main_init
    entry.o(.ARM.Collect$$$$00000000) refers (Special) to entry5.o(.ARM.Collect$$$$00000004) for _main_scatterload
    entry.o(.ARM.Collect$$$$00000000) refers (Special) to entry2.o(.ARM.Collect$$$$00000001) for _main_stk
    printfa.o(i.__0fprintf) refers (Special) to iusefp.o(.text) for __I$use$fp
    printfa.o(i.__0fprintf) refers to printfa.o(i._printf_core) for _printf_core
    printfa.o(i.__0fprintf) refers to usart.o(.text.fputc) for fputc
    printfa.o(i.__0printf) refers (Special) to iusefp.o(.text) for __I$use$fp
    printfa.o(i.__0printf) refers to printfa.o(i._printf_core) for _printf_core
    printfa.o(i.__0printf) refers to usart.o(.text.fputc) for fputc
    printfa.o(i.__0printf) refers to stdout.o(.data) for __stdout
    printfa.o(i.__0snprintf) refers (Special) to iusefp.o(.text) for __I$use$fp
    printfa.o(i.__0snprintf) refers to printfa.o(i._printf_core) for _printf_core
    printfa.o(i.__0snprintf) refers to printfa.o(i._snputc) for _snputc
    printfa.o(i.__0sprintf) refers (Special) to iusefp.o(.text) for __I$use$fp
    printfa.o(i.__0sprintf) refers to printfa.o(i._printf_core) for _printf_core
    printfa.o(i.__0sprintf) refers to printfa.o(i._sputc) for _sputc
    printfa.o(i.__0vfprintf) refers (Special) to iusefp.o(.text) for __I$use$fp
    printfa.o(i.__0vfprintf) refers to printfa.o(i._printf_core) for _printf_core
    printfa.o(i.__0vfprintf) refers to usart.o(.text.fputc) for fputc
    printfa.o(i.__0vprintf) refers (Special) to iusefp.o(.text) for __I$use$fp
    printfa.o(i.__0vprintf) refers to printfa.o(i._printf_core) for _printf_core
    printfa.o(i.__0vprintf) refers to usart.o(.text.fputc) for fputc
    printfa.o(i.__0vprintf) refers to stdout.o(.data) for __stdout
    printfa.o(i.__0vsnprintf) refers (Special) to iusefp.o(.text) for __I$use$fp
    printfa.o(i.__0vsnprintf) refers to printfa.o(i._printf_core) for _printf_core
    printfa.o(i.__0vsnprintf) refers to printfa.o(i._snputc) for _snputc
    printfa.o(i.__0vsprintf) refers (Special) to iusefp.o(.text) for __I$use$fp
    printfa.o(i.__0vsprintf) refers to printfa.o(i._printf_core) for _printf_core
    printfa.o(i.__0vsprintf) refers to printfa.o(i._sputc) for _sputc
    printfa.o(i._fp_digits) refers (Special) to iusefp.o(.text) for __I$use$fp
    printfa.o(i._fp_digits) refers to dmul.o(.text) for __aeabi_dmul
    printfa.o(i._fp_digits) refers to ddiv.o(.text) for __aeabi_ddiv
    printfa.o(i._fp_digits) refers to cdrcmple.o(.text) for __aeabi_cdrcmple
    printfa.o(i._fp_digits) refers to dadd.o(.text) for __aeabi_dadd
    printfa.o(i._fp_digits) refers to dfixul.o(.text) for __aeabi_d2ulz
    printfa.o(i._fp_digits) refers to uldiv.o(.text) for __aeabi_uldivmod
    printfa.o(i._printf_core) refers (Special) to iusefp.o(.text) for __I$use$fp
    printfa.o(i._printf_core) refers to printfa.o(i._printf_pre_padding) for _printf_pre_padding
    printfa.o(i._printf_core) refers to uldiv.o(.text) for __aeabi_uldivmod
    printfa.o(i._printf_core) refers to printfa.o(i._printf_post_padding) for _printf_post_padding
    printfa.o(i._printf_core) refers to printfa.o(i._fp_digits) for _fp_digits
    printfa.o(i._printf_core) refers to uidiv.o(.text) for __aeabi_uidivmod
    printfa.o(i._printf_post_padding) refers (Special) to iusefp.o(.text) for __I$use$fp
    printfa.o(i._printf_pre_padding) refers (Special) to iusefp.o(.text) for __I$use$fp
    printfa.o(i._snputc) refers (Special) to iusefp.o(.text) for __I$use$fp
    printfa.o(i._sputc) refers (Special) to iusefp.o(.text) for __I$use$fp
    scanf.o(.text) refers (Special) to _scanf_int.o(.text) for _scanf_int
    scanf.o(.text) refers (Special) to _scanf_longlong.o(.text) for _scanf_longlong
    scanf.o(.text) refers (Special) to scanf_fp.o(.text) for _scanf_real
    scanf.o(.text) refers (Special) to _scanf_str.o(.text) for _scanf_string
    scanf.o(.text) refers to scanf_char_file.o(.text) for __vfscanf_char_file
    scanf.o(.text) refers to stdin.o(.data) for __stdin
    entry2.o(.ARM.Collect$$$$00000001) refers to entry2.o(.ARM.Collect$$$$00002712) for __lit__00000000
    entry2.o(.ARM.Collect$$$$00002712) refers to startup_stm32f10x_md.o(STACK) for __initial_sp
    entry2.o(__vectab_stack_and_reset_area) refers to startup_stm32f10x_md.o(STACK) for __initial_sp
    entry2.o(__vectab_stack_and_reset_area) refers to entry.o(.ARM.Collect$$$$00000000) for __main
    entry5.o(.ARM.Collect$$$$00000004) refers to init.o(.text) for __scatterload
    entry9a.o(.ARM.Collect$$$$0000000B) refers to main.o(.text.main) for main
    entry9b.o(.ARM.Collect$$$$0000000C) refers to main.o(.text.main) for main
    uldiv.o(.text) refers to llushr.o(.text) for __aeabi_llsr
    uldiv.o(.text) refers to llshl.o(.text) for __aeabi_llsl
    _scanf_longlong.o(.text) refers to _chval.o(.text) for _chval
    _scanf_int.o(.text) refers to _chval.o(.text) for _chval
    scanf_fp.o(.text) refers (Special) to iusefp.o(.text) for __I$use$fp
    scanf_fp.o(.text) refers to dfltul.o(.text) for __aeabi_ul2d
    scanf_fp.o(.text) refers to dmul.o(.text) for __aeabi_dmul
    scanf_fp.o(.text) refers to ddiv.o(.text) for __aeabi_ddiv
    scanf_fp.o(.text) refers to scanf_fp.o(i._is_digit) for _is_digit
    scanf_fp.o(.text) refers to d2f.o(.text) for __aeabi_d2f
    scanf_char_file.o(.text) refers to scanf_char.o(.text) for __vfscanf_char
    scanf_char_file.o(.text) refers to usart.o(.text.fgetc) for fgetc
    scanf_char_file.o(.text) refers to fgetc_b.o(.text) for __backspace
    dadd.o(.text) refers (Special) to iusefp.o(.text) for __I$use$fp
    dadd.o(.text) refers to llshl.o(.text) for __aeabi_llsl
    dadd.o(.text) refers to llsshr.o(.text) for __aeabi_lasr
    dadd.o(.text) refers to depilogue.o(.text) for _double_epilogue
    dmul.o(.text) refers (Special) to iusefp.o(.text) for __I$use$fp
    dmul.o(.text) refers to depilogue.o(.text) for _double_epilogue
    ddiv.o(.text) refers (Special) to iusefp.o(.text) for __I$use$fp
    ddiv.o(.text) refers to depilogue.o(.text) for _double_round
    dfixul.o(.text) refers (Special) to iusefp.o(.text) for __I$use$fp
    dfixul.o(.text) refers to llushr.o(.text) for __aeabi_llsr
    dfixul.o(.text) refers to llshl.o(.text) for __aeabi_llsl
    cdrcmple.o(.text) refers (Special) to iusefp.o(.text) for __I$use$fp
    init.o(.text) refers to entry5.o(.ARM.Collect$$$$00000004) for __main_after_scatterload
    fgetc_b.o(.text) refers (Special) to iusesemig.o(.text) for __I$use$semihosting$fgetc
    fgetc_b.o(.text) refers (Special) to semi.o(.text) for __semihosting_library_function
    fgetc_b.o(.text) refers to fgetc_b.o(.data) for .data
    fgetc_b.o(.data) refers (Special) to iusesemig.o(.text) for __I$use$semihosting$fgetc
    fgetc_b.o(.data) refers (Special) to semi.o(.text) for __semihosting_library_function
    scanf_char.o(.text) refers to _scanf.o(.text) for __vfscanf
    scanf_char.o(.text) refers to isspace_c.o(.text) for isspace
    depilogue.o(.text) refers (Special) to iusefp.o(.text) for __I$use$fp
    depilogue.o(.text) refers to llshl.o(.text) for __aeabi_llsl
    depilogue.o(.text) refers to llushr.o(.text) for __aeabi_llsr
    dfltul.o(.text) refers (Special) to iusefp.o(.text) for __I$use$fp
    dfltul.o(.text) refers to depilogue.o(.text) for _double_epilogue
    d2f.o(.text) refers (Special) to iusefp.o(.text) for __I$use$fp
    d2f.o(.text) refers to fepilogue.o(.text) for _float_round
    isspace_c.o(.text) refers to ctype_c.o(.text) for __ctype_lookup
    _scanf.o(.text) refers (Weak) to scanf_fp.o(.text) for _scanf_real
    _scanf.o(.text) refers (Weak) to _scanf_longlong.o(.text) for _scanf_longlong
    _scanf.o(.text) refers (Weak) to _scanf_int.o(.text) for _scanf_int
    _scanf.o(.text) refers (Weak) to _scanf_str.o(.text) for _scanf_string
    fepilogue.o(.text) refers (Special) to iusefp.o(.text) for __I$use$fp
    ctype_c.o(.text) refers to ctype_c.o(.constdata) for .constdata
    scanf_fp.o(i._is_digit) refers (Special) to iusefp.o(.text) for __I$use$fp


==============================================================================

Removing Unused input sections from the image.

    Removing main.o(.text), (0 bytes).
    Removing main.o(.ARM.exidx.text.HardFault_Handler), (8 bytes).
    Removing main.o(.ARM.exidx.text.main), (8 bytes).
    Removing main.o(.ARM.exidx.text.delay), (8 bytes).
    Removing main.o(.data.xy), (62 bytes).
    Removing main.o(.bss.main.data), (9 bytes).
    Removing main.o(.ARM.use_no_argv), (4 bytes).
    Removing gpio.o(.text), (0 bytes).
    Removing gpio.o(.ARM.exidx.text.ledInit), (8 bytes).
    Removing gpio.o(.ARM.exidx.text.ledOn), (8 bytes).
    Removing gpio.o(.ARM.exidx.text.ledOff), (8 bytes).
    Removing usart.o(.text), (0 bytes).
    Removing usart.o(.ARM.exidx.text.usartInit), (8 bytes).
    Removing usart.o(.text.sendByte), (46 bytes).
    Removing usart.o(.ARM.exidx.text.sendByte), (8 bytes).
    Removing usart.o(.text.receiveByte), (36 bytes).
    Removing usart.o(.ARM.exidx.text.receiveByte), (8 bytes).
    Removing usart.o(.ARM.exidx.text.fputc), (8 bytes).
    Removing usart.o(.ARM.exidx.text.fgetc), (8 bytes).
    Removing usart.o(.ARM.exidx.text.USART1_IRQHandler), (8 bytes).
    Removing debug.o(.text), (0 bytes).
    Removing debug.o(.ARM.exidx.text.dumpBuffer), (8 bytes).
    Removing usb_app.o(.text), (0 bytes).
    Removing usb_app.o(.ARM.exidx.text.wcscpy), (8 bytes).
    Removing usb_app.o(.ARM.exidx.text.wcslen), (8 bytes).
    Removing usb_app.o(.ARM.exidx.text.init), (8 bytes).
    Removing usb_app.o(.ARM.exidx.text.setAddress), (8 bytes).
    Removing usb_app.o(.ARM.exidx.text.getDeviceDescriptor), (8 bytes).
    Removing usb_app.o(.ARM.exidx.text.getConfigurationDescriptor), (8 bytes).
    Removing usb_app.o(.ARM.exidx.text.getStringDescriptor), (8 bytes).
    Removing usb_app.o(.ARM.exidx.text.getReportDescriptor), (8 bytes).
    Removing usb_app.o(.ARM.exidx.text.sendReport), (8 bytes).
    Removing usb_core.o(.text), (0 bytes).
    Removing usb_core.o(.ARM.exidx.text.usbWritePMA), (8 bytes).
    Removing usb_core.o(.ARM.exidx.text.usbInit), (8 bytes).
    Removing usb_core.o(.ARM.exidx.text.USB_LP_CAN1_RX0_IRQHandler), (8 bytes).
    Removing usb_core.o(.ARM.exidx.text.usbTransferHandler), (8 bytes).
    Removing usb_core.o(.ARM.exidx.text.usbEPxOut), (8 bytes).
    Removing usb_core.o(.ARM.exidx.text.usbEPxIn), (8 bytes).
    Removing usb_core.o(.ARM.exidx.text.usbSetup), (8 bytes).
    Removing usb_core.o(.ARM.exidx.text.usbReadPMA), (8 bytes).
    Removing usb_core.o(.ARM.exidx.text.usbStandardGetStatus), (8 bytes).
    Removing usb_core.o(.ARM.exidx.text.usbStandardGetDescriptor), (8 bytes).
    Removing usb_core.o(.ARM.exidx.text.usbEPxSend), (8 bytes).
    Removing usb_core.o(.ARM.exidx.text.usbStandardGetConfiguration), (8 bytes).
    Removing usb_core.o(.ARM.exidx.text.usbStandardGetInterface), (8 bytes).
    Removing usb_core.o(.ARM.exidx.text.usbStandardSynchFrame), (8 bytes).
    Removing usb_core.o(.ARM.exidx.text.usbStandardClearFeature), (8 bytes).
    Removing usb_core.o(.ARM.exidx.text.usbStandardSetFeature), (8 bytes).
    Removing usb_core.o(.ARM.exidx.text.usbStandardSetAddress), (8 bytes).
    Removing usb_core.o(.ARM.exidx.text.usbStandardSetDescriptor), (8 bytes).
    Removing usb_core.o(.ARM.exidx.text.usbStandardSetConfiguration), (8 bytes).
    Removing usb_core.o(.ARM.exidx.text.usbStandardSetInterface), (8 bytes).
    Removing usb_core.o(.ARM.exidx.text.usbClassSetIdle), (8 bytes).
    Removing usb_core.o(.ARM.exidx.text.usbResetHandler), (8 bytes).
    Removing usb_hid.o(.text), (0 bytes).
    Removing dma.o(.text), (0 bytes).
    Removing dma.o(.text.dmaInit), (74 bytes).
    Removing dma.o(.ARM.exidx.text.dmaInit), (8 bytes).
    Removing dma.o(.ARM.exidx.text.dmaSetNum), (8 bytes).
    Removing dma.o(.ARM.exidx.text.dmaSetAddr), (8 bytes).
    Removing dma.o(.ARM.exidx.text.DMA1_Channel4_IRQHandler), (8 bytes).
    Removing startup_stm32f10x_md.o(HEAP), (1024 bytes).
    Removing system_stm32f10x.o(.text), (0 bytes).
    Removing system_stm32f10x.o(.ARM.exidx.text.SystemInit), (8 bytes).
    Removing system_stm32f10x.o(.ARM.exidx.text.SetSysClock), (8 bytes).
    Removing system_stm32f10x.o(.text.SystemCoreClockUpdate), (290 bytes).
    Removing system_stm32f10x.o(.ARM.exidx.text.SystemCoreClockUpdate), (8 bytes).
    Removing system_stm32f10x.o(.ARM.exidx.text.SetSysClockTo72), (8 bytes).
    Removing system_stm32f10x.o(.data.SystemCoreClock), (4 bytes).
    Removing system_stm32f10x.o(.rodata.AHBPrescTable), (16 bytes).

71 unused section(s) (total 1981 bytes) removed from the image.

==============================================================================

Image Symbol Table

    Local Symbols

    Symbol Name                              Value     Ov Type        Size  Object(Section)

    ../clib/division.s                       0x00000000   Number         0  aeabi_sdiv.o ABSOLUTE
    ../clib/microlib/ctype/ctype.c           0x00000000   Number         0  isspace_c.o ABSOLUTE
    ../clib/microlib/ctype/ctype.c           0x00000000   Number         0  ctype_c.o ABSOLUTE
    ../clib/microlib/division.c              0x00000000   Number         0  uidiv.o ABSOLUTE
    ../clib/microlib/division.c              0x00000000   Number         0  uldiv.o ABSOLUTE
    ../clib/microlib/init/entry.s            0x00000000   Number         0  entry.o ABSOLUTE
    ../clib/microlib/init/entry.s            0x00000000   Number         0  entry2.o ABSOLUTE
    ../clib/microlib/init/entry.s            0x00000000   Number         0  entry5.o ABSOLUTE
    ../clib/microlib/init/entry.s            0x00000000   Number         0  entry7a.o ABSOLUTE
    ../clib/microlib/init/entry.s            0x00000000   Number         0  entry7b.o ABSOLUTE
    ../clib/microlib/init/entry.s            0x00000000   Number         0  entry8a.o ABSOLUTE
    ../clib/microlib/init/entry.s            0x00000000   Number         0  entry8b.o ABSOLUTE
    ../clib/microlib/init/entry.s            0x00000000   Number         0  entry9a.o ABSOLUTE
    ../clib/microlib/init/entry.s            0x00000000   Number         0  entry9b.o ABSOLUTE
    ../clib/microlib/init/entry.s            0x00000000   Number         0  entry10a.o ABSOLUTE
    ../clib/microlib/init/entry.s            0x00000000   Number         0  entry10b.o ABSOLUTE
    ../clib/microlib/init/entry.s            0x00000000   Number         0  entry11a.o ABSOLUTE
    ../clib/microlib/init/entry.s            0x00000000   Number         0  entry11b.o ABSOLUTE
    ../clib/microlib/longlong.c              0x00000000   Number         0  llshl.o ABSOLUTE
    ../clib/microlib/longlong.c              0x00000000   Number         0  llushr.o ABSOLUTE
    ../clib/microlib/longlong.c              0x00000000   Number         0  llsshr.o ABSOLUTE
    ../clib/microlib/printf/printf.c         0x00000000   Number         0  printfa.o ABSOLUTE
    ../clib/microlib/stdio/fgetc.c           0x00000000   Number         0  fgetc_b.o ABSOLUTE
    ../clib/microlib/stdio/semi.s            0x00000000   Number         0  semi.o ABSOLUTE
    ../clib/microlib/stdio/streams.c         0x00000000   Number         0  stdin.o ABSOLUTE
    ../clib/microlib/stdio/streams.c         0x00000000   Number         0  stdout.o ABSOLUTE
    ../clib/microlib/string/memcpy.c         0x00000000   Number         0  memcpya.o ABSOLUTE
    ../clib/microlib/string/memcpy.c         0x00000000   Number         0  memcpyb.o ABSOLUTE
    ../clib/microlib/stubs.s                 0x00000000   Number         0  iusefp.o ABSOLUTE
    ../clib/microlib/stubs.s                 0x00000000   Number         0  iusesemig.o ABSOLUTE
    ../clib/scanf.c                          0x00000000   Number         0  scanf.o ABSOLUTE
    ../clib/scanf.c                          0x00000000   Number         0  _scanf_longlong.o ABSOLUTE
    ../clib/scanf.c                          0x00000000   Number         0  _scanf_int.o ABSOLUTE
    ../clib/scanf.c                          0x00000000   Number         0  _scanf_str.o ABSOLUTE
    ../clib/scanf.c                          0x00000000   Number         0  scanf_fp.o ABSOLUTE
    ../clib/scanf.c                          0x00000000   Number         0  scanf_char_file.o ABSOLUTE
    ../clib/scanf.c                          0x00000000   Number         0  _chval.o ABSOLUTE
    ../clib/scanf.c                          0x00000000   Number         0  scanf_char.o ABSOLUTE
    ../clib/scanf.c                          0x00000000   Number         0  _scanf.o ABSOLUTE
    ../fplib/microlib/d2f.c                  0x00000000   Number         0  d2f.o ABSOLUTE
    ../fplib/microlib/fpadd.c                0x00000000   Number         0  dadd.o ABSOLUTE
    ../fplib/microlib/fpdiv.c                0x00000000   Number         0  ddiv.o ABSOLUTE
    ../fplib/microlib/fpepilogue.c           0x00000000   Number         0  depilogue.o ABSOLUTE
    ../fplib/microlib/fpepilogue.c           0x00000000   Number         0  fepilogue.o ABSOLUTE
    ../fplib/microlib/fpfix.c                0x00000000   Number         0  dfixul.o ABSOLUTE
    ../fplib/microlib/fpflt.c                0x00000000   Number         0  dfltul.o ABSOLUTE
    ../fplib/microlib/fpmul.c                0x00000000   Number         0  dmul.o ABSOLUTE
    RTE/Device/STM32F103C8/startup_stm32f10x_md.s 0x00000000   Number         0  startup_stm32f10x_md.o ABSOLUTE
    cdrcmple.s                               0x00000000   Number         0  cdrcmple.o ABSOLUTE
    dc.s                                     0x00000000   Number         0  dc.o ABSOLUTE
    debug.c                                  0x00000000   Number         0  debug.o ABSOLUTE
    dma.c                                    0x00000000   Number         0  dma.o ABSOLUTE
    gpio.c                                   0x00000000   Number         0  gpio.o ABSOLUTE
    handlers.s                               0x00000000   Number         0  handlers.o ABSOLUTE
    init.s                                   0x00000000   Number         0  init.o ABSOLUTE
    main.c                                   0x00000000   Number         0  main.o ABSOLUTE
    system_stm32f10x.c                       0x00000000   Number         0  system_stm32f10x.o ABSOLUTE
    usart.c                                  0x00000000   Number         0  usart.o ABSOLUTE
    usb_app.c                                0x00000000   Number         0  usb_app.o ABSOLUTE
    usb_core.c                               0x00000000   Number         0  usb_core.o ABSOLUTE
    usb_hid.c                                0x00000000   Number         0  usb_hid.o ABSOLUTE
    RESET                                    0x08000000   Section      236  startup_stm32f10x_md.o(RESET)
    .ARM.Collect$$$$00000000                 0x080000ec   Section        0  entry.o(.ARM.Collect$$$$00000000)
    .ARM.Collect$$$$00000001                 0x080000ec   Section        4  entry2.o(.ARM.Collect$$$$00000001)
    .ARM.Collect$$$$00000004                 0x080000f0   Section        4  entry5.o(.ARM.Collect$$$$00000004)
    .ARM.Collect$$$$00000008                 0x080000f4   Section        0  entry7b.o(.ARM.Collect$$$$00000008)
    .ARM.Collect$$$$0000000A                 0x080000f4   Section        0  entry8b.o(.ARM.Collect$$$$0000000A)
    .ARM.Collect$$$$0000000B                 0x080000f4   Section        8  entry9a.o(.ARM.Collect$$$$0000000B)
    __lit__00000000                          0x080000fc   Data           4  entry2.o(.ARM.Collect$$$$00002712)
    .ARM.Collect$$$$0000000D                 0x080000fc   Section        0  entry10a.o(.ARM.Collect$$$$0000000D)
    .ARM.Collect$$$$0000000F                 0x080000fc   Section        0  entry11a.o(.ARM.Collect$$$$0000000F)
    .ARM.Collect$$$$00002712                 0x080000fc   Section        4  entry2.o(.ARM.Collect$$$$00002712)
    .text                                    0x08000100   Section       36  startup_stm32f10x_md.o(.text)
    .text                                    0x08000124   Section        0  memcpya.o(.text)
    .text                                    0x08000148   Section        0  scanf.o(.text)
    .text                                    0x08000168   Section        0  uidiv.o(.text)
    .text                                    0x08000194   Section        0  uldiv.o(.text)
    .text                                    0x080001f6   Section        0  _scanf_longlong.o(.text)
    .text                                    0x0800034c   Section        0  _scanf_int.o(.text)
    .text                                    0x08000498   Section        0  _scanf_str.o(.text)
    _fp_value                                0x08000579   Thumb Code   296  scanf_fp.o(.text)
    .text                                    0x08000578   Section        0  scanf_fp.o(.text)
    .text                                    0x080008d8   Section        0  scanf_char_file.o(.text)
    .text                                    0x080008ec   Section        0  iusefp.o(.text)
    .text                                    0x080008ec   Section        0  dadd.o(.text)
    .text                                    0x08000a3a   Section        0  dmul.o(.text)
    .text                                    0x08000b1e   Section        0  ddiv.o(.text)
    .text                                    0x08000bfc   Section        0  dfixul.o(.text)
    .text                                    0x08000c2c   Section       48  cdrcmple.o(.text)
    .text                                    0x08000c5c   Section       36  init.o(.text)
    .text                                    0x08000c80   Section        0  fgetc_b.o(.text)
    .text                                    0x08000cac   Section        0  llshl.o(.text)
    .text                                    0x08000cca   Section        0  llushr.o(.text)
    .text                                    0x08000cea   Section        0  llsshr.o(.text)
    .text                                    0x08000d0e   Section        0  _chval.o(.text)
    _scanf_char_input                        0x08000d2d   Thumb Code    12  scanf_char.o(.text)
    .text                                    0x08000d2c   Section        0  scanf_char.o(.text)
    .text                                    0x08000d54   Section        0  depilogue.o(.text)
    .text                                    0x08000e0e   Section        0  dfltul.o(.text)
    .text                                    0x08000e26   Section        0  d2f.o(.text)
    .text                                    0x08000e5e   Section        0  semi.o(.text)
    .text                                    0x08000e5e   Section        0  isspace_c.o(.text)
    .text                                    0x08000e68   Section        0  _scanf.o(.text)
    .text                                    0x08001194   Section        0  iusesemig.o(.text)
    .text                                    0x08001194   Section        0  fepilogue.o(.text)
    .text                                    0x08001204   Section        0  ctype_c.o(.text)
    [Anonymous Symbol]                       0x0800122c   Section        0  dma.o(.text.DMA1_Channel4_IRQHandler)
    [Anonymous Symbol]                       0x0800133c   Section        0  main.o(.text.HardFault_Handler)
    SetSysClock                              0x08001351   Thumb Code     8  system_stm32f10x.o(.text.SetSysClock)
    [Anonymous Symbol]                       0x08001350   Section        0  system_stm32f10x.o(.text.SetSysClock)
    SetSysClockTo72                          0x08001359   Thumb Code   290  system_stm32f10x.o(.text.SetSysClockTo72)
    [Anonymous Symbol]                       0x08001358   Section        0  system_stm32f10x.o(.text.SetSysClockTo72)
    [Anonymous Symbol]                       0x0800147c   Section        0  system_stm32f10x.o(.text.SystemInit)
    [Anonymous Symbol]                       0x080014e4   Section        0  usart.o(.text.USART1_IRQHandler)
    [Anonymous Symbol]                       0x0800153c   Section        0  usb_core.o(.text.USB_LP_CAN1_RX0_IRQHandler)
    [Anonymous Symbol]                       0x080016ac   Section        0  main.o(.text.delay)
    [Anonymous Symbol]                       0x080016e8   Section        0  dma.o(.text.dmaSetAddr)
    [Anonymous Symbol]                       0x080016fc   Section        0  dma.o(.text.dmaSetNum)
    [Anonymous Symbol]                       0x08001714   Section        0  debug.o(.text.dumpBuffer)
    [Anonymous Symbol]                       0x08001758   Section        0  usart.o(.text.fgetc)
    [Anonymous Symbol]                       0x08001784   Section        0  usart.o(.text.fputc)
    [Anonymous Symbol]                       0x080017b4   Section        0  usb_app.o(.text.getConfigurationDescriptor)
    [Anonymous Symbol]                       0x080019a4   Section        0  usb_app.o(.text.getDeviceDescriptor)
    [Anonymous Symbol]                       0x08001a24   Section        0  usb_app.o(.text.getReportDescriptor)
    [Anonymous Symbol]                       0x08001b30   Section        0  usb_app.o(.text.getStringDescriptor)
    [Anonymous Symbol]                       0x08001cac   Section        0  usb_app.o(.text.init)
    [Anonymous Symbol]                       0x08001cb4   Section        0  gpio.o(.text.ledInit)
    [Anonymous Symbol]                       0x08001cd8   Section        0  gpio.o(.text.ledOff)
    [Anonymous Symbol]                       0x08001cec   Section        0  gpio.o(.text.ledOn)
    [Anonymous Symbol]                       0x08001d00   Section        0  main.o(.text.main)
    [Anonymous Symbol]                       0x08001db4   Section        0  usb_app.o(.text.sendReport)
    [Anonymous Symbol]                       0x08001e3c   Section        0  usb_app.o(.text.setAddress)
    [Anonymous Symbol]                       0x08001e54   Section        0  usart.o(.text.usartInit)
    usbClassSetIdle                          0x08001f35   Thumb Code    62  usb_core.o(.text.usbClassSetIdle)
    [Anonymous Symbol]                       0x08001f34   Section        0  usb_core.o(.text.usbClassSetIdle)
    usbEPxIn                                 0x08001f75   Thumb Code   224  usb_core.o(.text.usbEPxIn)
    [Anonymous Symbol]                       0x08001f74   Section        0  usb_core.o(.text.usbEPxIn)
    usbEPxOut                                0x08002055   Thumb Code   510  usb_core.o(.text.usbEPxOut)
    [Anonymous Symbol]                       0x08002054   Section        0  usb_core.o(.text.usbEPxOut)
    usbEPxSend                               0x08002255   Thumb Code   484  usb_core.o(.text.usbEPxSend)
    [Anonymous Symbol]                       0x08002254   Section        0  usb_core.o(.text.usbEPxSend)
    [Anonymous Symbol]                       0x08002438   Section        0  usb_core.o(.text.usbInit)
    usbReadPMA                               0x0800262d   Thumb Code    92  usb_core.o(.text.usbReadPMA)
    [Anonymous Symbol]                       0x0800262c   Section        0  usb_core.o(.text.usbReadPMA)
    usbResetHandler                          0x08002689   Thumb Code    70  usb_core.o(.text.usbResetHandler)
    [Anonymous Symbol]                       0x08002688   Section        0  usb_core.o(.text.usbResetHandler)
    usbSetup                                 0x080026d1   Thumb Code   504  usb_core.o(.text.usbSetup)
    [Anonymous Symbol]                       0x080026d0   Section        0  usb_core.o(.text.usbSetup)
    usbStandardClearFeature                  0x080028c9   Thumb Code    80  usb_core.o(.text.usbStandardClearFeature)
    [Anonymous Symbol]                       0x080028c8   Section        0  usb_core.o(.text.usbStandardClearFeature)
    usbStandardGetConfiguration              0x08002919   Thumb Code    62  usb_core.o(.text.usbStandardGetConfiguration)
    [Anonymous Symbol]                       0x08002918   Section        0  usb_core.o(.text.usbStandardGetConfiguration)
    usbStandardGetDescriptor                 0x08002959   Thumb Code   282  usb_core.o(.text.usbStandardGetDescriptor)
    [Anonymous Symbol]                       0x08002958   Section        0  usb_core.o(.text.usbStandardGetDescriptor)
    usbStandardGetInterface                  0x08002a75   Thumb Code    62  usb_core.o(.text.usbStandardGetInterface)
    [Anonymous Symbol]                       0x08002a74   Section        0  usb_core.o(.text.usbStandardGetInterface)
    usbStandardGetStatus                     0x08002ab5   Thumb Code    62  usb_core.o(.text.usbStandardGetStatus)
    [Anonymous Symbol]                       0x08002ab4   Section        0  usb_core.o(.text.usbStandardGetStatus)
    usbStandardSetAddress                    0x08002af5   Thumb Code   100  usb_core.o(.text.usbStandardSetAddress)
    [Anonymous Symbol]                       0x08002af4   Section        0  usb_core.o(.text.usbStandardSetAddress)
    usbStandardSetConfiguration              0x08002b59   Thumb Code    74  usb_core.o(.text.usbStandardSetConfiguration)
    [Anonymous Symbol]                       0x08002b58   Section        0  usb_core.o(.text.usbStandardSetConfiguration)
    usbStandardSetDescriptor                 0x08002ba5   Thumb Code    62  usb_core.o(.text.usbStandardSetDescriptor)
    [Anonymous Symbol]                       0x08002ba4   Section        0  usb_core.o(.text.usbStandardSetDescriptor)
    usbStandardSetFeature                    0x08002be5   Thumb Code    62  usb_core.o(.text.usbStandardSetFeature)
    [Anonymous Symbol]                       0x08002be4   Section        0  usb_core.o(.text.usbStandardSetFeature)
    usbStandardSetInterface                  0x08002c25   Thumb Code    62  usb_core.o(.text.usbStandardSetInterface)
    [Anonymous Symbol]                       0x08002c24   Section        0  usb_core.o(.text.usbStandardSetInterface)
    usbStandardSynchFrame                    0x08002c65   Thumb Code    62  usb_core.o(.text.usbStandardSynchFrame)
    [Anonymous Symbol]                       0x08002c64   Section        0  usb_core.o(.text.usbStandardSynchFrame)
    usbTransferHandler                       0x08002ca5   Thumb Code   250  usb_core.o(.text.usbTransferHandler)
    [Anonymous Symbol]                       0x08002ca4   Section        0  usb_core.o(.text.usbTransferHandler)
    [Anonymous Symbol]                       0x08002da0   Section        0  usb_core.o(.text.usbWritePMA)
    [Anonymous Symbol]                       0x08002dfc   Section        0  usb_app.o(.text.wcscpy)
    [Anonymous Symbol]                       0x08002e24   Section        0  usb_app.o(.text.wcslen)
    i.__0printf                              0x08002e48   Section        0  printfa.o(i.__0printf)
    i.__scatterload_copy                     0x08002e68   Section       14  handlers.o(i.__scatterload_copy)
    i.__scatterload_null                     0x08002e76   Section        2  handlers.o(i.__scatterload_null)
    i.__scatterload_zeroinit                 0x08002e78   Section       14  handlers.o(i.__scatterload_zeroinit)
    _fp_digits                               0x08002e89   Thumb Code   366  printfa.o(i._fp_digits)
    i._fp_digits                             0x08002e88   Section        0  printfa.o(i._fp_digits)
    i._is_digit                              0x0800300c   Section        0  scanf_fp.o(i._is_digit)
    _printf_core                             0x0800301d   Thumb Code  1744  printfa.o(i._printf_core)
    i._printf_core                           0x0800301c   Section        0  printfa.o(i._printf_core)
    _printf_post_padding                     0x080036f9   Thumb Code    36  printfa.o(i._printf_post_padding)
    i._printf_post_padding                   0x080036f8   Section        0  printfa.o(i._printf_post_padding)
    _printf_pre_padding                      0x0800371d   Thumb Code    46  printfa.o(i._printf_pre_padding)
    i._printf_pre_padding                    0x0800371c   Section        0  printfa.o(i._printf_pre_padding)
    .constdata                               0x0800374a   Section       64  ctype_c.o(.constdata)
    .L.str.5                                 0x0800378a   Data          56  main.o(.rodata.str1.1)
    [Anonymous Symbol]                       0x0800378a   Section        0  main.o(.rodata.str1.1)
    .L.str                                   0x080037c2   Data          20  main.o(.rodata.str1.1)
    .L.str.4                                 0x080037d6   Data          10  main.o(.rodata.str1.1)
    .L.str.3                                 0x080037e0   Data          10  main.o(.rodata.str1.1)
    .L.str.2                                 0x080037ea   Data          10  main.o(.rodata.str1.1)
    .L.str.1                                 0x080037f4   Data          12  main.o(.rodata.str1.1)
    .L.str.1                                 0x08003800   Data          19  usart.o(.rodata.str1.1)
    [Anonymous Symbol]                       0x08003800   Section        0  usart.o(.rodata.str1.1)
    .L.str.2                                 0x08003813   Data          19  usart.o(.rodata.str1.1)
    .L.str                                   0x08003826   Data           3  usart.o(.rodata.str1.1)
    .L.str                                   0x08003829   Data           6  debug.o(.rodata.str1.1)
    [Anonymous Symbol]                       0x08003829   Section        0  debug.o(.rodata.str1.1)
    .L.str.19                                0x0800382f   Data          18  usb_app.o(.rodata.str1.1)
    [Anonymous Symbol]                       0x0800382f   Section        0  usb_app.o(.rodata.str1.1)
    .L.str                                   0x08003841   Data          10  usb_app.o(.rodata.str1.1)
    .L.str.2                                 0x0800384b   Data          10  usb_app.o(.rodata.str1.1)
    .L.str.4                                 0x08003855   Data          10  usb_app.o(.rodata.str1.1)
    .L.str.6                                 0x0800385f   Data          10  usb_app.o(.rodata.str1.1)
    .L.str.8                                 0x08003869   Data          10  usb_app.o(.rodata.str1.1)
    .L.str.11                                0x08003873   Data           8  usb_app.o(.rodata.str1.1)
    .L.str.14                                0x0800387b   Data           8  usb_app.o(.rodata.str1.1)
    .L.str.13                                0x08003883   Data          10  usb_app.o(.rodata.str1.1)
    .L.str.15                                0x0800388d   Data          12  usb_app.o(.rodata.str1.1)
    .L.str.17                                0x08003899   Data          12  usb_app.o(.rodata.str1.1)
    .L.str.16                                0x080038a5   Data          12  usb_app.o(.rodata.str1.1)
    .L.str.18                                0x080038b1   Data          12  usb_app.o(.rodata.str1.1)
    .L.str.5                                 0x080038bd   Data          12  usb_core.o(.rodata.str1.1)
    [Anonymous Symbol]                       0x080038bd   Section        0  usb_core.o(.rodata.str1.1)
    .L.str.27                                0x080038c9   Data          13  usb_core.o(.rodata.str1.1)
    .L.str.26                                0x080038d6   Data          14  usb_core.o(.rodata.str1.1)
    .L.str.14                                0x080038e4   Data           6  usb_core.o(.rodata.str1.1)
    .L.str.15                                0x080038ea   Data           6  usb_core.o(.rodata.str1.1)
    .L.str.6                                 0x080038f0   Data           6  usb_core.o(.rodata.str1.1)
    .L.str.7                                 0x080038f6   Data           6  usb_core.o(.rodata.str1.1)
    .L.str.8                                 0x080038fc   Data           6  usb_core.o(.rodata.str1.1)
    .L.str.9                                 0x08003902   Data           6  usb_core.o(.rodata.str1.1)
    .L.str.10                                0x08003908   Data           6  usb_core.o(.rodata.str1.1)
    .L.str.28                                0x0800390e   Data          13  usb_core.o(.rodata.str1.1)
    .L.str.17                                0x0800391b   Data          25  usb_core.o(.rodata.str1.1)
    .L.str.24                                0x08003934   Data          25  usb_core.o(.rodata.str1.1)
    .L.str.25                                0x0800394d   Data          17  usb_core.o(.rodata.str1.1)
    .L.str.18                                0x0800395e   Data          23  usb_core.o(.rodata.str1.1)
    .L.str.19                                0x08003975   Data          25  usb_core.o(.rodata.str1.1)
    .L.str.20                                0x0800398e   Data          23  usb_core.o(.rodata.str1.1)
    .L.str.16                                0x080039a5   Data          29  usb_core.o(.rodata.str1.1)
    .L.str.23                                0x080039c2   Data          29  usb_core.o(.rodata.str1.1)
    .L.str.11                                0x080039df   Data           4  usb_core.o(.rodata.str1.1)
    .L.str.3                                 0x080039e3   Data           8  usb_core.o(.rodata.str1.1)
    .L.str.2                                 0x080039eb   Data           7  usb_core.o(.rodata.str1.1)
    .L.str.13                                0x080039f2   Data          26  usb_core.o(.rodata.str1.1)
    .L.str.22                                0x08003a0c   Data          26  usb_core.o(.rodata.str1.1)
    .L.str.21                                0x08003a26   Data          23  usb_core.o(.rodata.str1.1)
    .L.str.12                                0x08003a3d   Data          22  usb_core.o(.rodata.str1.1)
    .L.str                                   0x08003a53   Data           9  usb_core.o(.rodata.str1.1)
    .L.str.4                                 0x08003a5c   Data           7  usb_core.o(.rodata.str1.1)
    .L.str.1                                 0x08003a63   Data          10  usb_core.o(.rodata.str1.1)
    .L.str.1                                 0x08003a6b   Data           2  usb_core.o(.rodata.str1.1)
    .L.str.3                                 0x08003a6e   Data          32  usb_app.o(.rodata.str2.2)
    [Anonymous Symbol]                       0x08003a6e   Section        0  usb_app.o(.rodata.str2.2)
    .L.str.9                                 0x08003a8e   Data          52  usb_app.o(.rodata.str2.2)
    .L.str.10                                0x08003ac2   Data          46  usb_app.o(.rodata.str2.2)
    .L.str.7                                 0x08003af0   Data          28  usb_app.o(.rodata.str2.2)
    .L.str.5                                 0x08003b0c   Data          40  usb_app.o(.rodata.str2.2)
    .L.str.1                                 0x08003b34   Data          40  usb_app.o(.rodata.str2.2)
    .L.str.12                                0x08003b5c   Data           8  usb_app.o(.rodata.str2.2)
    .data                                    0x20000000   Section        4  stdin.o(.data)
    .data                                    0x20000004   Section        4  stdout.o(.data)
    ungetc_sp                                0x20000008   Data           1  fgetc_b.o(.data)
    .data                                    0x20000008   Section        3  fgetc_b.o(.data)
    ungetc_stack                             0x20000009   Data           2  fgetc_b.o(.data)
    endPoint0                                0x200000ac   Data          40  usb_app.o(.data.endPoint0)
    [Anonymous Symbol]                       0x200000ac   Section        0  usb_app.o(.data.endPoint0)
    endPoint1                                0x200000d4   Data           3  usb_app.o(.data.endPoint1)
    [Anonymous Symbol]                       0x200000d4   Section        0  usb_app.o(.data.endPoint1)
    endPoint2                                0x200000d7   Data           3  usb_app.o(.data.endPoint2)
    [Anonymous Symbol]                       0x200000d7   Section        0  usb_app.o(.data.endPoint2)
    readBuffer                               0x200000e9   Data          50  usb_app.o(.bss.readBuffer)
    [Anonymous Symbol]                       0x200000e9   Section        0  usb_app.o(.bss.readBuffer)
    writeBuffer                              0x20000503   Data         200  usb_app.o(.bss.writeBuffer)
    [Anonymous Symbol]                       0x20000503   Section        0  usb_app.o(.bss.writeBuffer)
    STACK                                    0x200005d0   Section     1536  startup_stm32f10x_md.o(STACK)

    Global Symbols

    Symbol Name                              Value     Ov Type        Size  Object(Section)

    BuildAttributes$$THM_ISAv4$P$D$K$B$S$PE$A:L22UL41UL21$X:L11$S22US41US21$IEEE1$IW$~IW$USESV6$~STKCKD$USESV7$~SHL$OTIME$ROPI$EBA8$MICROLIB$REQ8$PRES8$EABIv2 0x00000000   Number         0  anon$$obj.o ABSOLUTE
    __cpp_initialize__aeabi_                  - Undefined Weak Reference
    __cxa_finalize                            - Undefined Weak Reference
    __decompress                              - Undefined Weak Reference
    _clock_init                               - Undefined Weak Reference
    _microlib_exit                            - Undefined Weak Reference
    __Vectors_Size                           0x000000ec   Number         0  startup_stm32f10x_md.o ABSOLUTE
    __Vectors                                0x08000000   Data           4  startup_stm32f10x_md.o(RESET)
    __Vectors_End                            0x080000ec   Data           0  startup_stm32f10x_md.o(RESET)
    __main                                   0x080000ed   Thumb Code     0  entry.o(.ARM.Collect$$$$00000000)
    _main_stk                                0x080000ed   Thumb Code     0  entry2.o(.ARM.Collect$$$$00000001)
    _main_scatterload                        0x080000f1   Thumb Code     0  entry5.o(.ARM.Collect$$$$00000004)
    __main_after_scatterload                 0x080000f5   Thumb Code     0  entry5.o(.ARM.Collect$$$$00000004)
    _main_clock                              0x080000f5   Thumb Code     0  entry7b.o(.ARM.Collect$$$$00000008)
    _main_cpp_init                           0x080000f5   Thumb Code     0  entry8b.o(.ARM.Collect$$$$0000000A)
    _main_init                               0x080000f5   Thumb Code     0  entry9a.o(.ARM.Collect$$$$0000000B)
    __rt_final_cpp                           0x080000fd   Thumb Code     0  entry10a.o(.ARM.Collect$$$$0000000D)
    __rt_final_exit                          0x080000fd   Thumb Code     0  entry11a.o(.ARM.Collect$$$$0000000F)
    Reset_Handler                            0x08000101   Thumb Code     8  startup_stm32f10x_md.o(.text)
    NMI_Handler                              0x08000109   Thumb Code     2  startup_stm32f10x_md.o(.text)
    MemManage_Handler                        0x0800010d   Thumb Code     2  startup_stm32f10x_md.o(.text)
    BusFault_Handler                         0x0800010f   Thumb Code     2  startup_stm32f10x_md.o(.text)
    UsageFault_Handler                       0x08000111   Thumb Code     2  startup_stm32f10x_md.o(.text)
    SVC_Handler                              0x08000113   Thumb Code     2  startup_stm32f10x_md.o(.text)
    DebugMon_Handler                         0x08000115   Thumb Code     2  startup_stm32f10x_md.o(.text)
    PendSV_Handler                           0x08000117   Thumb Code     2  startup_stm32f10x_md.o(.text)
    SysTick_Handler                          0x08000119   Thumb Code     2  startup_stm32f10x_md.o(.text)
    ADC1_2_IRQHandler                        0x0800011b   Thumb Code     0  startup_stm32f10x_md.o(.text)
    CAN1_RX1_IRQHandler                      0x0800011b   Thumb Code     0  startup_stm32f10x_md.o(.text)
    CAN1_SCE_IRQHandler                      0x0800011b   Thumb Code     0  startup_stm32f10x_md.o(.text)
    DMA1_Channel1_IRQHandler                 0x0800011b   Thumb Code     0  startup_stm32f10x_md.o(.text)
    DMA1_Channel2_IRQHandler                 0x0800011b   Thumb Code     0  startup_stm32f10x_md.o(.text)
    DMA1_Channel3_IRQHandler                 0x0800011b   Thumb Code     0  startup_stm32f10x_md.o(.text)
    DMA1_Channel5_IRQHandler                 0x0800011b   Thumb Code     0  startup_stm32f10x_md.o(.text)
    DMA1_Channel6_IRQHandler                 0x0800011b   Thumb Code     0  startup_stm32f10x_md.o(.text)
    DMA1_Channel7_IRQHandler                 0x0800011b   Thumb Code     0  startup_stm32f10x_md.o(.text)
    EXTI0_IRQHandler                         0x0800011b   Thumb Code     0  startup_stm32f10x_md.o(.text)
    EXTI15_10_IRQHandler                     0x0800011b   Thumb Code     0  startup_stm32f10x_md.o(.text)
    EXTI1_IRQHandler                         0x0800011b   Thumb Code     0  startup_stm32f10x_md.o(.text)
    EXTI2_IRQHandler                         0x0800011b   Thumb Code     0  startup_stm32f10x_md.o(.text)
    EXTI3_IRQHandler                         0x0800011b   Thumb Code     0  startup_stm32f10x_md.o(.text)
    EXTI4_IRQHandler                         0x0800011b   Thumb Code     0  startup_stm32f10x_md.o(.text)
    EXTI9_5_IRQHandler                       0x0800011b   Thumb Code     0  startup_stm32f10x_md.o(.text)
    FLASH_IRQHandler                         0x0800011b   Thumb Code     0  startup_stm32f10x_md.o(.text)
    I2C1_ER_IRQHandler                       0x0800011b   Thumb Code     0  startup_stm32f10x_md.o(.text)
    I2C1_EV_IRQHandler                       0x0800011b   Thumb Code     0  startup_stm32f10x_md.o(.text)
    I2C2_ER_IRQHandler                       0x0800011b   Thumb Code     0  startup_stm32f10x_md.o(.text)
    I2C2_EV_IRQHandler                       0x0800011b   Thumb Code     0  startup_stm32f10x_md.o(.text)
    PVD_IRQHandler                           0x0800011b   Thumb Code     0  startup_stm32f10x_md.o(.text)
    RCC_IRQHandler                           0x0800011b   Thumb Code     0  startup_stm32f10x_md.o(.text)
    RTCAlarm_IRQHandler                      0x0800011b   Thumb Code     0  startup_stm32f10x_md.o(.text)
    RTC_IRQHandler                           0x0800011b   Thumb Code     0  startup_stm32f10x_md.o(.text)
    SPI1_IRQHandler                          0x0800011b   Thumb Code     0  startup_stm32f10x_md.o(.text)
    SPI2_IRQHandler                          0x0800011b   Thumb Code     0  startup_stm32f10x_md.o(.text)
    TAMPER_IRQHandler                        0x0800011b   Thumb Code     0  startup_stm32f10x_md.o(.text)
    TIM1_BRK_IRQHandler                      0x0800011b   Thumb Code     0  startup_stm32f10x_md.o(.text)
    TIM1_CC_IRQHandler                       0x0800011b   Thumb Code     0  startup_stm32f10x_md.o(.text)
    TIM1_TRG_COM_IRQHandler                  0x0800011b   Thumb Code     0  startup_stm32f10x_md.o(.text)
    TIM1_UP_IRQHandler                       0x0800011b   Thumb Code     0  startup_stm32f10x_md.o(.text)
    TIM2_IRQHandler                          0x0800011b   Thumb Code     0  startup_stm32f10x_md.o(.text)
    TIM3_IRQHandler                          0x0800011b   Thumb Code     0  startup_stm32f10x_md.o(.text)
    TIM4_IRQHandler                          0x0800011b   Thumb Code     0  startup_stm32f10x_md.o(.text)
    USART2_IRQHandler                        0x0800011b   Thumb Code     0  startup_stm32f10x_md.o(.text)
    USART3_IRQHandler                        0x0800011b   Thumb Code     0  startup_stm32f10x_md.o(.text)
    USBWakeUp_IRQHandler                     0x0800011b   Thumb Code     0  startup_stm32f10x_md.o(.text)
    USB_HP_CAN1_TX_IRQHandler                0x0800011b   Thumb Code     0  startup_stm32f10x_md.o(.text)
    WWDG_IRQHandler                          0x0800011b   Thumb Code     0  startup_stm32f10x_md.o(.text)
    __aeabi_memcpy                           0x08000125   Thumb Code    36  memcpya.o(.text)
    __aeabi_memcpy4                          0x08000125   Thumb Code     0  memcpya.o(.text)
    __aeabi_memcpy8                          0x08000125   Thumb Code     0  memcpya.o(.text)
    scanf                                    0x08000149   Thumb Code    26  scanf.o(.text)
    __aeabi_uidiv                            0x08000169   Thumb Code     0  uidiv.o(.text)
    __aeabi_uidivmod                         0x08000169   Thumb Code    44  uidiv.o(.text)
    __aeabi_uldivmod                         0x08000195   Thumb Code    98  uldiv.o(.text)
    _scanf_longlong                          0x080001f7   Thumb Code   342  _scanf_longlong.o(.text)
    _scanf_int                               0x0800034d   Thumb Code   332  _scanf_int.o(.text)
    _scanf_string                            0x08000499   Thumb Code   224  _scanf_str.o(.text)
    _scanf_real                              0x080006a1   Thumb Code     0  scanf_fp.o(.text)
    _scanf_really_real                       0x080006a1   Thumb Code   556  scanf_fp.o(.text)
    __vfscanf_char_file                      0x080008d9   Thumb Code    12  scanf_char_file.o(.text)
    __I$use$fp                               0x080008ed   Thumb Code     0  iusefp.o(.text)
    __aeabi_dadd                             0x080008ed   Thumb Code   322  dadd.o(.text)
    __aeabi_dsub                             0x08000a2f   Thumb Code     6  dadd.o(.text)
    __aeabi_drsub                            0x08000a35   Thumb Code     6  dadd.o(.text)
    __aeabi_dmul                             0x08000a3b   Thumb Code   228  dmul.o(.text)
    __aeabi_ddiv                             0x08000b1f   Thumb Code   222  ddiv.o(.text)
    __aeabi_d2ulz                            0x08000bfd   Thumb Code    48  dfixul.o(.text)
    __aeabi_cdrcmple                         0x08000c2d   Thumb Code    48  cdrcmple.o(.text)
    __scatterload                            0x08000c5d   Thumb Code    28  init.o(.text)
    __scatterload_rt2                        0x08000c5d   Thumb Code     0  init.o(.text)
    _fgetc$bs                                0x08000c81   Thumb Code    28  fgetc_b.o(.text)
    __backspace                              0x08000c9d   Thumb Code    10  fgetc_b.o(.text)
    __aeabi_llsl                             0x08000cad   Thumb Code    30  llshl.o(.text)
    _ll_shift_l                              0x08000cad   Thumb Code     0  llshl.o(.text)
    __aeabi_llsr                             0x08000ccb   Thumb Code    32  llushr.o(.text)
    _ll_ushift_r                             0x08000ccb   Thumb Code     0  llushr.o(.text)
    __aeabi_lasr                             0x08000ceb   Thumb Code    36  llsshr.o(.text)
    _ll_sshift_r                             0x08000ceb   Thumb Code     0  llsshr.o(.text)
    _chval                                   0x08000d0f   Thumb Code    28  _chval.o(.text)
    __vfscanf_char                           0x08000d39   Thumb Code    20  scanf_char.o(.text)
    _double_round                            0x08000d55   Thumb Code    30  depilogue.o(.text)
    _double_epilogue                         0x08000d73   Thumb Code   156  depilogue.o(.text)
    __aeabi_ul2d                             0x08000e0f   Thumb Code    24  dfltul.o(.text)
    __aeabi_d2f                              0x08000e27   Thumb Code    56  d2f.o(.text)
    __semihosting_library_function           0x08000e5f   Thumb Code     0  semi.o(.text)
    isspace                                  0x08000e5f   Thumb Code    10  isspace_c.o(.text)
    __vfscanf                                0x08000e69   Thumb Code   808  _scanf.o(.text)
    __I$use$semihosting$fgetc                0x08001195   Thumb Code     0  iusesemig.o(.text)
    _float_round                             0x08001195   Thumb Code    18  fepilogue.o(.text)
    _float_epilogue                          0x080011a7   Thumb Code    92  fepilogue.o(.text)
    __ctype_lookup                           0x08001205   Thumb Code    34  ctype_c.o(.text)
    DMA1_Channel4_IRQHandler                 0x0800122d   Thumb Code   270  dma.o(.text.DMA1_Channel4_IRQHandler)
    HardFault_Handler                        0x0800133d   Thumb Code    18  main.o(.text.HardFault_Handler)
    SystemInit                               0x0800147d   Thumb Code   102  system_stm32f10x.o(.text.SystemInit)
    USART1_IRQHandler                        0x080014e5   Thumb Code    86  usart.o(.text.USART1_IRQHandler)
    USB_LP_CAN1_RX0_IRQHandler               0x0800153d   Thumb Code   368  usb_core.o(.text.USB_LP_CAN1_RX0_IRQHandler)
    delay                                    0x080016ad   Thumb Code    60  main.o(.text.delay)
    dmaSetAddr                               0x080016e9   Thumb Code    18  dma.o(.text.dmaSetAddr)
    dmaSetNum                                0x080016fd   Thumb Code    22  dma.o(.text.dmaSetNum)
    dumpBuffer                               0x08001715   Thumb Code    68  debug.o(.text.dumpBuffer)
    fgetc                                    0x08001759   Thumb Code    42  usart.o(.text.fgetc)
    fputc                                    0x08001785   Thumb Code    46  usart.o(.text.fputc)
    getConfigurationDescriptor               0x080017b5   Thumb Code   494  usb_app.o(.text.getConfigurationDescriptor)
    getDeviceDescriptor                      0x080019a5   Thumb Code   128  usb_app.o(.text.getDeviceDescriptor)
    getReportDescriptor                      0x08001a25   Thumb Code   268  usb_app.o(.text.getReportDescriptor)
    getStringDescriptor                      0x08001b31   Thumb Code   380  usb_app.o(.text.getStringDescriptor)
    init                                     0x08001cad   Thumb Code     8  usb_app.o(.text.init)
    ledInit                                  0x08001cb5   Thumb Code    34  gpio.o(.text.ledInit)
    ledOff                                   0x08001cd9   Thumb Code    18  gpio.o(.text.ledOff)
    ledOn                                    0x08001ced   Thumb Code    18  gpio.o(.text.ledOn)
    main                                     0x08001d01   Thumb Code   180  main.o(.text.main)
    sendReport                               0x08001db5   Thumb Code   136  usb_app.o(.text.sendReport)
    setAddress                               0x08001e3d   Thumb Code    24  usb_app.o(.text.setAddress)
    usartInit                                0x08001e55   Thumb Code   222  usart.o(.text.usartInit)
    usbInit                                  0x08002439   Thumb Code   498  usb_core.o(.text.usbInit)
    usbWritePMA                              0x08002da1   Thumb Code    92  usb_core.o(.text.usbWritePMA)
    wcscpy                                   0x08002dfd   Thumb Code    40  usb_app.o(.text.wcscpy)
    wcslen                                   0x08002e25   Thumb Code    36  usb_app.o(.text.wcslen)
    __0printf                                0x08002e49   Thumb Code    22  printfa.o(i.__0printf)
    __1printf                                0x08002e49   Thumb Code     0  printfa.o(i.__0printf)
    __2printf                                0x08002e49   Thumb Code     0  printfa.o(i.__0printf)
    __c89printf                              0x08002e49   Thumb Code     0  printfa.o(i.__0printf)
    printf                                   0x08002e49   Thumb Code     0  printfa.o(i.__0printf)
    __scatterload_copy                       0x08002e69   Thumb Code    14  handlers.o(i.__scatterload_copy)
    __scatterload_null                       0x08002e77   Thumb Code     2  handlers.o(i.__scatterload_null)
    __scatterload_zeroinit                   0x08002e79   Thumb Code    14  handlers.o(i.__scatterload_zeroinit)
    _is_digit                                0x0800300d   Thumb Code    14  scanf_fp.o(i._is_digit)
    __ctype_categories                       0x0800374a   Data          64  ctype_c.o(.constdata)
    Region$$Table$$Base                      0x08003b64   Number         0  anon$$obj.o(Region$$Table)
    Region$$Table$$Limit                     0x08003b84   Number         0  anon$$obj.o(Region$$Table)
    __stdin                                  0x20000000   Data           4  stdin.o(.data)
    __stdout                                 0x20000004   Data           4  stdout.o(.data)
    ReportDescriptor_KEYBOARD                0x2000000b   Data          69  usb_hid.o(.data.ReportDescriptor_KEYBOARD)
    ReportDescriptor_MOUSE                   0x20000050   Data          54  usb_hid.o(.data.ReportDescriptor_MOUSE)
    app                                      0x20000088   Data          36  usb_app.o(.data.app)
    isDmaAvailable                           0x200000da   Data           1  dma.o(.data.isDmaAvailable)
    dataCount                                0x200000e0   Data           1  dma.o(.bss.dataCount)
    devReq                                   0x200000e4   Data           4  usb_core.o(.bss.devReq)
    pstart                                   0x200000e8   Data           1  dma.o(.bss.pstart)
    usartWrite                               0x2000011b   Data        1000  dma.o(.bss.usartWrite)
    __initial_sp                             0x20000bd0   Data           0  startup_stm32f10x_md.o(STACK)



==============================================================================

Memory Map of the image

  Image Entry point : 0x08000101

  Load Region LR_1 (Base: 0x08000000, Size: 0x00003c60, Max: 0xffffffff, ABSOLUTE)

    Execution Region ER_RO (Exec base: 0x08000000, Load base: 0x08000000, Size: 0x00003b84, Max: 0xffffffff, ABSOLUTE)

    Exec Addr    Load Addr    Size         Type   Attr      Idx    E Section Name        Object

    0x08000000   0x08000000   0x000000ec   Data   RO          174    RESET               startup_stm32f10x_md.o
    0x080000ec   0x080000ec   0x00000000   Code   RO          198  * .ARM.Collect$$$$00000000  mc_w.l(entry.o)
    0x080000ec   0x080000ec   0x00000004   Code   RO          235    .ARM.Collect$$$$00000001  mc_w.l(entry2.o)
    0x080000f0   0x080000f0   0x00000004   Code   RO          238    .ARM.Collect$$$$00000004  mc_w.l(entry5.o)
    0x080000f4   0x080000f4   0x00000000   Code   RO          240    .ARM.Collect$$$$00000008  mc_w.l(entry7b.o)
    0x080000f4   0x080000f4   0x00000000   Code   RO          242    .ARM.Collect$$$$0000000A  mc_w.l(entry8b.o)
    0x080000f4   0x080000f4   0x00000008   Code   RO          243    .ARM.Collect$$$$0000000B  mc_w.l(entry9a.o)
    0x080000fc   0x080000fc   0x00000000   Code   RO          245    .ARM.Collect$$$$0000000D  mc_w.l(entry10a.o)
    0x080000fc   0x080000fc   0x00000000   Code   RO          247    .ARM.Collect$$$$0000000F  mc_w.l(entry11a.o)
    0x080000fc   0x080000fc   0x00000004   Code   RO          236    .ARM.Collect$$$$00002712  mc_w.l(entry2.o)
    0x08000100   0x08000100   0x00000024   Code   RO          175  * .text               startup_stm32f10x_md.o
    0x08000124   0x08000124   0x00000024   Code   RO          201    .text               mc_w.l(memcpya.o)
    0x08000148   0x08000148   0x00000020   Code   RO          233    .text               mc_w.l(scanf.o)
    0x08000168   0x08000168   0x0000002c   Code   RO          260    .text               mc_w.l(uidiv.o)
    0x08000194   0x08000194   0x00000062   Code   RO          262    .text               mc_w.l(uldiv.o)
    0x080001f6   0x080001f6   0x00000156   Code   RO          264    .text               mc_w.l(_scanf_longlong.o)
    0x0800034c   0x0800034c   0x0000014c   Code   RO          266    .text               mc_w.l(_scanf_int.o)
    0x08000498   0x08000498   0x000000e0   Code   RO          268    .text               mc_w.l(_scanf_str.o)
    0x08000578   0x08000578   0x00000360   Code   RO          270    .text               mc_w.l(scanf_fp.o)
    0x080008d8   0x080008d8   0x00000014   Code   RO          274    .text               mc_w.l(scanf_char_file.o)
    0x080008ec   0x080008ec   0x00000000   Code   RO          276    .text               mc_w.l(iusefp.o)
    0x080008ec   0x080008ec   0x0000014e   Code   RO          277    .text               mf_w.l(dadd.o)
    0x08000a3a   0x08000a3a   0x000000e4   Code   RO          279    .text               mf_w.l(dmul.o)
    0x08000b1e   0x08000b1e   0x000000de   Code   RO          281    .text               mf_w.l(ddiv.o)
    0x08000bfc   0x08000bfc   0x00000030   Code   RO          283    .text               mf_w.l(dfixul.o)
    0x08000c2c   0x08000c2c   0x00000030   Code   RO          285    .text               mf_w.l(cdrcmple.o)
    0x08000c5c   0x08000c5c   0x00000024   Code   RO          287    .text               mc_w.l(init.o)
    0x08000c80   0x08000c80   0x0000002c   Code   RO          289    .text               mc_w.l(fgetc_b.o)
    0x08000cac   0x08000cac   0x0000001e   Code   RO          292    .text               mc_w.l(llshl.o)
    0x08000cca   0x08000cca   0x00000020   Code   RO          294    .text               mc_w.l(llushr.o)
    0x08000cea   0x08000cea   0x00000024   Code   RO          296    .text               mc_w.l(llsshr.o)
    0x08000d0e   0x08000d0e   0x0000001c   Code   RO          298    .text               mc_w.l(_chval.o)
    0x08000d2a   0x08000d2a   0x00000002   PAD
    0x08000d2c   0x08000d2c   0x00000028   Code   RO          300    .text               mc_w.l(scanf_char.o)
    0x08000d54   0x08000d54   0x000000ba   Code   RO          302    .text               mf_w.l(depilogue.o)
    0x08000e0e   0x08000e0e   0x00000018   Code   RO          304    .text               mf_w.l(dfltul.o)
    0x08000e26   0x08000e26   0x00000038   Code   RO          306    .text               mf_w.l(d2f.o)
    0x08000e5e   0x08000e5e   0x00000000   Code   RO          308    .text               mc_w.l(semi.o)
    0x08000e5e   0x08000e5e   0x0000000a   Code   RO          309    .text               mc_w.l(isspace_c.o)
    0x08000e68   0x08000e68   0x0000032c   Code   RO          311    .text               mc_w.l(_scanf.o)
    0x08001194   0x08001194   0x00000000   Code   RO          313    .text               mc_w.l(iusesemig.o)
    0x08001194   0x08001194   0x0000006e   Code   RO          314    .text               mf_w.l(fepilogue.o)
    0x08001202   0x08001202   0x00000002   PAD
    0x08001204   0x08001204   0x00000028   Code   RO          316    .text               mc_w.l(ctype_c.o)
    0x0800122c   0x0800122c   0x0000010e   Code   RO          160    .text.DMA1_Channel4_IRQHandler  dma.o
    0x0800133a   0x0800133a   0x00000002   PAD
    0x0800133c   0x0800133c   0x00000012   Code   RO            2    .text.HardFault_Handler  main.o
    0x0800134e   0x0800134e   0x00000002   PAD
    0x08001350   0x08001350   0x00000008   Code   RO          184    .text.SetSysClock   system_stm32f10x.o
    0x08001358   0x08001358   0x00000122   Code   RO          188    .text.SetSysClockTo72  system_stm32f10x.o
    0x0800147a   0x0800147a   0x00000002   PAD
    0x0800147c   0x0800147c   0x00000066   Code   RO          182    .text.SystemInit    system_stm32f10x.o
    0x080014e2   0x080014e2   0x00000002   PAD
    0x080014e4   0x080014e4   0x00000056   Code   RO           42    .text.USART1_IRQHandler  usart.o
    0x0800153a   0x0800153a   0x00000002   PAD
    0x0800153c   0x0800153c   0x00000170   Code   RO           98    .text.USB_LP_CAN1_RX0_IRQHandler  usb_core.o
    0x080016ac   0x080016ac   0x0000003c   Code   RO            6    .text.delay         main.o
    0x080016e8   0x080016e8   0x00000012   Code   RO          158    .text.dmaSetAddr    dma.o
    0x080016fa   0x080016fa   0x00000002   PAD
    0x080016fc   0x080016fc   0x00000016   Code   RO          156    .text.dmaSetNum     dma.o
    0x08001712   0x08001712   0x00000002   PAD
    0x08001714   0x08001714   0x00000044   Code   RO           52    .text.dumpBuffer    debug.o
    0x08001758   0x08001758   0x0000002a   Code   RO           40    .text.fgetc         usart.o
    0x08001782   0x08001782   0x00000002   PAD
    0x08001784   0x08001784   0x0000002e   Code   RO           38    .text.fputc         usart.o
    0x080017b2   0x080017b2   0x00000002   PAD
    0x080017b4   0x080017b4   0x000001ee   Code   RO           71    .text.getConfigurationDescriptor  usb_app.o
    0x080019a2   0x080019a2   0x00000002   PAD
    0x080019a4   0x080019a4   0x00000080   Code   RO           69    .text.getDeviceDescriptor  usb_app.o
    0x08001a24   0x08001a24   0x0000010c   Code   RO           75    .text.getReportDescriptor  usb_app.o
    0x08001b30   0x08001b30   0x0000017c   Code   RO           73    .text.getStringDescriptor  usb_app.o
    0x08001cac   0x08001cac   0x00000008   Code   RO           65    .text.init          usb_app.o
    0x08001cb4   0x08001cb4   0x00000022   Code   RO           19    .text.ledInit       gpio.o
    0x08001cd6   0x08001cd6   0x00000002   PAD
    0x08001cd8   0x08001cd8   0x00000012   Code   RO           23    .text.ledOff        gpio.o
    0x08001cea   0x08001cea   0x00000002   PAD
    0x08001cec   0x08001cec   0x00000012   Code   RO           21    .text.ledOn         gpio.o
    0x08001cfe   0x08001cfe   0x00000002   PAD
    0x08001d00   0x08001d00   0x000000b4   Code   RO            4    .text.main          main.o
    0x08001db4   0x08001db4   0x00000088   Code   RO           77    .text.sendReport    usb_app.o
    0x08001e3c   0x08001e3c   0x00000018   Code   RO           67    .text.setAddress    usb_app.o
    0x08001e54   0x08001e54   0x000000de   Code   RO           32    .text.usartInit     usart.o
    0x08001f32   0x08001f32   0x00000002   PAD
    0x08001f34   0x08001f34   0x0000003e   Code   RO          134    .text.usbClassSetIdle  usb_core.o
    0x08001f72   0x08001f72   0x00000002   PAD
    0x08001f74   0x08001f74   0x000000e0   Code   RO          104    .text.usbEPxIn      usb_core.o
    0x08002054   0x08002054   0x000001fe   Code   RO          102    .text.usbEPxOut     usb_core.o
    0x08002252   0x08002252   0x00000002   PAD
    0x08002254   0x08002254   0x000001e4   Code   RO          114    .text.usbEPxSend    usb_core.o
    0x08002438   0x08002438   0x000001f2   Code   RO           96    .text.usbInit       usb_core.o
    0x0800262a   0x0800262a   0x00000002   PAD
    0x0800262c   0x0800262c   0x0000005c   Code   RO          108    .text.usbReadPMA    usb_core.o
    0x08002688   0x08002688   0x00000046   Code   RO          136    .text.usbResetHandler  usb_core.o
    0x080026ce   0x080026ce   0x00000002   PAD
    0x080026d0   0x080026d0   0x000001f8   Code   RO          106    .text.usbSetup      usb_core.o
    0x080028c8   0x080028c8   0x00000050   Code   RO          122    .text.usbStandardClearFeature  usb_core.o
    0x08002918   0x08002918   0x0000003e   Code   RO          116    .text.usbStandardGetConfiguration  usb_core.o
    0x08002956   0x08002956   0x00000002   PAD
    0x08002958   0x08002958   0x0000011a   Code   RO          112    .text.usbStandardGetDescriptor  usb_core.o
    0x08002a72   0x08002a72   0x00000002   PAD
    0x08002a74   0x08002a74   0x0000003e   Code   RO          118    .text.usbStandardGetInterface  usb_core.o
    0x08002ab2   0x08002ab2   0x00000002   PAD
    0x08002ab4   0x08002ab4   0x0000003e   Code   RO          110    .text.usbStandardGetStatus  usb_core.o
    0x08002af2   0x08002af2   0x00000002   PAD
    0x08002af4   0x08002af4   0x00000064   Code   RO          126    .text.usbStandardSetAddress  usb_core.o
    0x08002b58   0x08002b58   0x0000004a   Code   RO          130    .text.usbStandardSetConfiguration  usb_core.o
    0x08002ba2   0x08002ba2   0x00000002   PAD
    0x08002ba4   0x08002ba4   0x0000003e   Code   RO          128    .text.usbStandardSetDescriptor  usb_core.o
    0x08002be2   0x08002be2   0x00000002   PAD
    0x08002be4   0x08002be4   0x0000003e   Code   RO          124    .text.usbStandardSetFeature  usb_core.o
    0x08002c22   0x08002c22   0x00000002   PAD
    0x08002c24   0x08002c24   0x0000003e   Code   RO          132    .text.usbStandardSetInterface  usb_core.o
    0x08002c62   0x08002c62   0x00000002   PAD
    0x08002c64   0x08002c64   0x0000003e   Code   RO          120    .text.usbStandardSynchFrame  usb_core.o
    0x08002ca2   0x08002ca2   0x00000002   PAD
    0x08002ca4   0x08002ca4   0x000000fa   Code   RO          100    .text.usbTransferHandler  usb_core.o
    0x08002d9e   0x08002d9e   0x00000002   PAD
    0x08002da0   0x08002da0   0x0000005c   Code   RO           94    .text.usbWritePMA   usb_core.o
    0x08002dfc   0x08002dfc   0x00000028   Code   RO           61    .text.wcscpy        usb_app.o
    0x08002e24   0x08002e24   0x00000024   Code   RO           63    .text.wcslen        usb_app.o
    0x08002e48   0x08002e48   0x00000020   Code   RO          206    i.__0printf         mc_w.l(printfa.o)
    0x08002e68   0x08002e68   0x0000000e   Code   RO          321    i.__scatterload_copy  mc_w.l(handlers.o)
    0x08002e76   0x08002e76   0x00000002   Code   RO          322    i.__scatterload_null  mc_w.l(handlers.o)
    0x08002e78   0x08002e78   0x0000000e   Code   RO          323    i.__scatterload_zeroinit  mc_w.l(handlers.o)
    0x08002e86   0x08002e86   0x00000002   PAD
    0x08002e88   0x08002e88   0x00000184   Code   RO          213    i._fp_digits        mc_w.l(printfa.o)
    0x0800300c   0x0800300c   0x0000000e   Code   RO          272    i._is_digit         mc_w.l(scanf_fp.o)
    0x0800301a   0x0800301a   0x00000002   PAD
    0x0800301c   0x0800301c   0x000006dc   Code   RO          214    i._printf_core      mc_w.l(printfa.o)
    0x080036f8   0x080036f8   0x00000024   Code   RO          215    i._printf_post_padding  mc_w.l(printfa.o)
    0x0800371c   0x0800371c   0x0000002e   Code   RO          216    i._printf_pre_padding  mc_w.l(printfa.o)
    0x0800374a   0x0800374a   0x00000040   Data   RO          317    .constdata          mc_w.l(ctype_c.o)
    0x0800378a   0x0800378a   0x00000076   Data   RO            9    .rodata.str1.1      main.o
    0x08003800   0x08003800   0x00000029   Data   RO           44    .rodata.str1.1      usart.o
    0x08003829   0x08003829   0x00000006   Data   RO           54    .rodata.str1.1      debug.o
    0x0800382f   0x0800382f   0x0000008e   Data   RO           81    .rodata.str1.1      usb_app.o
    0x080038bd   0x080038bd   0x000001b0   Data   RO          139    .rodata.str1.1      usb_core.o
    0x08003a6d   0x08003a6d   0x00000001   PAD
    0x08003a6e   0x08003a6e   0x000000f6   Data   RO           82    .rodata.str2.2      usb_app.o
    0x08003b64   0x08003b64   0x00000020   Data   RO          320    Region$$Table       anon$$obj.o


    Execution Region ER_RW (Exec base: 0x20000000, Load base: 0x08003b84, Size: 0x000000dc, Max: 0xffffffff, ABSOLUTE)

    Exec Addr    Load Addr    Size         Type   Attr      Idx    E Section Name        Object

    0x20000000   0x08003b84   0x00000004   Data   RW          249    .data               mc_w.l(stdin.o)
    0x20000004   0x08003b88   0x00000004   Data   RW          250    .data               mc_w.l(stdout.o)
    0x20000008   0x08003b8c   0x00000003   Data   RW          290    .data               mc_w.l(fgetc_b.o)
    0x2000000b   0x08003b8f   0x00000045   Data   RW          147    .data.ReportDescriptor_KEYBOARD  usb_hid.o
    0x20000050   0x08003bd4   0x00000036   Data   RW          148    .data.ReportDescriptor_MOUSE  usb_hid.o
    0x20000086   0x08003c0a   0x00000002   PAD
    0x20000088   0x08003c0c   0x00000024   Data   RW           79    .data.app           usb_app.o
    0x200000ac   0x08003c30   0x00000028   Data   RW           84    .data.endPoint0     usb_app.o
    0x200000d4   0x08003c58   0x00000003   Data   RW           85    .data.endPoint1     usb_app.o
    0x200000d7   0x08003c5b   0x00000003   Data   RW           86    .data.endPoint2     usb_app.o
    0x200000da   0x08003c5e   0x00000001   Data   RW          164    .data.isDmaAvailable  dma.o


    Execution Region ER_ZI (Exec base: 0x200000e0, Load base: 0x08003c60, Size: 0x00000af0, Max: 0xffffffff, ABSOLUTE)

    Exec Addr    Load Addr    Size         Type   Attr      Idx    E Section Name        Object

    0x200000e0        -       0x00000001   Zero   RW          163    .bss.dataCount      dma.o
    0x200000e1   0x08003c60   0x00000003   PAD
    0x200000e4        -       0x00000004   Zero   RW          138    .bss.devReq         usb_core.o
    0x200000e8        -       0x00000001   Zero   RW          162    .bss.pstart         dma.o
    0x200000e9        -       0x00000032   Zero   RW           83    .bss.readBuffer     usb_app.o
    0x2000011b        -       0x000003e8   Zero   RW          165    .bss.usartWrite     dma.o
    0x20000503        -       0x000000c8   Zero   RW           80    .bss.writeBuffer    usb_app.o
    0x200005cb   0x08003c60   0x00000005   PAD
    0x200005d0        -       0x00000600   Zero   RW          172    STACK               startup_stm32f10x_md.o


==============================================================================

Image component sizes


      Code (inc. data)   RO Data    RW Data    ZI Data      Debug   Object Name

        68          0          6          0          0        535   debug.o
       310          0          0          1       1002       2654   dma.o
        70          0          0          0          0        944   gpio.o
       258          0        118          0          0       1433   main.o
        36          8        236          0       1536        820   startup_stm32f10x_md.o
       400          0          0          0          0       2805   system_stm32f10x.o
       396          0         41          0          0       2517   usart.o
      1514          6        388         82        250       6646   usb_app.o
      4124         30        432          0          4       6709   usb_core.o
         0          0          0        123          0        411   usb_hid.o

    ----------------------------------------------------------------------
      7232         44       1254        209       2800      25474   Object Totals
         0          0         32          0          0          0   (incl. Generated)
        56          0          1          3          8          0   (incl. Padding)

    ----------------------------------------------------------------------

      Code (inc. data)   RO Data    RW Data    ZI Data      Debug   Library Member Name

        28          0          0          0          0         68   _chval.o
       812          4          0          0          0        112   _scanf.o
       332          0          0          0          0         96   _scanf_int.o
       342          0          0          0          0        100   _scanf_longlong.o
       224          0          0          0          0         96   _scanf_str.o
        40          6         64          0          0         68   ctype_c.o
         0          0          0          0          0          0   entry.o
         0          0          0          0          0          0   entry10a.o
         0          0          0          0          0          0   entry11a.o
         8          4          0          0          0          0   entry2.o
         4          0          0          0          0          0   entry5.o
         0          0          0          0          0          0   entry7b.o
         0          0          0          0          0          0   entry8b.o
         8          4          0          0          0          0   entry9a.o
        44          6          0          3          0        144   fgetc_b.o
        30          0          0          0          0          0   handlers.o
        36          8          0          0          0         68   init.o
        10          0          0          0          0         68   isspace_c.o
         0          0          0          0          0          0   iusefp.o
         0          0          0          0          0          0   iusesemig.o
        30          0          0          0          0         68   llshl.o
        36          0          0          0          0         68   llsshr.o
        32          0          0          0          0         68   llushr.o
        36          0          0          0          0         68   memcpya.o
      2258         90          0          0          0        452   printfa.o
        32          6          0          0          0         84   scanf.o
        40          8          0          0          0         84   scanf_char.o
        20          8          0          0          0         68   scanf_char_file.o
       878         12          0          0          0        216   scanf_fp.o
         0          0          0          0          0          0   semi.o
         0          0          0          4          0          0   stdin.o
         0          0          0          4          0          0   stdout.o
        44          0          0          0          0         80   uidiv.o
        98          0          0          0          0         92   uldiv.o
        48          0          0          0          0         68   cdrcmple.o
        56          0          0          0          0         88   d2f.o
       334          0          0          0          0        148   dadd.o
       222          0          0          0          0        100   ddiv.o
       186          0          0          0          0        176   depilogue.o
        48          0          0          0          0         68   dfixul.o
        24          0          0          0          0         76   dfltul.o
       228          0          0          0          0         96   dmul.o
       110          0          0          0          0        168   fepilogue.o

    ----------------------------------------------------------------------
      6686        156         64         11          0       3156   Library Totals
         8          0          0          0          0          0   (incl. Padding)

    ----------------------------------------------------------------------

      Code (inc. data)   RO Data    RW Data    ZI Data      Debug   Library Name

      5422        156         64         11          0       2168   mc_w.l
      1256          0          0          0          0        988   mf_w.l

    ----------------------------------------------------------------------
      6686        156         64         11          0       3156   Library Totals

    ----------------------------------------------------------------------

==============================================================================


      Code (inc. data)   RO Data    RW Data    ZI Data      Debug   

     13918        200       1318        220       2800      26978   Grand Totals
     13918        200       1318        220       2800      26978   ELF Image Totals
     13918        200       1318        220          0          0   ROM Totals

==============================================================================

    Total RO  Size (Code + RO Data)                15236 (  14.88kB)
    Total RW  Size (RW Data + ZI Data)              3020 (   2.95kB)
    Total ROM Size (Code + RO Data + RW Data)      15456 (  15.09kB)

==============================================================================

