<html>
<body>
<pre>
<h1>µVision Build Log</h1>
<h2>Tool Versions:</h2>
IDE-Version: ¦ÌVision V5.36.0.0
Copyright (C) 2021 ARM Ltd and ARM Germany GmbH. All rights reserved.
License Information: wonder xue, wonderxue, LIC=----
 
Tool Versions:
Toolchain:       MDK-Lite  Version: 5.36.0.0
Toolchain Path:  D:\MDK\core\ARM\ARMCLANG\Bin
C Compiler:      ArmClang.exe V6.16
Assembler:       Armasm.exe V6.16
Linker/Locator:  ArmLink.exe V6.16
Library Manager: ArmAr.exe V6.16
Hex Converter:   FromElf.exe V6.16
CPU DLL:         SARMCM3.DLL V5.36.0.0
Dialog DLL:      DCM.DLL V1.17.3.0
Target DLL:      STLink\ST-LINKIII-KEIL_SWO.dll V3.0.9.0
Dialog DLL:      TCM.DLL V1.53.0.0
 
<h2>Project:</h2>
C:\Users\33209\Desktop\usb\keyboardWithMouse2\usb.uvprojx
Project File Date:  02/09/2022

<h2>Output:</h2>
*** Using Compiler 'V6.16', folder: 'D:\MDK\core\ARM\ARMCLANG\Bin'
Rebuild target 'Target 1'
compiling usb_hid.c...
compiling usart.c...
compiling gpio.c...
compiling main.c...
compiling debug.c...
usb_app.c(71): warning: incompatible pointer types initializing 'USB_InterfaceDescriptor *' with an expression of type 'USB_ConfigurationDescriptor *' [-Wincompatible-pointer-types]
    USB_InterfaceDescriptor *pinterface = pconfig + 1;
                             ^            ~~~~~~~~~~~
usb_app.c(82): warning: incompatible pointer types initializing 'USB_HIDDescriptor *' with an expression of type 'USB_InterfaceDescriptor *' [-Wincompatible-pointer-types]
    USB_HIDDescriptor *phid = pinterface + 1;
                       ^      ~~~~~~~~~~~~~~
usb_app.c(91): warning: incompatible pointer types initializing 'USB_EndpointDescriptor *' with an expression of type 'USB_HIDDescriptor *' [-Wincompatible-pointer-types]
    USB_EndpointDescriptor *pendpoint = phid + 1;
                            ^           ~~~~~~~~
usb_app.c(106): warning: incompatible pointer types assigning to 'USB_InterfaceDescriptor *' from 'USB_EndpointDescriptor *' [-Wincompatible-pointer-types]
    pinterface = pendpoint + 2;
               ^ ~~~~~~~~~~~~~
usb_app.c(117): warning: incompatible pointer types assigning to 'USB_HIDDescriptor *' from 'USB_InterfaceDescriptor *' [-Wincompatible-pointer-types]
    phid = pinterface + 1;
         ^ ~~~~~~~~~~~~~~
usb_app.c(126): warning: incompatible pointer types assigning to 'USB_EndpointDescriptor *' from 'USB_HIDDescriptor *' [-Wincompatible-pointer-types]
    pendpoint = phid + 1;
              ^ ~~~~~~~~
usb_app.c(231): warning: non-void function does not return a value in all control paths [-Wreturn-type]
}
^
usb_app.c(244): warning: incompatible pointer types initializing 'USB_DeviceDescriptor *' with an expression of type 'unsigned char [200]' [-Wincompatible-pointer-types]
        .deviceDescriptor = writeBuffer,
                            ^~~~~~~~~~~
usb_app.c(245): warning: incompatible pointer types initializing 'USB_ConfigurationDescriptor *' with an expression of type 'unsigned char [200]' [-Wincompatible-pointer-types]
        .configDescriptor = writeBuffer,
                            ^~~~~~~~~~~
usb_app.c(246): warning: incompatible pointer types initializing 'USB_StringDescriptor *' with an expression of type 'unsigned char [200]' [-Wincompatible-pointer-types]
        .stringDescriptor = writeBuffer,
                            ^~~~~~~~~~~
usb_app.c(247): warning: incompatible pointer types initializing 'HID_ReportDescriptor *' with an expression of type 'unsigned char [200]' [-Wincompatible-pointer-types]
        .reportDescriptor = writeBuffer,
                            ^~~~~~~~~~~
11 warnings generated.
compiling usb_app.c...
usb_core.c(36): warning: incompatible integer to pointer conversion initializing 'const unsigned short *' with an expression of type 'int' [-Wint-conversion]
    const unsigned short *pPMA = USB_PMA + addr * 2;
                          ^      ~~~~~~~~~~~~~~~~~~
usb_core.c(54): warning: incompatible integer to pointer conversion initializing 'unsigned short *' with an expression of type 'int' [-Wint-conversion]
    unsigned short *pPMA = USB_PMA + addr * 2;
                    ^      ~~~~~~~~~~~~~~~~~~
usb_core.c(74): warning: incompatible pointer types assigning to 'const USB_DeviceRequest *' from 'unsigned char *' [-Wincompatible-pointer-types]
    devReq = app.pread;
           ^ ~~~~~~~~~
3 warnings generated.
compiling usb_core.c...
dma.c(13): warning: incompatible pointer to integer conversion assigning to 'volatile unsigned int' from 'volatile unsigned int *'; remove & [-Wint-conversion]
    DMA->CPAR4 = &(USART1->DR);
               ^ ~~~~~~~~~~~~~
dma.c(49): warning: incompatible pointer to integer conversion passing 'unsigned char *' to parameter of type 'unsigned int' [-Wint-conversion]
        dmaSetAddr(usartWrite+pstart);
                   ^~~~~~~~~~~~~~~~~
dma.c(26): note: passing argument to parameter 'addr' here
void dmaSetAddr(unsigned int addr)
                             ^
dma.c(58): warning: incompatible pointer to integer conversion passing 'unsigned char *' to parameter of type 'unsigned int' [-Wint-conversion]
        dmaSetAddr(usartWrite+pstart);
                   ^~~~~~~~~~~~~~~~~
dma.c(26): note: passing argument to parameter 'addr' here
void dmaSetAddr(unsigned int addr)
                             ^
3 warnings generated.
compiling dma.c...
compiling system_stm32f10x.c...
assembling startup_stm32f10x_md.s...
linking...
Program Size: Code=13918 RO-data=1318 RW-data=220 ZI-data=2800  
".\Objects\usb.axf" - 0 Error(s), 17 Warning(s).

<h2>Software Packages used:</h2>

Package Vendor: ARM
                http://www.keil.com/pack/ARM.CMSIS.5.8.0.pack
                ARM.CMSIS.5.8.0
                CMSIS (Common Microcontroller Software Interface Standard)
   * Component: CORE Version: 5.5.0

Package Vendor: Keil
                http://www.keil.com/pack/Keil.STM32F1xx_DFP.2.4.0.pack
                Keil.STM32F1xx_DFP.2.4.0
                STMicroelectronics STM32F1 Series Device Support, Drivers and Examples
   * Component: Startup Version: 1.0.0

<h2>Collection of Component include folders:</h2>
  .\RTE\Device\STM32F103C8
  .\RTE\_Target_1
  D:\MDK\package\ARM\CMSIS\5.8.0\CMSIS\Core\Include
  D:\MDK\package\Keil\STM32F1xx_DFP\2.4.0\Device\Include

<h2>Collection of Component Files used:</h2>

   * Component: ARM::CMSIS:CORE:5.5.0

   * Component: Keil::Device:Startup:1.0.0
      Source file:   Device\Source\ARM\startup_stm32f10x_md.s
      Include file:  RTE_Driver\Config\RTE_Device.h
      Source file:   Device\Source\system_stm32f10x.c
      Source file:   Device\Source\ARM\STM32F1xx_OPT.s
Build Time Elapsed:  00:00:02
</pre>
</body>
</html>
