Component: ARM Compiler 6.16 Tool: armlink [5dfeaa00]

==============================================================================

Section Cross References

    main.o(.text.main) refers to usart.o(.text.usartInit) for usartInit
    main.o(.text.main) refers to main.o(.rodata.str1.1) for .L.str
    main.o(.text.main) refers to printfa.o(i.__0printf) for printf
    main.o(.text.main) refers to gpio.o(.text.ledInit) for ledInit
    main.o(.text.main) refers to gpio.o(.text.ledOff) for ledOff
    main.o(.text.main) refers to usb_app.o(.data.app) for app
    main.o(.text.main) refers to main.o(.text.delay) for delay
    main.o(.text.main) refers to main.o(.data.main.temp) for main.temp
    main.o(.ARM.exidx.text.main) refers to main.o(.text.main) for [Anonymous Symbol]
    main.o(.ARM.exidx.text.delay) refers to main.o(.text.delay) for [Anonymous Symbol]
    gpio.o(.ARM.exidx.text.ledInit) refers to gpio.o(.text.ledInit) for [Anonymous Symbol]
    gpio.o(.ARM.exidx.text.ledOn) refers to gpio.o(.text.ledOn) for [Anonymous Symbol]
    gpio.o(.ARM.exidx.text.ledOff) refers to gpio.o(.text.ledOff) for [Anonymous Symbol]
    usart.o(.ARM.exidx.text.usartInit) refers to usart.o(.text.usartInit) for [Anonymous Symbol]
    usart.o(.ARM.exidx.text.sendByte) refers to usart.o(.text.sendByte) for [Anonymous Symbol]
    usart.o(.ARM.exidx.text.receiveByte) refers to usart.o(.text.receiveByte) for [Anonymous Symbol]
    usart.o(.ARM.exidx.text.fputc) refers to usart.o(.text.fputc) for [Anonymous Symbol]
    usart.o(.ARM.exidx.text.fgetc) refers to usart.o(.text.fgetc) for [Anonymous Symbol]
    usart.o(.text.USART1_IRQHandler) refers to usart.o(.rodata.str1.1) for .L.str
    usart.o(.text.USART1_IRQHandler) refers to scanf.o(.text) for scanf
    usart.o(.text.USART1_IRQHandler) refers to printfa.o(i.__0printf) for printf
    usart.o(.ARM.exidx.text.USART1_IRQHandler) refers to usart.o(.text.USART1_IRQHandler) for [Anonymous Symbol]
    debug.o(.text.dumpBuffer) refers to debug.o(.rodata.str1.1) for .L.str
    debug.o(.text.dumpBuffer) refers to printfa.o(i.__0printf) for printf
    debug.o(.ARM.exidx.text.dumpBuffer) refers to debug.o(.text.dumpBuffer) for [Anonymous Symbol]
    usb_app.o(.ARM.exidx.text.wcscpy) refers to usb_app.o(.text.wcscpy) for [Anonymous Symbol]
    usb_app.o(.ARM.exidx.text.wcslen) refers to usb_app.o(.text.wcslen) for [Anonymous Symbol]
    usb_app.o(.text.init) refers to usb_core.o(.text.usbInit) for usbInit
    usb_app.o(.ARM.exidx.text.init) refers to usb_app.o(.text.init) for [Anonymous Symbol]
    usb_app.o(.text.setAddress) refers to usb_app.o(.data.app) for app
    usb_app.o(.ARM.exidx.text.setAddress) refers to usb_app.o(.text.setAddress) for [Anonymous Symbol]
    usb_app.o(.text.getDeviceDescriptor) refers to usb_app.o(.data.app) for app
    usb_app.o(.text.getDeviceDescriptor) refers to usb_app.o(.bss.writeBuffer) for writeBuffer
    usb_app.o(.ARM.exidx.text.getDeviceDescriptor) refers to usb_app.o(.text.getDeviceDescriptor) for [Anonymous Symbol]
    usb_app.o(.text.getConfigurationDescriptor) refers to usb_app.o(.data.app) for app
    usb_app.o(.text.getConfigurationDescriptor) refers to usb_app.o(.bss.writeBuffer) for writeBuffer
    usb_app.o(.ARM.exidx.text.getConfigurationDescriptor) refers to usb_app.o(.text.getConfigurationDescriptor) for [Anonymous Symbol]
    usb_app.o(.text.getStringDescriptor) refers to usb_app.o(.data.app) for app
    usb_app.o(.text.getStringDescriptor) refers to usb_app.o(.bss.writeBuffer) for writeBuffer
    usb_app.o(.text.getStringDescriptor) refers to usb_app.o(.rodata.str2.2) for .L.str.1
    usb_app.o(.text.getStringDescriptor) refers to usb_app.o(.text.wcscpy) for wcscpy
    usb_app.o(.text.getStringDescriptor) refers to usb_app.o(.text.wcslen) for wcslen
    usb_app.o(.ARM.exidx.text.getStringDescriptor) refers to usb_app.o(.text.getStringDescriptor) for [Anonymous Symbol]
    usb_app.o(.text.getReportDescriptor) refers to usb_app.o(.data.app) for app
    usb_app.o(.text.getReportDescriptor) refers to usb_app.o(.bss.writeBuffer) for writeBuffer
    usb_app.o(.text.getReportDescriptor) refers to usb_hid.o(.data.ReportDescriptor) for ReportDescriptor
    usb_app.o(.text.getReportDescriptor) refers to memcpya.o(.text) for __aeabi_memcpy
    usb_app.o(.ARM.exidx.text.getReportDescriptor) refers to usb_app.o(.text.getReportDescriptor) for [Anonymous Symbol]
    usb_app.o(.text.sendReport) refers to usb_app.o(.data.app) for app
    usb_app.o(.text.sendReport) refers to usb_app.o(.bss.writeBuffer) for writeBuffer
    usb_app.o(.text.sendReport) refers to usb_core.o(.text.usbWritePMA) for usbWritePMA
    usb_app.o(.ARM.exidx.text.sendReport) refers to usb_app.o(.text.sendReport) for [Anonymous Symbol]
    usb_app.o(.data.app) refers to usb_app.o(.bss.readBuffer) for readBuffer
    usb_app.o(.data.app) refers to usb_app.o(.bss.writeBuffer) for writeBuffer
    usb_app.o(.data.app) refers to usb_app.o(.data.endPoint0) for [Anonymous Symbol]
[...]
    stm32f10x_gpio.o(.ARM.exidx.text.GPIO_SetBits) refers to stm32f10x_gpio.o(.text.GPIO_SetBits) for [Anonymous Symbol]
    stm32f10x_gpio.o(.ARM.exidx.text.GPIO_ResetBits) refers to stm32f10x_gpio.o(.text.GPIO_ResetBits) for [Anonymous Symbol]
    stm32f10x_gpio.o(.ARM.exidx.text.GPIO_WriteBit) refers to stm32f10x_gpio.o(.text.GPIO_WriteBit) for [Anonymous Symbol]
    stm32f10x_gpio.o(.ARM.exidx.text.GPIO_Write) refers to stm32f10x_gpio.o(.text.GPIO_Write) for [Anonymous Symbol]
    stm32f10x_gpio.o(.ARM.exidx.text.GPIO_PinLockConfig) refers to stm32f10x_gpio.o(.text.GPIO_PinLockConfig) for [Anonymous Symbol]
    stm32f10x_gpio.o(.ARM.exidx.text.GPIO_EventOutputConfig) refers to stm32f10x_gpio.o(.text.GPIO_EventOutputConfig) for [Anonymous Symbol]
    stm32f10x_gpio.o(.ARM.exidx.text.GPIO_EventOutputCmd) refers to stm32f10x_gpio.o(.text.GPIO_EventOutputCmd) for [Anonymous Symbol]
    stm32f10x_gpio.o(.ARM.exidx.text.GPIO_PinRemapConfig) refers to stm32f10x_gpio.o(.text.GPIO_PinRemapConfig) for [Anonymous Symbol]
    stm32f10x_gpio.o(.ARM.exidx.text.GPIO_EXTILineConfig) refers to stm32f10x_gpio.o(.text.GPIO_EXTILineConfig) for [Anonymous Symbol]
    stm32f10x_gpio.o(.ARM.exidx.text.GPIO_ETH_MediaInterfaceConfig) refers to stm32f10x_gpio.o(.text.GPIO_ETH_MediaInterfaceConfig) for [Anonymous Symbol]
    stm32f10x_rcc.o(.ARM.exidx.text.RCC_DeInit) refers to stm32f10x_rcc.o(.text.RCC_DeInit) for [Anonymous Symbol]
    stm32f10x_rcc.o(.ARM.exidx.text.RCC_HSEConfig) refers to stm32f10x_rcc.o(.text.RCC_HSEConfig) for [Anonymous Symbol]
    stm32f10x_rcc.o(.text.RCC_WaitForHSEStartUp) refers to stm32f10x_rcc.o(.text.RCC_GetFlagStatus) for RCC_GetFlagStatus
    stm32f10x_rcc.o(.ARM.exidx.text.RCC_WaitForHSEStartUp) refers to stm32f10x_rcc.o(.text.RCC_WaitForHSEStartUp) for [Anonymous Symbol]
    stm32f10x_rcc.o(.ARM.exidx.text.RCC_GetFlagStatus) refers to stm32f10x_rcc.o(.text.RCC_GetFlagStatus) for [Anonymous Symbol]
    stm32f10x_rcc.o(.ARM.exidx.text.RCC_AdjustHSICalibrationValue) refers to stm32f10x_rcc.o(.text.RCC_AdjustHSICalibrationValue) for [Anonymous Symbol]
    stm32f10x_rcc.o(.ARM.exidx.text.RCC_HSICmd) refers to stm32f10x_rcc.o(.text.RCC_HSICmd) for [Anonymous Symbol]
    stm32f10x_rcc.o(.ARM.exidx.text.RCC_PLLConfig) refers to stm32f10x_rcc.o(.text.RCC_PLLConfig) for [Anonymous Symbol]
    stm32f10x_rcc.o(.ARM.exidx.text.RCC_PLLCmd) refers to stm32f10x_rcc.o(.text.RCC_PLLCmd) for [Anonymous Symbol]
    stm32f10x_rcc.o(.ARM.exidx.text.RCC_SYSCLKConfig) refers to stm32f10x_rcc.o(.text.RCC_SYSCLKConfig) for [Anonymous Symbol]
    stm32f10x_rcc.o(.ARM.exidx.text.RCC_GetSYSCLKSource) refers to stm32f10x_rcc.o(.text.RCC_GetSYSCLKSource) for [Anonymous Symbol]
    stm32f10x_rcc.o(.ARM.exidx.text.RCC_HCLKConfig) refers to stm32f10x_rcc.o(.text.RCC_HCLKConfig) for [Anonymous Symbol]
    stm32f10x_rcc.o(.ARM.exidx.text.RCC_PCLK1Config) refers to stm32f10x_rcc.o(.text.RCC_PCLK1Config) for [Anonymous Symbol]
    stm32f10x_rcc.o(.ARM.exidx.text.RCC_PCLK2Config) refers to stm32f10x_rcc.o(.text.RCC_PCLK2Config) for [Anonymous Symbol]
    stm32f10x_rcc.o(.ARM.exidx.text.RCC_ITConfig) refers to stm32f10x_rcc.o(.text.RCC_ITConfig) for [Anonymous Symbol]
    stm32f10x_rcc.o(.ARM.exidx.text.RCC_USBCLKConfig) refers to stm32f10x_rcc.o(.text.RCC_USBCLKConfig) for [Anonymous Symbol]
    stm32f10x_rcc.o(.ARM.exidx.text.RCC_ADCCLKConfig) refers to stm32f10x_rcc.o(.text.RCC_ADCCLKConfig) for [Anonymous Symbol]
    stm32f10x_rcc.o(.ARM.exidx.text.RCC_LSEConfig) refers to stm32f10x_rcc.o(.text.RCC_LSEConfig) for [Anonymous Symbol]
    stm32f10x_rcc.o(.ARM.exidx.text.RCC_LSICmd) refers to stm32f10x_rcc.o(.text.RCC_LSICmd) for [Anonymous Symbol]
    stm32f10x_rcc.o(.ARM.exidx.text.RCC_RTCCLKConfig) refers to stm32f10x_rcc.o(.text.RCC_RTCCLKConfig) for [Anonymous Symbol]
    stm32f10x_rcc.o(.ARM.exidx.text.RCC_RTCCLKCmd) refers to stm32f10x_rcc.o(.text.RCC_RTCCLKCmd) for [Anonymous Symbol]
    stm32f10x_rcc.o(.text.RCC_GetClocksFreq) refers to stm32f10x_rcc.o(.rodata.APBAHBPrescTable) for APBAHBPrescTable
    stm32f10x_rcc.o(.text.RCC_GetClocksFreq) refers to stm32f10x_rcc.o(.rodata.ADCPrescTable) for ADCPrescTable
    stm32f10x_rcc.o(.ARM.exidx.text.RCC_GetClocksFreq) refers to stm32f10x_rcc.o(.text.RCC_GetClocksFreq) for [Anonymous Symbol]
    stm32f10x_rcc.o(.ARM.exidx.text.RCC_AHBPeriphClockCmd) refers to stm32f10x_rcc.o(.text.RCC_AHBPeriphClockCmd) for [Anonymous Symbol]
    stm32f10x_rcc.o(.ARM.exidx.text.RCC_APB2PeriphClockCmd) refers to stm32f10x_rcc.o(.text.RCC_APB2PeriphClockCmd) for [Anonymous Symbol]
    stm32f10x_rcc.o(.ARM.exidx.text.RCC_APB1PeriphClockCmd) refers to stm32f10x_rcc.o(.text.RCC_APB1PeriphClockCmd) for [Anonymous Symbol]
    stm32f10x_rcc.o(.ARM.exidx.text.RCC_APB2PeriphResetCmd) refers to stm32f10x_rcc.o(.text.RCC_APB2PeriphResetCmd) for [Anonymous Symbol]
    stm32f10x_rcc.o(.ARM.exidx.text.RCC_APB1PeriphResetCmd) refers to stm32f10x_rcc.o(.text.RCC_APB1PeriphResetCmd) for [Anonymous Symbol]
    stm32f10x_rcc.o(.ARM.exidx.text.RCC_BackupResetCmd) refers to stm32f10x_rcc.o(.text.RCC_BackupResetCmd) for [Anonymous Symbol]
    stm32f10x_rcc.o(.ARM.exidx.text.RCC_ClockSecuritySystemCmd) refers to stm32f10x_rcc.o(.text.RCC_ClockSecuritySystemCmd) for [Anonymous Symbol]
    stm32f10x_rcc.o(.ARM.exidx.text.RCC_MCOConfig) refers to stm32f10x_rcc.o(.text.RCC_MCOConfig) for [Anonymous Symbol]
    stm32f10x_rcc.o(.ARM.exidx.text.RCC_ClearFlag) refers to stm32f10x_rcc.o(.text.RCC_ClearFlag) for [Anonymous Symbol]
    stm32f10x_rcc.o(.ARM.exidx.text.RCC_GetITStatus) refers to stm32f10x_rcc.o(.text.RCC_GetITStatus) for [Anonymous Symbol]
    stm32f10x_rcc.o(.ARM.exidx.text.RCC_ClearITPendingBit) refers to stm32f10x_rcc.o(.text.RCC_ClearITPendingBit) for [Anonymous Symbol]
    stm32f10x_usart.o(.text.USART_DeInit) refers to stm32f10x_rcc.o(.text.RCC_APB2PeriphResetCmd) for RCC_APB2PeriphResetCmd
    stm32f10x_usart.o(.text.USART_DeInit) refers to stm32f10x_rcc.o(.text.RCC_APB1PeriphResetCmd) for RCC_APB1PeriphResetCmd
    stm32f10x_usart.o(.ARM.exidx.text.USART_DeInit) refers to stm32f10x_usart.o(.text.USART_DeInit) for [Anonymous Symbol]
    stm32f10x_usart.o(.text.USART_Init) refers to stm32f10x_rcc.o(.text.RCC_GetClocksFreq) for RCC_GetClocksFreq
    stm32f10x_usart.o(.ARM.exidx.text.USART_Init) refers to stm32f10x_usart.o(.text.USART_Init) for [Anonymous Symbol]
    stm32f10x_usart.o(.ARM.exidx.text.USART_StructInit) refers to stm32f10x_usart.o(.text.USART_StructInit) for [Anonymous Symbol]
    stm32f10x_usart.o(.ARM.exidx.text.USART_ClockInit) refers to stm32f10x_usart.o(.text.USART_ClockInit) for [Anonymous Symbol]
    stm32f10x_usart.o(.ARM.exidx.text.USART_ClockStructInit) refers to stm32f10x_usart.o(.text.USART_ClockStructInit) for [Anonymous Symbol]
    stm32f10x_usart.o(.ARM.exidx.text.USART_Cmd) refers to stm32f10x_usart.o(.text.USART_Cmd) for [Anonymous Symbol]
    stm32f10x_usart.o(.ARM.exidx.text.USART_ITConfig) refers to stm32f10x_usart.o(.text.USART_ITConfig) for [Anonymous Symbol]
    stm32f10x_usart.o(.ARM.exidx.text.USART_DMACmd) refers to stm32f10x_usart.o(.text.USART_DMACmd) for [Anonymous Symbol]
    stm32f10x_usart.o(.ARM.exidx.text.USART_SetAddress) refers to stm32f10x_usart.o(.text.USART_SetAddress) for [Anonymous Symbol]
    stm32f10x_usart.o(.ARM.exidx.text.USART_WakeUpConfig) refers to stm32f10x_usart.o(.text.USART_WakeUpConfig) for [Anonymous Symbol]
    stm32f10x_usart.o(.ARM.exidx.text.USART_ReceiverWakeUpCmd) refers to stm32f10x_usart.o(.text.USART_ReceiverWakeUpCmd) for [Anonymous Symbol]
    stm32f10x_usart.o(.ARM.exidx.text.USART_LINBreakDetectLengthConfig) refers to stm32f10x_usart.o(.text.USART_LINBreakDetectLengthConfig) for [Anonymous Symbol]
    stm32f10x_usart.o(.ARM.exidx.text.USART_LINCmd) refers to stm32f10x_usart.o(.text.USART_LINCmd) for [Anonymous Symbol]
    stm32f10x_usart.o(.ARM.exidx.text.USART_SendData) refers to stm32f10x_usart.o(.text.USART_SendData) for [Anonymous Symbol]
    stm32f10x_usart.o(.ARM.exidx.text.USART_ReceiveData) refers to stm32f10x_usart.o(.text.USART_ReceiveData) for [Anonymous Symbol]
    stm32f10x_usart.o(.ARM.exidx.text.USART_SendBreak) refers to stm32f10x_usart.o(.text.USART_SendBreak) for [Anonymous Symbol]
    stm32f10x_usart.o(.ARM.exidx.text.USART_SetGuardTime) refers to stm32f10x_usart.o(.text.USART_SetGuardTime) for [Anonymous Symbol]
    stm32f10x_usart.o(.ARM.exidx.text.USART_SetPrescaler) refers to stm32f10x_usart.o(.text.USART_SetPrescaler) for [Anonymous Symbol]
    stm32f10x_usart.o(.ARM.exidx.text.USART_SmartCardCmd) refers to stm32f10x_usart.o(.text.USART_SmartCardCmd) for [Anonymous Symbol]
    stm32f10x_usart.o(.ARM.exidx.text.USART_SmartCardNACKCmd) refers to stm32f10x_usart.o(.text.USART_SmartCardNACKCmd) for [Anonymous Symbol]
    stm32f10x_usart.o(.ARM.exidx.text.USART_HalfDuplexCmd) refers to stm32f10x_usart.o(.text.USART_HalfDuplexCmd) for [Anonymous Symbol]
    stm32f10x_usart.o(.ARM.exidx.text.USART_OverSampling8Cmd) refers to stm32f10x_usart.o(.text.USART_OverSampling8Cmd) for [Anonymous Symbol]
    stm32f10x_usart.o(.ARM.exidx.text.USART_OneBitMethodCmd) refers to stm32f10x_usart.o(.text.USART_OneBitMethodCmd) for [Anonymous Symbol]
    stm32f10x_usart.o(.ARM.exidx.text.USART_IrDAConfig) refers to stm32f10x_usart.o(.text.USART_IrDAConfig) for [Anonymous Symbol]
    stm32f10x_usart.o(.ARM.exidx.text.USART_IrDACmd) refers to stm32f10x_usart.o(.text.USART_IrDACmd) for [Anonymous Symbol]
    stm32f10x_usart.o(.ARM.exidx.text.USART_GetFlagStatus) refers to stm32f10x_usart.o(.text.USART_GetFlagStatus) for [Anonymous Symbol]
    stm32f10x_usart.o(.ARM.exidx.text.USART_ClearFlag) refers to stm32f10x_usart.o(.text.USART_ClearFlag) for [Anonymous Symbol]
    stm32f10x_usart.o(.ARM.exidx.text.USART_GetITStatus) refers to stm32f10x_usart.o(.text.USART_GetITStatus) for [Anonymous Symbol]
    stm32f10x_usart.o(.ARM.exidx.text.USART_ClearITPendingBit) refers to stm32f10x_usart.o(.text.USART_ClearITPendingBit) for [Anonymous Symbol]
    startup_stm32f10x_md.o(RESET) refers to startup_stm32f10x_md.o(STACK) for __initial_sp
    startup_stm32f10x_md.o(RESET) refers to startup_stm32f10x_md.o(.text) for Reset_Handler
    startup_stm32f10x_md.o(RESET) refers to usb_core.o(.text.USB_LP_CAN1_RX0_IRQHandler) for USB_LP_CAN1_RX0_IRQHandler
    startup_stm32f10x_md.o(RESET) refers to usart.o(.text.USART1_IRQHandler) for USART1_IRQHandler
    startup_stm32f10x_md.o(.text) refers to system_stm32f10x.o(.text.SystemInit) for SystemInit
    startup_stm32f10x_md.o(.text) refers to entry.o(.ARM.Collect$$$$00000000) for __main
    system_stm32f10x.o(.text.SystemInit) refers to system_stm32f10x.o(.text.SetSysClock) for SetSysClock
    system_stm32f10x.o(.ARM.exidx.text.SystemInit) refers to system_stm32f10x.o(.text.SystemInit) for [Anonymous Symbol]
    system_stm32f10x.o(.text.SetSysClock) refers to system_stm32f10x.o(.text.SetSysClockTo72) for SetSysClockTo72
    system_stm32f10x.o(.ARM.exidx.text.SetSysClock) refers to system_stm32f10x.o(.text.SetSysClock) for [Anonymous Symbol]
    system_stm32f10x.o(.text.SystemCoreClockUpdate) refers to system_stm32f10x.o(.data.SystemCoreClock) for SystemCoreClock
    system_stm32f10x.o(.text.SystemCoreClockUpdate) refers to system_stm32f10x.o(.rodata.AHBPrescTable) for AHBPrescTable
    system_stm32f10x.o(.ARM.exidx.text.SystemCoreClockUpdate) refers to system_stm32f10x.o(.text.SystemCoreClockUpdate) for [Anonymous Symbol]
    system_stm32f10x.o(.ARM.exidx.text.SetSysClockTo72) refers to system_stm32f10x.o(.text.SetSysClockTo72) for [Anonymous Symbol]
    entry.o(.ARM.Collect$$$$00000000) refers (Special) to entry10a.o(.ARM.Collect$$$$0000000D) for __rt_final_cpp
    entry.o(.ARM.Collect$$$$00000000) refers (Special) to entry11a.o(.ARM.Collect$$$$0000000F) for __rt_final_exit
    entry.o(.ARM.Collect$$$$00000000) refers (Special) to entry7b.o(.ARM.Collect$$$$00000008) for _main_clock
    entry.o(.ARM.Collect$$$$00000000) refers (Special) to entry8b.o(.ARM.Collect$$$$0000000A) for _main_cpp_init
    entry.o(.ARM.Collect$$$$00000000) refers (Special) to entry9a.o(.ARM.Collect$$$$0000000B) for _main_init
    entry.o(.ARM.Collect$$$$00000000) refers (Special) to entry5.o(.ARM.Collect$$$$00000004) for _main_scatterload
    entry.o(.ARM.Collect$$$$00000000) refers (Special) to entry2.o(.ARM.Collect$$$$00000001) for _main_stk
    printfa.o(i.__0fprintf) refers (Special) to iusefp.o(.text) for __I$use$fp
    printfa.o(i.__0fprintf) refers to printfa.o(i._printf_core) for _printf_core
    printfa.o(i.__0fprintf) refers to usart.o(.text.fputc) for fputc
    printfa.o(i.__0printf) refers (Special) to iusefp.o(.text) for __I$use$fp
    printfa.o(i.__0printf) refers to printfa.o(i._printf_core) for _printf_core
    printfa.o(i.__0printf) refers to usart.o(.text.fputc) for fputc
    printfa.o(i.__0printf) refers to stdout.o(.data) for __stdout
    printfa.o(i.__0snprintf) refers (Special) to iusefp.o(.text) for __I$use$fp
    printfa.o(i.__0snprintf) refers to printfa.o(i._printf_core) for _printf_core
    printfa.o(i.__0snprintf) refers to printfa.o(i._snputc) for _snputc
    printfa.o(i.__0sprintf) refers (Special) to iusefp.o(.text) for __I$use$fp
    printfa.o(i.__0sprintf) refers to printfa.o(i._printf_core) for _printf_core
    printfa.o(i.__0sprintf) refers to printfa.o(i._sputc) for _sputc
    printfa.o(i.__0vfprintf) refers (Special) to iusefp.o(.text) for __I$use$fp
    printfa.o(i.__0vfprintf) refers to printfa.o(i._printf_core) for _printf_core
    printfa.o(i.__0vfprintf) refers to usart.o(.text.fputc) for fputc
    printfa.o(i.__0vprintf) refers (Special) to iusefp.o(.text) for __I$use$fp
    printfa.o(i.__0vprintf) refers to printfa.o(i._printf_core) for _printf_core
    printfa.o(i.__0vprintf) refers to usart.o(.text.fputc) for fputc
    printfa.o(i.__0vprintf) refers to stdout.o(.data) for __stdout
    printfa.o(i.__0vsnprintf) refers (Special) to iusefp.o(.text) for __I$use$fp
    printfa.o(i.__0vsnprintf) refers to printfa.o(i._printf_core) for _printf_core
    printfa.o(i.__0vsnprintf) refers to printfa.o(i._snputc) for _snputc
    printfa.o(i.__0vsprintf) refers (Special) to iusefp.o(.text) for __I$use$fp
    printfa.o(i.__0vsprintf) refers to printfa.o(i._printf_core) for _printf_core
    printfa.o(i.__0vsprintf) refers to printfa.o(i._sputc) for _sputc
    printfa.o(i._fp_digits) refers (Special) to iusefp.o(.text) for __I$use$fp
    printfa.o(i._fp_digits) refers to dmul.o(.text) for __aeabi_dmul
    printfa.o(i._fp_digits) refers to ddiv.o(.text) for __aeabi_ddiv
    printfa.o(i._fp_digits) refers to cdrcmple.o(.text) for __aeabi_cdrcmple
    printfa.o(i._fp_digits) refers to dadd.o(.text) for __aeabi_dadd
    printfa.o(i._fp_digits) refers to dfixul.o(.text) for __aeabi_d2ulz
    printfa.o(i._fp_digits) refers to uldiv.o(.text) for __aeabi_uldivmod
    printfa.o(i._printf_core) refers (Special) to iusefp.o(.text) for __I$use$fp
    printfa.o(i._printf_core) refers to printfa.o(i._printf_pre_padding) for _printf_pre_padding
    printfa.o(i._printf_core) refers to uldiv.o(.text) for __aeabi_uldivmod
    printfa.o(i._printf_core) refers to printfa.o(i._printf_post_padding) for _printf_post_padding
    printfa.o(i._printf_core) refers to printfa.o(i._fp_digits) for _fp_digits
    printfa.o(i._printf_core) refers to uidiv.o(.text) for __aeabi_uidivmod
    printfa.o(i._printf_post_padding) refers (Special) to iusefp.o(.text) for __I$use$fp
    printfa.o(i._printf_pre_padding) refers (Special) to iusefp.o(.text) for __I$use$fp
    printfa.o(i._snputc) refers (Special) to iusefp.o(.text) for __I$use$fp
    printfa.o(i._sputc) refers (Special) to iusefp.o(.text) for __I$use$fp
    scanf.o(.text) refers (Special) to _scanf_int.o(.text) for _scanf_int
    scanf.o(.text) refers (Special) to _scanf_longlong.o(.text) for _scanf_longlong
    scanf.o(.text) refers (Special) to scanf_fp.o(.text) for _scanf_real
    scanf.o(.text) refers (Special) to _scanf_str.o(.text) for _scanf_string
    scanf.o(.text) refers to scanf_char_file.o(.text) for __vfscanf_char_file
    scanf.o(.text) refers to stdin.o(.data) for __stdin
    entry2.o(.ARM.Collect$$$$00000001) refers to entry2.o(.ARM.Collect$$$$00002712) for __lit__00000000
    entry2.o(.ARM.Collect$$$$00002712) refers to startup_stm32f10x_md.o(STACK) for __initial_sp
    entry2.o(__vectab_stack_and_reset_area) refers to startup_stm32f10x_md.o(STACK) for __initial_sp
    entry2.o(__vectab_stack_and_reset_area) refers to entry.o(.ARM.Collect$$$$00000000) for __main
    entry5.o(.ARM.Collect$$$$00000004) refers to init.o(.text) for __scatterload
    entry9a.o(.ARM.Collect$$$$0000000B) refers to main.o(.text.main) for main
    entry9b.o(.ARM.Collect$$$$0000000C) refers to main.o(.text.main) for main
    uldiv.o(.text) refers to llushr.o(.text) for __aeabi_llsr
    uldiv.o(.text) refers to llshl.o(.text) for __aeabi_llsl
    _scanf_longlong.o(.text) refers to _chval.o(.text) for _chval
    _scanf_int.o(.text) refers to _chval.o(.text) for _chval
    scanf_fp.o(.text) refers (Special) to iusefp.o(.text) for __I$use$fp
    scanf_fp.o(.text) refers to dfltul.o(.text) for __aeabi_ul2d
    scanf_fp.o(.text) refers to dmul.o(.text) for __aeabi_dmul
    scanf_fp.o(.text) refers to ddiv.o(.text) for __aeabi_ddiv
    scanf_fp.o(.text) refers to scanf_fp.o(i._is_digit) for _is_digit
    scanf_fp.o(.text) refers to d2f.o(.text) for __aeabi_d2f
    scanf_char_file.o(.text) refers to scanf_char.o(.text) for __vfscanf_char
    scanf_char_file.o(.text) refers to usart.o(.text.fgetc) for fgetc
    scanf_char_file.o(.text) refers to fgetc_b.o(.text) for __backspace
    dadd.o(.text) refers (Special) to iusefp.o(.text) for __I$use$fp
    dadd.o(.text) refers to llshl.o(.text) for __aeabi_llsl
    dadd.o(.text) refers to llsshr.o(.text) for __aeabi_lasr
    dadd.o(.text) refers to depilogue.o(.text) for _double_epilogue
    dmul.o(.text) refers (Special) to iusefp.o(.text) for __I$use$fp
    dmul.o(.text) refers to depilogue.o(.text) for _double_epilogue
    ddiv.o(.text) refers (Special) to iusefp.o(.text) for __I$use$fp
    ddiv.o(.text) refers to depilogue.o(.text) for _double_round
    dfixul.o(.text) refers (Special) to iusefp.o(.text) for __I$use$fp
    dfixul.o(.text) refers to llushr.o(.text) for __aeabi_llsr
    dfixul.o(.text) refers to llshl.o(.text) for __aeabi_llsl
    cdrcmple.o(.text) refers (Special) to iusefp.o(.text) for __I$use$fp
    init.o(.text) refers to entry5.o(.ARM.Collect$$$$00000004) for __main_after_scatterload
    fgetc_b.o(.text) refers (Special) to iusesemig.o(.text) for __I$use$semihosting$fgetc
    fgetc_b.o(.text) refers (Special) to semi.o(.text) for __semihosting_library_function
    fgetc_b.o(.text) refers to fgetc_b.o(.data) for .data
    fgetc_b.o(.data) refers (Special) to iusesemig.o(.text) for __I$use$semihosting$fgetc
    fgetc_b.o(.data) refers (Special) to semi.o(.text) for __semihosting_library_function
    scanf_char.o(.text) refers to _scanf.o(.text) for __vfscanf
    scanf_char.o(.text) refers to isspace_c.o(.text) for isspace
    depilogue.o(.text) refers (Special) to iusefp.o(.text) for __I$use$fp
    depilogue.o(.text) refers to llshl.o(.text) for __aeabi_llsl
    depilogue.o(.text) refers to llushr.o(.text) for __aeabi_llsr
    dfltul.o(.text) refers (Special) to iusefp.o(.text) for __I$use$fp
    dfltul.o(.text) refers to depilogue.o(.text) for _double_epilogue
    d2f.o(.text) refers (Special) to iusefp.o(.text) for __I$use$fp
    d2f.o(.text) refers to fepilogue.o(.text) for _float_round
    isspace_c.o(.text) refers to ctype_c.o(.text) for __ctype_lookup
    _scanf.o(.text) refers (Weak) to scanf_fp.o(.text) for _scanf_real
    _scanf.o(.text) refers (Weak) to _scanf_longlong.o(.text) for _scanf_longlong
    _scanf.o(.text) refers (Weak) to _scanf_int.o(.text) for _scanf_int
    _scanf.o(.text) refers (Weak) to _scanf_str.o(.text) for _scanf_string
    fepilogue.o(.text) refers (Special) to iusefp.o(.text) for __I$use$fp
    ctype_c.o(.text) refers to ctype_c.o(.constdata) for .constdata
    scanf_fp.o(i._is_digit) refers (Special) to iusefp.o(.text) for __I$use$fp


==============================================================================

Removing Unused input sections from the image.

    Removing main.o(.text), (0 bytes).
    Removing main.o(.ARM.exidx.text.main), (8 bytes).
    Removing main.o(.ARM.exidx.text.delay), (8 bytes).
    Removing main.o(.data.xy), (62 bytes).
    Removing main.o(.bss.flag), (4 bytes).
    Removing main.o(.ARM.use_no_argv), (4 bytes).
    Removing gpio.o(.text), (0 bytes).
    Removing gpio.o(.ARM.exidx.text.ledInit), (8 bytes).
    Removing gpio.o(.ARM.exidx.text.ledOn), (8 bytes).
    Removing gpio.o(.ARM.exidx.text.ledOff), (8 bytes).
    Removing usart.o(.text), (0 bytes).
    Removing usart.o(.ARM.exidx.text.usartInit), (8 bytes).
    Removing usart.o(.text.sendByte), (46 bytes).
    Removing usart.o(.ARM.exidx.text.sendByte), (8 bytes).
    Removing usart.o(.text.receiveByte), (36 bytes).
    Removing usart.o(.ARM.exidx.text.receiveByte), (8 bytes).
    Removing usart.o(.ARM.exidx.text.fputc), (8 bytes).
    Removing usart.o(.ARM.exidx.text.fgetc), (8 bytes).
    Removing usart.o(.ARM.exidx.text.USART1_IRQHandler), (8 bytes).
    Removing debug.o(.text), (0 bytes).
    Removing debug.o(.text.dumpBuffer), (68 bytes).
    Removing debug.o(.ARM.exidx.text.dumpBuffer), (8 bytes).
    Removing debug.o(.rodata.str1.1), (8 bytes).
    Removing usb_app.o(.text), (0 bytes).
    Removing usb_app.o(.ARM.exidx.text.wcscpy), (8 bytes).
    Removing usb_app.o(.ARM.exidx.text.wcslen), (8 bytes).
    Removing usb_app.o(.ARM.exidx.text.init), (8 bytes).
    Removing usb_app.o(.ARM.exidx.text.setAddress), (8 bytes).
    Removing usb_app.o(.ARM.exidx.text.getDeviceDescriptor), (8 bytes).
    Removing usb_app.o(.ARM.exidx.text.getConfigurationDescriptor), (8 bytes).
    Removing usb_app.o(.ARM.exidx.text.getStringDescriptor), (8 bytes).
    Removing usb_app.o(.ARM.exidx.text.getReportDescriptor), (8 bytes).
    Removing usb_app.o(.ARM.exidx.text.sendReport), (8 bytes).
    Removing usb_app.o(.rodata.str1.1), (92 bytes).
    Removing usb_core.o(.text), (0 bytes).
    Removing usb_core.o(.ARM.exidx.text.usbWritePMA), (8 bytes).
    Removing usb_core.o(.ARM.exidx.text.usbInit), (8 bytes).
    Removing usb_core.o(.ARM.exidx.text.USB_LP_CAN1_RX0_IRQHandler), (8 bytes).
    Removing usb_core.o(.ARM.exidx.text.usbTransferHandler), (8 bytes).
    Removing usb_core.o(.ARM.exidx.text.usbEPxOut), (8 bytes).
    Removing usb_core.o(.ARM.exidx.text.usbEPxIn), (8 bytes).
    Removing usb_core.o(.ARM.exidx.text.usbSetup), (8 bytes).
    Removing usb_core.o(.ARM.exidx.text.usbReadPMA), (8 bytes).
    Removing usb_core.o(.ARM.exidx.text.usbStandardGetStatus), (8 bytes).
    Removing usb_core.o(.ARM.exidx.text.usbStandardGetDescriptor), (8 bytes).
    Removing usb_core.o(.ARM.exidx.text.usbEPxSend), (8 bytes).
    Removing usb_core.o(.ARM.exidx.text.usbStandardGetConfiguration), (8 bytes).
    Removing usb_core.o(.ARM.exidx.text.usbStandardGetInterface), (8 bytes).
    Removing usb_core.o(.ARM.exidx.text.usbStandardSynchFrame), (8 bytes).
    Removing usb_core.o(.ARM.exidx.text.usbStandardClearFeature), (8 bytes).
    Removing usb_core.o(.ARM.exidx.text.usbStandardSetFeature), (8 bytes).
    Removing usb_core.o(.ARM.exidx.text.usbStandardSetAddress), (8 bytes).
    Removing usb_core.o(.ARM.exidx.text.usbStandardSetDescriptor), (8 bytes).
    Removing usb_core.o(.ARM.exidx.text.usbStandardSetConfiguration), (8 bytes).
    Removing usb_core.o(.ARM.exidx.text.usbStandardSetInterface), (8 bytes).
    Removing usb_core.o(.ARM.exidx.text.usbClassSetIdle), (8 bytes).
    Removing usb_core.o(.ARM.exidx.text.usbResetHandler), (8 bytes).
    Removing usb_core.o(.rodata.str1.1), (446 bytes).
    Removing usb_hid.o(.text), (0 bytes).
    Removing misc.o(.text), (0 bytes).
    Removing misc.o(.text.NVIC_PriorityGroupConfig), (28 bytes).
    Removing misc.o(.ARM.exidx.text.NVIC_PriorityGroupConfig), (8 bytes).
    Removing misc.o(.text.NVIC_Init), (170 bytes).
    Removing misc.o(.ARM.exidx.text.NVIC_Init), (8 bytes).
    Removing misc.o(.text.NVIC_SetVectorTable), (36 bytes).
    Removing misc.o(.ARM.exidx.text.NVIC_SetVectorTable), (8 bytes).
    Removing misc.o(.text.NVIC_SystemLPConfig), (62 bytes).
    Removing misc.o(.ARM.exidx.text.NVIC_SystemLPConfig), (8 bytes).
    Removing misc.o(.text.SysTick_CLKSourceConfig), (52 bytes).
    Removing misc.o(.ARM.exidx.text.SysTick_CLKSourceConfig), (8 bytes).
    Removing stm32f10x_gpio.o(.text), (0 bytes).
    Removing stm32f10x_gpio.o(.text.GPIO_DeInit), (276 bytes).
    Removing stm32f10x_gpio.o(.ARM.exidx.text.GPIO_DeInit), (8 bytes).
    Removing stm32f10x_gpio.o(.text.GPIO_AFIODeInit), (26 bytes).
    Removing stm32f10x_gpio.o(.ARM.exidx.text.GPIO_AFIODeInit), (8 bytes).
    Removing stm32f10x_gpio.o(.text.GPIO_Init), (390 bytes).
    Removing stm32f10x_gpio.o(.ARM.exidx.text.GPIO_Init), (8 bytes).
    Removing stm32f10x_gpio.o(.text.GPIO_StructInit), (28 bytes).
    Removing stm32f10x_gpio.o(.ARM.exidx.text.GPIO_StructInit), (8 bytes).
    Removing stm32f10x_gpio.o(.text.GPIO_ReadInputDataBit), (52 bytes).
    Removing stm32f10x_gpio.o(.ARM.exidx.text.GPIO_ReadInputDataBit), (8 bytes).
    Removing stm32f10x_gpio.o(.text.GPIO_ReadInputData), (14 bytes).
    Removing stm32f10x_gpio.o(.ARM.exidx.text.GPIO_ReadInputData), (8 bytes).
    Removing stm32f10x_gpio.o(.text.GPIO_ReadOutputDataBit), (52 bytes).
    Removing stm32f10x_gpio.o(.ARM.exidx.text.GPIO_ReadOutputDataBit), (8 bytes).
    Removing stm32f10x_gpio.o(.text.GPIO_ReadOutputData), (14 bytes).
    Removing stm32f10x_gpio.o(.ARM.exidx.text.GPIO_ReadOutputData), (8 bytes).
    Removing stm32f10x_gpio.o(.text.GPIO_SetBits), (20 bytes).
    Removing stm32f10x_gpio.o(.ARM.exidx.text.GPIO_SetBits), (8 bytes).
    Removing stm32f10x_gpio.o(.text.GPIO_ResetBits), (20 bytes).
    Removing stm32f10x_gpio.o(.ARM.exidx.text.GPIO_ResetBits), (8 bytes).
    Removing stm32f10x_gpio.o(.text.GPIO_WriteBit), (44 bytes).
    Removing stm32f10x_gpio.o(.ARM.exidx.text.GPIO_WriteBit), (8 bytes).
    Removing stm32f10x_gpio.o(.text.GPIO_Write), (20 bytes).
    Removing stm32f10x_gpio.o(.ARM.exidx.text.GPIO_Write), (8 bytes).
    Removing stm32f10x_gpio.o(.text.GPIO_PinLockConfig), (60 bytes).
    Removing stm32f10x_gpio.o(.ARM.exidx.text.GPIO_PinLockConfig), (8 bytes).
    Removing stm32f10x_gpio.o(.text.GPIO_EventOutputConfig), (64 bytes).
    Removing stm32f10x_gpio.o(.ARM.exidx.text.GPIO_EventOutputConfig), (8 bytes).
    Removing stm32f10x_gpio.o(.text.GPIO_EventOutputCmd), (22 bytes).
    Removing stm32f10x_gpio.o(.ARM.exidx.text.GPIO_EventOutputCmd), (8 bytes).
    Removing stm32f10x_gpio.o(.text.GPIO_PinRemapConfig), (250 bytes).
    Removing stm32f10x_gpio.o(.ARM.exidx.text.GPIO_PinRemapConfig), (8 bytes).
    Removing stm32f10x_gpio.o(.text.GPIO_EXTILineConfig), (84 bytes).
    Removing stm32f10x_gpio.o(.ARM.exidx.text.GPIO_EXTILineConfig), (8 bytes).
    Removing stm32f10x_gpio.o(.text.GPIO_ETH_MediaInterfaceConfig), (18 bytes).
    Removing stm32f10x_gpio.o(.ARM.exidx.text.GPIO_ETH_MediaInterfaceConfig), (8 bytes).
    Removing stm32f10x_rcc.o(.text), (0 bytes).
    Removing stm32f10x_rcc.o(.text.RCC_DeInit), (82 bytes).
    Removing stm32f10x_rcc.o(.ARM.exidx.text.RCC_DeInit), (8 bytes).
    Removing stm32f10x_rcc.o(.text.RCC_HSEConfig), (92 bytes).
    Removing stm32f10x_rcc.o(.ARM.exidx.text.RCC_HSEConfig), (8 bytes).
    Removing stm32f10x_rcc.o(.text.RCC_WaitForHSEStartUp), (108 bytes).
    Removing stm32f10x_rcc.o(.ARM.exidx.text.RCC_WaitForHSEStartUp), (8 bytes).
    Removing stm32f10x_rcc.o(.text.RCC_GetFlagStatus), (130 bytes).
    Removing stm32f10x_rcc.o(.ARM.exidx.text.RCC_GetFlagStatus), (8 bytes).
    Removing stm32f10x_rcc.o(.text.RCC_AdjustHSICalibrationValue), (50 bytes).
    Removing stm32f10x_rcc.o(.ARM.exidx.text.RCC_AdjustHSICalibrationValue), (8 bytes).
    Removing stm32f10x_rcc.o(.text.RCC_HSICmd), (22 bytes).
    Removing stm32f10x_rcc.o(.ARM.exidx.text.RCC_HSICmd), (8 bytes).
    Removing stm32f10x_rcc.o(.text.RCC_PLLConfig), (50 bytes).
    Removing stm32f10x_rcc.o(.ARM.exidx.text.RCC_PLLConfig), (8 bytes).
    Removing stm32f10x_rcc.o(.text.RCC_PLLCmd), (22 bytes).
    Removing stm32f10x_rcc.o(.ARM.exidx.text.RCC_PLLCmd), (8 bytes).
    Removing stm32f10x_rcc.o(.text.RCC_SYSCLKConfig), (44 bytes).
    Removing stm32f10x_rcc.o(.ARM.exidx.text.RCC_SYSCLKConfig), (8 bytes).
    Removing stm32f10x_rcc.o(.text.RCC_GetSYSCLKSource), (16 bytes).
    Removing stm32f10x_rcc.o(.ARM.exidx.text.RCC_GetSYSCLKSource), (8 bytes).
    Removing stm32f10x_rcc.o(.text.RCC_HCLKConfig), (44 bytes).
    Removing stm32f10x_rcc.o(.ARM.exidx.text.RCC_HCLKConfig), (8 bytes).
    Removing stm32f10x_rcc.o(.text.RCC_PCLK1Config), (44 bytes).
    Removing stm32f10x_rcc.o(.ARM.exidx.text.RCC_PCLK1Config), (8 bytes).
    Removing stm32f10x_rcc.o(.text.RCC_PCLK2Config), (46 bytes).
    Removing stm32f10x_rcc.o(.ARM.exidx.text.RCC_PCLK2Config), (8 bytes).
    Removing stm32f10x_rcc.o(.text.RCC_ITConfig), (62 bytes).
    Removing stm32f10x_rcc.o(.ARM.exidx.text.RCC_ITConfig), (8 bytes).
    Removing stm32f10x_rcc.o(.text.RCC_USBCLKConfig), (18 bytes).
    Removing stm32f10x_rcc.o(.ARM.exidx.text.RCC_USBCLKConfig), (8 bytes).
    Removing stm32f10x_rcc.o(.text.RCC_ADCCLKConfig), (44 bytes).
    Removing stm32f10x_rcc.o(.ARM.exidx.text.RCC_ADCCLKConfig), (8 bytes).
    Removing stm32f10x_rcc.o(.text.RCC_LSEConfig), (76 bytes).
    Removing stm32f10x_rcc.o(.ARM.exidx.text.RCC_LSEConfig), (8 bytes).
    Removing stm32f10x_rcc.o(.text.RCC_LSICmd), (24 bytes).
    Removing stm32f10x_rcc.o(.ARM.exidx.text.RCC_LSICmd), (8 bytes).
    Removing stm32f10x_rcc.o(.text.RCC_RTCCLKConfig), (24 bytes).
    Removing stm32f10x_rcc.o(.ARM.exidx.text.RCC_RTCCLKConfig), (8 bytes).
    Removing stm32f10x_rcc.o(.text.RCC_RTCCLKCmd), (24 bytes).
    Removing stm32f10x_rcc.o(.ARM.exidx.text.RCC_RTCCLKCmd), (8 bytes).
    Removing stm32f10x_rcc.o(.text.RCC_GetClocksFreq), (370 bytes).
    Removing stm32f10x_rcc.o(.ARM.exidx.text.RCC_GetClocksFreq), (8 bytes).
    Removing stm32f10x_rcc.o(.text.RCC_AHBPeriphClockCmd), (56 bytes).
    Removing stm32f10x_rcc.o(.ARM.exidx.text.RCC_AHBPeriphClockCmd), (8 bytes).
    Removing stm32f10x_rcc.o(.text.RCC_APB2PeriphClockCmd), (56 bytes).
    Removing stm32f10x_rcc.o(.ARM.exidx.text.RCC_APB2PeriphClockCmd), (8 bytes).
    Removing stm32f10x_rcc.o(.text.RCC_APB1PeriphClockCmd), (56 bytes).
    Removing stm32f10x_rcc.o(.ARM.exidx.text.RCC_APB1PeriphClockCmd), (8 bytes).
    Removing stm32f10x_rcc.o(.text.RCC_APB2PeriphResetCmd), (56 bytes).
    Removing stm32f10x_rcc.o(.ARM.exidx.text.RCC_APB2PeriphResetCmd), (8 bytes).
    Removing stm32f10x_rcc.o(.text.RCC_APB1PeriphResetCmd), (56 bytes).
    Removing stm32f10x_rcc.o(.ARM.exidx.text.RCC_APB1PeriphResetCmd), (8 bytes).
    Removing stm32f10x_rcc.o(.text.RCC_BackupResetCmd), (24 bytes).
    Removing stm32f10x_rcc.o(.ARM.exidx.text.RCC_BackupResetCmd), (8 bytes).
    Removing stm32f10x_rcc.o(.text.RCC_ClockSecuritySystemCmd), (22 bytes).
    Removing stm32f10x_rcc.o(.ARM.exidx.text.RCC_ClockSecuritySystemCmd), (8 bytes).
    Removing stm32f10x_rcc.o(.text.RCC_MCOConfig), (24 bytes).
    Removing stm32f10x_rcc.o(.ARM.exidx.text.RCC_MCOConfig), (8 bytes).
    Removing stm32f10x_rcc.o(.text.RCC_ClearFlag), (18 bytes).
    Removing stm32f10x_rcc.o(.ARM.exidx.text.RCC_ClearFlag), (8 bytes).
    Removing stm32f10x_rcc.o(.text.RCC_GetITStatus), (56 bytes).
    Removing stm32f10x_rcc.o(.ARM.exidx.text.RCC_GetITStatus), (8 bytes).
    Removing stm32f10x_rcc.o(.text.RCC_ClearITPendingBit), (24 bytes).
    Removing stm32f10x_rcc.o(.ARM.exidx.text.RCC_ClearITPendingBit), (8 bytes).
    Removing stm32f10x_rcc.o(.rodata.APBAHBPrescTable), (16 bytes).
    Removing stm32f10x_rcc.o(.rodata.ADCPrescTable), (4 bytes).
    Removing stm32f10x_usart.o(.text), (0 bytes).
    Removing stm32f10x_usart.o(.text.USART_DeInit), (208 bytes).
    Removing stm32f10x_usart.o(.ARM.exidx.text.USART_DeInit), (8 bytes).
    Removing stm32f10x_usart.o(.text.USART_Init), (348 bytes).
    Removing stm32f10x_usart.o(.ARM.exidx.text.USART_Init), (8 bytes).
    Removing stm32f10x_usart.o(.text.USART_StructInit), (40 bytes).
    Removing stm32f10x_usart.o(.ARM.exidx.text.USART_StructInit), (8 bytes).
    Removing stm32f10x_usart.o(.text.USART_ClockInit), (58 bytes).
    Removing stm32f10x_usart.o(.ARM.exidx.text.USART_ClockInit), (8 bytes).
    Removing stm32f10x_usart.o(.text.USART_ClockStructInit), (26 bytes).
    Removing stm32f10x_usart.o(.ARM.exidx.text.USART_ClockStructInit), (8 bytes).
    Removing stm32f10x_usart.o(.text.USART_Cmd), (44 bytes).
    Removing stm32f10x_usart.o(.ARM.exidx.text.USART_Cmd), (8 bytes).
    Removing stm32f10x_usart.o(.text.USART_ITConfig), (146 bytes).
    Removing stm32f10x_usart.o(.ARM.exidx.text.USART_ITConfig), (8 bytes).
    Removing stm32f10x_usart.o(.text.USART_DMACmd), (52 bytes).
    Removing stm32f10x_usart.o(.ARM.exidx.text.USART_DMACmd), (8 bytes).
    Removing stm32f10x_usart.o(.text.USART_SetAddress), (34 bytes).
    Removing stm32f10x_usart.o(.ARM.exidx.text.USART_SetAddress), (8 bytes).
    Removing stm32f10x_usart.o(.text.USART_WakeUpConfig), (34 bytes).
    Removing stm32f10x_usart.o(.ARM.exidx.text.USART_WakeUpConfig), (8 bytes).
    Removing stm32f10x_usart.o(.text.USART_ReceiverWakeUpCmd), (44 bytes).
    Removing stm32f10x_usart.o(.ARM.exidx.text.USART_ReceiverWakeUpCmd), (8 bytes).
    Removing stm32f10x_usart.o(.text.USART_LINBreakDetectLengthConfig), (34 bytes).
    Removing stm32f10x_usart.o(.ARM.exidx.text.USART_LINBreakDetectLengthConfig), (8 bytes).
    Removing stm32f10x_usart.o(.text.USART_LINCmd), (44 bytes).
    Removing stm32f10x_usart.o(.ARM.exidx.text.USART_LINCmd), (8 bytes).
    Removing stm32f10x_usart.o(.text.USART_SendData), (24 bytes).
    Removing stm32f10x_usart.o(.ARM.exidx.text.USART_SendData), (8 bytes).
    Removing stm32f10x_usart.o(.text.USART_ReceiveData), (16 bytes).
    Removing stm32f10x_usart.o(.ARM.exidx.text.USART_ReceiveData), (8 bytes).
    Removing stm32f10x_usart.o(.text.USART_SendBreak), (18 bytes).
    Removing stm32f10x_usart.o(.ARM.exidx.text.USART_SendBreak), (8 bytes).
    Removing stm32f10x_usart.o(.text.USART_SetGuardTime), (34 bytes).
    Removing stm32f10x_usart.o(.ARM.exidx.text.USART_SetGuardTime), (8 bytes).
    Removing stm32f10x_usart.o(.text.USART_SetPrescaler), (34 bytes).
    Removing stm32f10x_usart.o(.ARM.exidx.text.USART_SetPrescaler), (8 bytes).
    Removing stm32f10x_usart.o(.text.USART_SmartCardCmd), (44 bytes).
    Removing stm32f10x_usart.o(.ARM.exidx.text.USART_SmartCardCmd), (8 bytes).
    Removing stm32f10x_usart.o(.text.USART_SmartCardNACKCmd), (44 bytes).
    Removing stm32f10x_usart.o(.ARM.exidx.text.USART_SmartCardNACKCmd), (8 bytes).
    Removing stm32f10x_usart.o(.text.USART_HalfDuplexCmd), (44 bytes).
    Removing stm32f10x_usart.o(.ARM.exidx.text.USART_HalfDuplexCmd), (8 bytes).
    Removing stm32f10x_usart.o(.text.USART_OverSampling8Cmd), (44 bytes).
    Removing stm32f10x_usart.o(.ARM.exidx.text.USART_OverSampling8Cmd), (8 bytes).
    Removing stm32f10x_usart.o(.text.USART_OneBitMethodCmd), (44 bytes).
    Removing stm32f10x_usart.o(.ARM.exidx.text.USART_OneBitMethodCmd), (8 bytes).
    Removing stm32f10x_usart.o(.text.USART_IrDAConfig), (34 bytes).
    Removing stm32f10x_usart.o(.ARM.exidx.text.USART_IrDAConfig), (8 bytes).
    Removing stm32f10x_usart.o(.text.USART_IrDACmd), (44 bytes).
    Removing stm32f10x_usart.o(.ARM.exidx.text.USART_IrDACmd), (8 bytes).
    Removing stm32f10x_usart.o(.text.USART_GetFlagStatus), (68 bytes).
    Removing stm32f10x_usart.o(.ARM.exidx.text.USART_GetFlagStatus), (8 bytes).
    Removing stm32f10x_usart.o(.text.USART_ClearFlag), (36 bytes).
    Removing stm32f10x_usart.o(.ARM.exidx.text.USART_ClearFlag), (8 bytes).
    Removing stm32f10x_usart.o(.text.USART_GetITStatus), (176 bytes).
    Removing stm32f10x_usart.o(.ARM.exidx.text.USART_GetITStatus), (8 bytes).
    Removing stm32f10x_usart.o(.text.USART_ClearITPendingBit), (68 bytes).
    Removing stm32f10x_usart.o(.ARM.exidx.text.USART_ClearITPendingBit), (8 bytes).
    Removing startup_stm32f10x_md.o(HEAP), (512 bytes).
    Removing system_stm32f10x.o(.text), (0 bytes).
    Removing system_stm32f10x.o(.ARM.exidx.text.SystemInit), (8 bytes).
    Removing system_stm32f10x.o(.ARM.exidx.text.SetSysClock), (8 bytes).
    Removing system_stm32f10x.o(.text.SystemCoreClockUpdate), (290 bytes).
    Removing system_stm32f10x.o(.ARM.exidx.text.SystemCoreClockUpdate), (8 bytes).
    Removing system_stm32f10x.o(.ARM.exidx.text.SetSysClockTo72), (8 bytes).
    Removing system_stm32f10x.o(.data.SystemCoreClock), (4 bytes).
    Removing system_stm32f10x.o(.rodata.AHBPrescTable), (16 bytes).

242 unused section(s) (total 8182 bytes) removed from the image.

==============================================================================

Image Symbol Table

    Local Symbols

    Symbol Name                              Value     Ov Type        Size  Object(Section)

    ../clib/division.s                       0x00000000   Number         0  aeabi_sdiv.o ABSOLUTE
    ../clib/microlib/ctype/ctype.c           0x00000000   Number         0  isspace_c.o ABSOLUTE
    ../clib/microlib/ctype/ctype.c           0x00000000   Number         0  ctype_c.o ABSOLUTE
    ../clib/microlib/division.c              0x00000000   Number         0  uidiv.o ABSOLUTE
    ../clib/microlib/division.c              0x00000000   Number         0  uldiv.o ABSOLUTE
    ../clib/microlib/init/entry.s            0x00000000   Number         0  entry.o ABSOLUTE
    ../clib/microlib/init/entry.s            0x00000000   Number         0  entry2.o ABSOLUTE
    ../clib/microlib/init/entry.s            0x00000000   Number         0  entry5.o ABSOLUTE
    ../clib/microlib/init/entry.s            0x00000000   Number         0  entry7a.o ABSOLUTE
    ../clib/microlib/init/entry.s            0x00000000   Number         0  entry7b.o ABSOLUTE
    ../clib/microlib/init/entry.s            0x00000000   Number         0  entry8a.o ABSOLUTE
    ../clib/microlib/init/entry.s            0x00000000   Number         0  entry8b.o ABSOLUTE
    ../clib/microlib/init/entry.s            0x00000000   Number         0  entry9a.o ABSOLUTE
    ../clib/microlib/init/entry.s            0x00000000   Number         0  entry9b.o ABSOLUTE
    ../clib/microlib/init/entry.s            0x00000000   Number         0  entry10a.o ABSOLUTE
    ../clib/microlib/init/entry.s            0x00000000   Number         0  entry10b.o ABSOLUTE
    ../clib/microlib/init/entry.s            0x00000000   Number         0  entry11a.o ABSOLUTE
    ../clib/microlib/init/entry.s            0x00000000   Number         0  entry11b.o ABSOLUTE
    ../clib/microlib/longlong.c              0x00000000   Number         0  llshl.o ABSOLUTE
    ../clib/microlib/longlong.c              0x00000000   Number         0  llushr.o ABSOLUTE
    ../clib/microlib/longlong.c              0x00000000   Number         0  llsshr.o ABSOLUTE
    ../clib/microlib/printf/printf.c         0x00000000   Number         0  printfa.o ABSOLUTE
    ../clib/microlib/stdio/fgetc.c           0x00000000   Number         0  fgetc_b.o ABSOLUTE
    ../clib/microlib/stdio/semi.s            0x00000000   Number         0  semi.o ABSOLUTE
    ../clib/microlib/stdio/streams.c         0x00000000   Number         0  stdin.o ABSOLUTE
    ../clib/microlib/stdio/streams.c         0x00000000   Number         0  stdout.o ABSOLUTE
    ../clib/microlib/string/memcpy.c         0x00000000   Number         0  memcpya.o ABSOLUTE
    ../clib/microlib/string/memcpy.c         0x00000000   Number         0  memcpyb.o ABSOLUTE
    ../clib/microlib/stubs.s                 0x00000000   Number         0  iusefp.o ABSOLUTE
    ../clib/microlib/stubs.s                 0x00000000   Number         0  iusesemig.o ABSOLUTE
    ../clib/scanf.c                          0x00000000   Number         0  scanf.o ABSOLUTE
    ../clib/scanf.c                          0x00000000   Number         0  _scanf_longlong.o ABSOLUTE
    ../clib/scanf.c                          0x00000000   Number         0  _scanf_int.o ABSOLUTE
    ../clib/scanf.c                          0x00000000   Number         0  _scanf_str.o ABSOLUTE
    ../clib/scanf.c                          0x00000000   Number         0  scanf_fp.o ABSOLUTE
    ../clib/scanf.c                          0x00000000   Number         0  scanf_char_file.o ABSOLUTE
    ../clib/scanf.c                          0x00000000   Number         0  _chval.o ABSOLUTE
    ../clib/scanf.c                          0x00000000   Number         0  scanf_char.o ABSOLUTE
    ../clib/scanf.c                          0x00000000   Number         0  _scanf.o ABSOLUTE
    ../fplib/microlib/d2f.c                  0x00000000   Number         0  d2f.o ABSOLUTE
    ../fplib/microlib/fpadd.c                0x00000000   Number         0  dadd.o ABSOLUTE
    ../fplib/microlib/fpdiv.c                0x00000000   Number         0  ddiv.o ABSOLUTE
    ../fplib/microlib/fpepilogue.c           0x00000000   Number         0  depilogue.o ABSOLUTE
    ../fplib/microlib/fpepilogue.c           0x00000000   Number         0  fepilogue.o ABSOLUTE
    ../fplib/microlib/fpfix.c                0x00000000   Number         0  dfixul.o ABSOLUTE
    ../fplib/microlib/fpflt.c                0x00000000   Number         0  dfltul.o ABSOLUTE
    ../fplib/microlib/fpmul.c                0x00000000   Number         0  dmul.o ABSOLUTE
    RTE/Device/STM32F103C8/startup_stm32f10x_md.s 0x00000000   Number         0  startup_stm32f10x_md.o ABSOLUTE
    cdrcmple.s                               0x00000000   Number         0  cdrcmple.o ABSOLUTE
    dc.s                                     0x00000000   Number         0  dc.o ABSOLUTE
    debug.c                                  0x00000000   Number         0  debug.o ABSOLUTE
    gpio.c                                   0x00000000   Number         0  gpio.o ABSOLUTE
    handlers.s                               0x00000000   Number         0  handlers.o ABSOLUTE
    init.s                                   0x00000000   Number         0  init.o ABSOLUTE
    main.c                                   0x00000000   Number         0  main.o ABSOLUTE
    misc.c                                   0x00000000   Number         0  misc.o ABSOLUTE
    stm32f10x_gpio.c                         0x00000000   Number         0  stm32f10x_gpio.o ABSOLUTE
    stm32f10x_rcc.c                          0x00000000   Number         0  stm32f10x_rcc.o ABSOLUTE
    stm32f10x_usart.c                        0x00000000   Number         0  stm32f10x_usart.o ABSOLUTE
    system_stm32f10x.c                       0x00000000   Number         0  system_stm32f10x.o ABSOLUTE
    usart.c                                  0x00000000   Number         0  usart.o ABSOLUTE
    usb_app.c                                0x00000000   Number         0  usb_app.o ABSOLUTE
    usb_core.c                               0x00000000   Number         0  usb_core.o ABSOLUTE
    usb_hid.c                                0x00000000   Number         0  usb_hid.o ABSOLUTE
    RESET                                    0x08000000   Section      236  startup_stm32f10x_md.o(RESET)
    .ARM.Collect$$$$00000000                 0x080000ec   Section        0  entry.o(.ARM.Collect$$$$00000000)
    .ARM.Collect$$$$00000001                 0x080000ec   Section        4  entry2.o(.ARM.Collect$$$$00000001)
    .ARM.Collect$$$$00000004                 0x080000f0   Section        4  entry5.o(.ARM.Collect$$$$00000004)
    .ARM.Collect$$$$00000008                 0x080000f4   Section        0  entry7b.o(.ARM.Collect$$$$00000008)
    .ARM.Collect$$$$0000000A                 0x080000f4   Section        0  entry8b.o(.ARM.Collect$$$$0000000A)
    .ARM.Collect$$$$0000000B                 0x080000f4   Section        8  entry9a.o(.ARM.Collect$$$$0000000B)
    __lit__00000000                          0x080000fc   Data           4  entry2.o(.ARM.Collect$$$$00002712)
    .ARM.Collect$$$$0000000D                 0x080000fc   Section        0  entry10a.o(.ARM.Collect$$$$0000000D)
    .ARM.Collect$$$$0000000F                 0x080000fc   Section        0  entry11a.o(.ARM.Collect$$$$0000000F)
    .ARM.Collect$$$$00002712                 0x080000fc   Section        4  entry2.o(.ARM.Collect$$$$00002712)
    .text                                    0x08000100   Section       36  startup_stm32f10x_md.o(.text)
    .text                                    0x08000124   Section        0  memcpya.o(.text)
    .text                                    0x08000148   Section        0  scanf.o(.text)
    .text                                    0x08000168   Section        0  uidiv.o(.text)
    .text                                    0x08000194   Section        0  uldiv.o(.text)
    .text                                    0x080001f6   Section        0  _scanf_longlong.o(.text)
    .text                                    0x0800034c   Section        0  _scanf_int.o(.text)
    .text                                    0x08000498   Section        0  _scanf_str.o(.text)
    _fp_value                                0x08000579   Thumb Code   296  scanf_fp.o(.text)
    .text                                    0x08000578   Section        0  scanf_fp.o(.text)
    .text                                    0x080008d8   Section        0  scanf_char_file.o(.text)
    .text                                    0x080008ec   Section        0  iusefp.o(.text)
    .text                                    0x080008ec   Section        0  dadd.o(.text)
    .text                                    0x08000a3a   Section        0  dmul.o(.text)
    .text                                    0x08000b1e   Section        0  ddiv.o(.text)
    .text                                    0x08000bfc   Section        0  dfixul.o(.text)
    .text                                    0x08000c2c   Section       48  cdrcmple.o(.text)
    .text                                    0x08000c5c   Section       36  init.o(.text)
    .text                                    0x08000c80   Section        0  fgetc_b.o(.text)
    .text                                    0x08000cac   Section        0  llshl.o(.text)
    .text                                    0x08000cca   Section        0  llushr.o(.text)
    .text                                    0x08000cea   Section        0  llsshr.o(.text)
    .text                                    0x08000d0e   Section        0  _chval.o(.text)
    _scanf_char_input                        0x08000d2d   Thumb Code    12  scanf_char.o(.text)
    .text                                    0x08000d2c   Section        0  scanf_char.o(.text)
    .text                                    0x08000d54   Section        0  depilogue.o(.text)
    .text                                    0x08000e0e   Section        0  dfltul.o(.text)
    .text                                    0x08000e26   Section        0  d2f.o(.text)
    .text                                    0x08000e5e   Section        0  semi.o(.text)
    .text                                    0x08000e5e   Section        0  isspace_c.o(.text)
    .text                                    0x08000e68   Section        0  _scanf.o(.text)
    .text                                    0x08001194   Section        0  iusesemig.o(.text)
    .text                                    0x08001194   Section        0  fepilogue.o(.text)
    .text                                    0x08001204   Section        0  ctype_c.o(.text)
    SetSysClock                              0x0800122d   Thumb Code     8  system_stm32f10x.o(.text.SetSysClock)
    [Anonymous Symbol]                       0x0800122c   Section        0  system_stm32f10x.o(.text.SetSysClock)
    SetSysClockTo72                          0x08001235   Thumb Code   290  system_stm32f10x.o(.text.SetSysClockTo72)
    [Anonymous Symbol]                       0x08001234   Section        0  system_stm32f10x.o(.text.SetSysClockTo72)
    [Anonymous Symbol]                       0x08001358   Section        0  system_stm32f10x.o(.text.SystemInit)
    [Anonymous Symbol]                       0x080013c0   Section        0  usart.o(.text.USART1_IRQHandler)
    [Anonymous Symbol]                       0x08001418   Section        0  usb_core.o(.text.USB_LP_CAN1_RX0_IRQHandler)
    [Anonymous Symbol]                       0x0800154c   Section        0  main.o(.text.delay)
    [Anonymous Symbol]                       0x08001588   Section        0  usart.o(.text.fgetc)
    [Anonymous Symbol]                       0x080015b4   Section        0  usart.o(.text.fputc)
    [Anonymous Symbol]                       0x080015e4   Section        0  usb_app.o(.text.getConfigurationDescriptor)
    [Anonymous Symbol]                       0x0800171c   Section        0  usb_app.o(.text.getDeviceDescriptor)
    [Anonymous Symbol]                       0x0800178c   Section        0  usb_app.o(.text.getReportDescriptor)
    [Anonymous Symbol]                       0x080017c0   Section        0  usb_app.o(.text.getStringDescriptor)
    [Anonymous Symbol]                       0x080018b4   Section        0  usb_app.o(.text.init)
    [Anonymous Symbol]                       0x080018bc   Section        0  gpio.o(.text.ledInit)
    [Anonymous Symbol]                       0x080018e0   Section        0  gpio.o(.text.ledOff)
    [Anonymous Symbol]                       0x080018f4   Section        0  gpio.o(.text.ledOn)
    [Anonymous Symbol]                       0x08001908   Section        0  main.o(.text.main)
    [Anonymous Symbol]                       0x08001a00   Section        0  usb_app.o(.text.sendReport)
    [Anonymous Symbol]                       0x08001a6c   Section        0  usb_app.o(.text.setAddress)
    [Anonymous Symbol]                       0x08001a84   Section        0  usart.o(.text.usartInit)
    usbClassSetIdle                          0x08001b5d   Thumb Code    48  usb_core.o(.text.usbClassSetIdle)
    [Anonymous Symbol]                       0x08001b5c   Section        0  usb_core.o(.text.usbClassSetIdle)
    usbEPxIn                                 0x08001b8d   Thumb Code   150  usb_core.o(.text.usbEPxIn)
    [Anonymous Symbol]                       0x08001b8c   Section        0  usb_core.o(.text.usbEPxIn)
    usbEPxOut                                0x08001c25   Thumb Code   274  usb_core.o(.text.usbEPxOut)
    [Anonymous Symbol]                       0x08001c24   Section        0  usb_core.o(.text.usbEPxOut)
    usbEPxSend                               0x08001d39   Thumb Code   470  usb_core.o(.text.usbEPxSend)
    [Anonymous Symbol]                       0x08001d38   Section        0  usb_core.o(.text.usbEPxSend)
    [Anonymous Symbol]                       0x08001f10   Section        0  usb_core.o(.text.usbInit)
    usbReadPMA                               0x0800203d   Thumb Code    92  usb_core.o(.text.usbReadPMA)
    [Anonymous Symbol]                       0x0800203c   Section        0  usb_core.o(.text.usbReadPMA)
    usbResetHandler                          0x08002099   Thumb Code    60  usb_core.o(.text.usbResetHandler)
    [Anonymous Symbol]                       0x08002098   Section        0  usb_core.o(.text.usbResetHandler)
    usbSetup                                 0x080020d5   Thumb Code   406  usb_core.o(.text.usbSetup)
    [Anonymous Symbol]                       0x080020d4   Section        0  usb_core.o(.text.usbSetup)
    usbStandardClearFeature                  0x0800226d   Thumb Code    66  usb_core.o(.text.usbStandardClearFeature)
    [Anonymous Symbol]                       0x0800226c   Section        0  usb_core.o(.text.usbStandardClearFeature)
    usbStandardGetConfiguration              0x080022b1   Thumb Code    48  usb_core.o(.text.usbStandardGetConfiguration)
    [Anonymous Symbol]                       0x080022b0   Section        0  usb_core.o(.text.usbStandardGetConfiguration)
    usbStandardGetDescriptor                 0x080022e1   Thumb Code   234  usb_core.o(.text.usbStandardGetDescriptor)
    [Anonymous Symbol]                       0x080022e0   Section        0  usb_core.o(.text.usbStandardGetDescriptor)
    usbStandardGetInterface                  0x080023cd   Thumb Code    48  usb_core.o(.text.usbStandardGetInterface)
    [Anonymous Symbol]                       0x080023cc   Section        0  usb_core.o(.text.usbStandardGetInterface)
    usbStandardGetStatus                     0x080023fd   Thumb Code    48  usb_core.o(.text.usbStandardGetStatus)
    [Anonymous Symbol]                       0x080023fc   Section        0  usb_core.o(.text.usbStandardGetStatus)
    usbStandardSetAddress                    0x0800242d   Thumb Code    88  usb_core.o(.text.usbStandardSetAddress)
    [Anonymous Symbol]                       0x0800242c   Section        0  usb_core.o(.text.usbStandardSetAddress)
    usbStandardSetConfiguration              0x08002485   Thumb Code    60  usb_core.o(.text.usbStandardSetConfiguration)
    [Anonymous Symbol]                       0x08002484   Section        0  usb_core.o(.text.usbStandardSetConfiguration)
    usbStandardSetDescriptor                 0x080024c1   Thumb Code    48  usb_core.o(.text.usbStandardSetDescriptor)
    [Anonymous Symbol]                       0x080024c0   Section        0  usb_core.o(.text.usbStandardSetDescriptor)
    usbStandardSetFeature                    0x080024f1   Thumb Code    48  usb_core.o(.text.usbStandardSetFeature)
    [Anonymous Symbol]                       0x080024f0   Section        0  usb_core.o(.text.usbStandardSetFeature)
    usbStandardSetInterface                  0x08002521   Thumb Code    48  usb_core.o(.text.usbStandardSetInterface)
    [Anonymous Symbol]                       0x08002520   Section        0  usb_core.o(.text.usbStandardSetInterface)
    usbStandardSynchFrame                    0x08002551   Thumb Code    48  usb_core.o(.text.usbStandardSynchFrame)
    [Anonymous Symbol]                       0x08002550   Section        0  usb_core.o(.text.usbStandardSynchFrame)
    usbTransferHandler                       0x08002581   Thumb Code   250  usb_core.o(.text.usbTransferHandler)
    [Anonymous Symbol]                       0x08002580   Section        0  usb_core.o(.text.usbTransferHandler)
    [Anonymous Symbol]                       0x0800267c   Section        0  usb_core.o(.text.usbWritePMA)
    [Anonymous Symbol]                       0x080026d8   Section        0  usb_app.o(.text.wcscpy)
    [Anonymous Symbol]                       0x08002700   Section        0  usb_app.o(.text.wcslen)
    i.__0printf                              0x08002724   Section        0  printfa.o(i.__0printf)
    i.__scatterload_copy                     0x08002744   Section       14  handlers.o(i.__scatterload_copy)
    i.__scatterload_null                     0x08002752   Section        2  handlers.o(i.__scatterload_null)
    i.__scatterload_zeroinit                 0x08002754   Section       14  handlers.o(i.__scatterload_zeroinit)
    _fp_digits                               0x08002765   Thumb Code   366  printfa.o(i._fp_digits)
    i._fp_digits                             0x08002764   Section        0  printfa.o(i._fp_digits)
    i._is_digit                              0x080028e8   Section        0  scanf_fp.o(i._is_digit)
    _printf_core                             0x080028f9   Thumb Code  1744  printfa.o(i._printf_core)
    i._printf_core                           0x080028f8   Section        0  printfa.o(i._printf_core)
    _printf_post_padding                     0x08002fd5   Thumb Code    36  printfa.o(i._printf_post_padding)
    i._printf_post_padding                   0x08002fd4   Section        0  printfa.o(i._printf_post_padding)
    _printf_pre_padding                      0x08002ff9   Thumb Code    46  printfa.o(i._printf_pre_padding)
    i._printf_pre_padding                    0x08002ff8   Section        0  printfa.o(i._printf_pre_padding)
    .constdata                               0x08003026   Section       64  ctype_c.o(.constdata)
    .L.str.3                                 0x08003066   Data          56  main.o(.rodata.str1.1)
    [Anonymous Symbol]                       0x08003066   Section        0  main.o(.rodata.str1.1)
    .L.str.2                                 0x0800309e   Data          10  main.o(.rodata.str1.1)
    .L.str.1                                 0x080030a8   Data          10  main.o(.rodata.str1.1)
    .L.str                                   0x080030b2   Data          12  main.o(.rodata.str1.1)
    .L.str.1                                 0x080030be   Data          19  usart.o(.rodata.str1.1)
    [Anonymous Symbol]                       0x080030be   Section        0  usart.o(.rodata.str1.1)
    .L.str.2                                 0x080030d1   Data          19  usart.o(.rodata.str1.1)
    .L.str                                   0x080030e4   Data           3  usart.o(.rodata.str1.1)
    .L.str.7                                 0x080030e8   Data          34  usb_app.o(.rodata.str2.2)
    [Anonymous Symbol]                       0x080030e8   Section        0  usb_app.o(.rodata.str2.2)
    .L.str.9                                 0x0800310a   Data          28  usb_app.o(.rodata.str2.2)
    .L.str.5                                 0x08003126   Data          40  usb_app.o(.rodata.str2.2)
    .L.str.1                                 0x0800314e   Data          40  usb_app.o(.rodata.str2.2)
    .L.str.3                                 0x08003176   Data          30  usb_app.o(.rodata.str2.2)
    .L.str.11                                0x08003194   Data           8  usb_app.o(.rodata.str2.2)
    .data                                    0x20000000   Section        4  stdin.o(.data)
    .data                                    0x20000004   Section        4  stdout.o(.data)
    ungetc_sp                                0x20000008   Data           1  fgetc_b.o(.data)
    .data                                    0x20000008   Section        3  fgetc_b.o(.data)
    ungetc_stack                             0x20000009   Data           2  fgetc_b.o(.data)
    endPoint0                                0x20000068   Data          40  usb_app.o(.data.endPoint0)
    [Anonymous Symbol]                       0x20000068   Section        0  usb_app.o(.data.endPoint0)
    endPoint1                                0x20000090   Data           8  usb_app.o(.data.endPoint1)
    [Anonymous Symbol]                       0x20000090   Section        0  usb_app.o(.data.endPoint1)
    main.temp                                0x20000098   Data           8  main.o(.data.main.temp)
    [Anonymous Symbol]                       0x20000098   Section        0  main.o(.data.main.temp)
    STACK                                    0x20000170   Section     1024  startup_stm32f10x_md.o(STACK)

    Global Symbols

    Symbol Name                              Value     Ov Type        Size  Object(Section)

    BuildAttributes$$THM_ISAv4$P$D$K$B$S$PE$A:L22UL41UL21$X:L11$S22US41US21$IEEE1$IW$~IW$USESV6$~STKCKD$USESV7$~SHL$OTIME$ROPI$EBA8$MICROLIB$REQ8$PRES8$EABIv2 0x00000000   Number         0  anon$$obj.o ABSOLUTE
    __cpp_initialize__aeabi_                  - Undefined Weak Reference
    __cxa_finalize                            - Undefined Weak Reference
    __decompress                              - Undefined Weak Reference
    _clock_init                               - Undefined Weak Reference
    _microlib_exit                            - Undefined Weak Reference
    __Vectors_Size                           0x000000ec   Number         0  startup_stm32f10x_md.o ABSOLUTE
    __Vectors                                0x08000000   Data           4  startup_stm32f10x_md.o(RESET)
    __Vectors_End                            0x080000ec   Data           0  startup_stm32f10x_md.o(RESET)
    __main                                   0x080000ed   Thumb Code     0  entry.o(.ARM.Collect$$$$00000000)
    _main_stk                                0x080000ed   Thumb Code     0  entry2.o(.ARM.Collect$$$$00000001)
    _main_scatterload                        0x080000f1   Thumb Code     0  entry5.o(.ARM.Collect$$$$00000004)
    __main_after_scatterload                 0x080000f5   Thumb Code     0  entry5.o(.ARM.Collect$$$$00000004)
    _main_clock                              0x080000f5   Thumb Code     0  entry7b.o(.ARM.Collect$$$$00000008)
    _main_cpp_init                           0x080000f5   Thumb Code     0  entry8b.o(.ARM.Collect$$$$0000000A)
    _main_init                               0x080000f5   Thumb Code     0  entry9a.o(.ARM.Collect$$$$0000000B)
    __rt_final_cpp                           0x080000fd   Thumb Code     0  entry10a.o(.ARM.Collect$$$$0000000D)
    __rt_final_exit                          0x080000fd   Thumb Code     0  entry11a.o(.ARM.Collect$$$$0000000F)
    Reset_Handler                            0x08000101   Thumb Code     8  startup_stm32f10x_md.o(.text)
    NMI_Handler                              0x08000109   Thumb Code     2  startup_stm32f10x_md.o(.text)
    HardFault_Handler                        0x0800010b   Thumb Code     2  startup_stm32f10x_md.o(.text)
    MemManage_Handler                        0x0800010d   Thumb Code     2  startup_stm32f10x_md.o(.text)
    BusFault_Handler                         0x0800010f   Thumb Code     2  startup_stm32f10x_md.o(.text)
    UsageFault_Handler                       0x08000111   Thumb Code     2  startup_stm32f10x_md.o(.text)
    SVC_Handler                              0x08000113   Thumb Code     2  startup_stm32f10x_md.o(.text)
    DebugMon_Handler                         0x08000115   Thumb Code     2  startup_stm32f10x_md.o(.text)
    PendSV_Handler                           0x08000117   Thumb Code     2  startup_stm32f10x_md.o(.text)
    SysTick_Handler                          0x08000119   Thumb Code     2  startup_stm32f10x_md.o(.text)
    ADC1_2_IRQHandler                        0x0800011b   Thumb Code     0  startup_stm32f10x_md.o(.text)
    CAN1_RX1_IRQHandler                      0x0800011b   Thumb Code     0  startup_stm32f10x_md.o(.text)
    CAN1_SCE_IRQHandler                      0x0800011b   Thumb Code     0  startup_stm32f10x_md.o(.text)
    DMA1_Channel1_IRQHandler                 0x0800011b   Thumb Code     0  startup_stm32f10x_md.o(.text)
    DMA1_Channel2_IRQHandler                 0x0800011b   Thumb Code     0  startup_stm32f10x_md.o(.text)
    DMA1_Channel3_IRQHandler                 0x0800011b   Thumb Code     0  startup_stm32f10x_md.o(.text)
    DMA1_Channel4_IRQHandler                 0x0800011b   Thumb Code     0  startup_stm32f10x_md.o(.text)
    DMA1_Channel5_IRQHandler                 0x0800011b   Thumb Code     0  startup_stm32f10x_md.o(.text)
    DMA1_Channel6_IRQHandler                 0x0800011b   Thumb Code     0  startup_stm32f10x_md.o(.text)
    DMA1_Channel7_IRQHandler                 0x0800011b   Thumb Code     0  startup_stm32f10x_md.o(.text)
    EXTI0_IRQHandler                         0x0800011b   Thumb Code     0  startup_stm32f10x_md.o(.text)
    EXTI15_10_IRQHandler                     0x0800011b   Thumb Code     0  startup_stm32f10x_md.o(.text)
    EXTI1_IRQHandler                         0x0800011b   Thumb Code     0  startup_stm32f10x_md.o(.text)
    EXTI2_IRQHandler                         0x0800011b   Thumb Code     0  startup_stm32f10x_md.o(.text)
    EXTI3_IRQHandler                         0x0800011b   Thumb Code     0  startup_stm32f10x_md.o(.text)
    EXTI4_IRQHandler                         0x0800011b   Thumb Code     0  startup_stm32f10x_md.o(.text)
    EXTI9_5_IRQHandler                       0x0800011b   Thumb Code     0  startup_stm32f10x_md.o(.text)
    FLASH_IRQHandler                         0x0800011b   Thumb Code     0  startup_stm32f10x_md.o(.text)
    I2C1_ER_IRQHandler                       0x0800011b   Thumb Code     0  startup_stm32f10x_md.o(.text)
    I2C1_EV_IRQHandler                       0x0800011b   Thumb Code     0  startup_stm32f10x_md.o(.text)
    I2C2_ER_IRQHandler                       0x0800011b   Thumb Code     0  startup_stm32f10x_md.o(.text)
    I2C2_EV_IRQHandler                       0x0800011b   Thumb Code     0  startup_stm32f10x_md.o(.text)
    PVD_IRQHandler                           0x0800011b   Thumb Code     0  startup_stm32f10x_md.o(.text)
    RCC_IRQHandler                           0x0800011b   Thumb Code     0  startup_stm32f10x_md.o(.text)
    RTCAlarm_IRQHandler                      0x0800011b   Thumb Code     0  startup_stm32f10x_md.o(.text)
    RTC_IRQHandler                           0x0800011b   Thumb Code     0  startup_stm32f10x_md.o(.text)
    SPI1_IRQHandler                          0x0800011b   Thumb Code     0  startup_stm32f10x_md.o(.text)
    SPI2_IRQHandler                          0x0800011b   Thumb Code     0  startup_stm32f10x_md.o(.text)
    TAMPER_IRQHandler                        0x0800011b   Thumb Code     0  startup_stm32f10x_md.o(.text)
    TIM1_BRK_IRQHandler                      0x0800011b   Thumb Code     0  startup_stm32f10x_md.o(.text)
    TIM1_CC_IRQHandler                       0x0800011b   Thumb Code     0  startup_stm32f10x_md.o(.text)
    TIM1_TRG_COM_IRQHandler                  0x0800011b   Thumb Code     0  startup_stm32f10x_md.o(.text)
    TIM1_UP_IRQHandler                       0x0800011b   Thumb Code     0  startup_stm32f10x_md.o(.text)
    TIM2_IRQHandler                          0x0800011b   Thumb Code     0  startup_stm32f10x_md.o(.text)
    TIM3_IRQHandler                          0x0800011b   Thumb Code     0  startup_stm32f10x_md.o(.text)
    TIM4_IRQHandler                          0x0800011b   Thumb Code     0  startup_stm32f10x_md.o(.text)
    USART2_IRQHandler                        0x0800011b   Thumb Code     0  startup_stm32f10x_md.o(.text)
    USART3_IRQHandler                        0x0800011b   Thumb Code     0  startup_stm32f10x_md.o(.text)
    USBWakeUp_IRQHandler                     0x0800011b   Thumb Code     0  startup_stm32f10x_md.o(.text)
    USB_HP_CAN1_TX_IRQHandler                0x0800011b   Thumb Code     0  startup_stm32f10x_md.o(.text)
    WWDG_IRQHandler                          0x0800011b   Thumb Code     0  startup_stm32f10x_md.o(.text)
    __aeabi_memcpy                           0x08000125   Thumb Code    36  memcpya.o(.text)
    __aeabi_memcpy4                          0x08000125   Thumb Code     0  memcpya.o(.text)
    __aeabi_memcpy8                          0x08000125   Thumb Code     0  memcpya.o(.text)
    scanf                                    0x08000149   Thumb Code    26  scanf.o(.text)
    __aeabi_uidiv                            0x08000169   Thumb Code     0  uidiv.o(.text)
    __aeabi_uidivmod                         0x08000169   Thumb Code    44  uidiv.o(.text)
    __aeabi_uldivmod                         0x08000195   Thumb Code    98  uldiv.o(.text)
    _scanf_longlong                          0x080001f7   Thumb Code   342  _scanf_longlong.o(.text)
    _scanf_int                               0x0800034d   Thumb Code   332  _scanf_int.o(.text)
    _scanf_string                            0x08000499   Thumb Code   224  _scanf_str.o(.text)
    _scanf_real                              0x080006a1   Thumb Code     0  scanf_fp.o(.text)
    _scanf_really_real                       0x080006a1   Thumb Code   556  scanf_fp.o(.text)
    __vfscanf_char_file                      0x080008d9   Thumb Code    12  scanf_char_file.o(.text)
    __I$use$fp                               0x080008ed   Thumb Code     0  iusefp.o(.text)
    __aeabi_dadd                             0x080008ed   Thumb Code   322  dadd.o(.text)
    __aeabi_dsub                             0x08000a2f   Thumb Code     6  dadd.o(.text)
    __aeabi_drsub                            0x08000a35   Thumb Code     6  dadd.o(.text)
    __aeabi_dmul                             0x08000a3b   Thumb Code   228  dmul.o(.text)
    __aeabi_ddiv                             0x08000b1f   Thumb Code   222  ddiv.o(.text)
    __aeabi_d2ulz                            0x08000bfd   Thumb Code    48  dfixul.o(.text)
    __aeabi_cdrcmple                         0x08000c2d   Thumb Code    48  cdrcmple.o(.text)
    __scatterload                            0x08000c5d   Thumb Code    28  init.o(.text)
    __scatterload_rt2                        0x08000c5d   Thumb Code     0  init.o(.text)
    _fgetc$bs                                0x08000c81   Thumb Code    28  fgetc_b.o(.text)
    __backspace                              0x08000c9d   Thumb Code    10  fgetc_b.o(.text)
    __aeabi_llsl                             0x08000cad   Thumb Code    30  llshl.o(.text)
    _ll_shift_l                              0x08000cad   Thumb Code     0  llshl.o(.text)
    __aeabi_llsr                             0x08000ccb   Thumb Code    32  llushr.o(.text)
    _ll_ushift_r                             0x08000ccb   Thumb Code     0  llushr.o(.text)
    __aeabi_lasr                             0x08000ceb   Thumb Code    36  llsshr.o(.text)
    _ll_sshift_r                             0x08000ceb   Thumb Code     0  llsshr.o(.text)
    _chval                                   0x08000d0f   Thumb Code    28  _chval.o(.text)
    __vfscanf_char                           0x08000d39   Thumb Code    20  scanf_char.o(.text)
    _double_round                            0x08000d55   Thumb Code    30  depilogue.o(.text)
    _double_epilogue                         0x08000d73   Thumb Code   156  depilogue.o(.text)
    __aeabi_ul2d                             0x08000e0f   Thumb Code    24  dfltul.o(.text)
    __aeabi_d2f                              0x08000e27   Thumb Code    56  d2f.o(.text)
    __semihosting_library_function           0x08000e5f   Thumb Code     0  semi.o(.text)
    isspace                                  0x08000e5f   Thumb Code    10  isspace_c.o(.text)
    __vfscanf                                0x08000e69   Thumb Code   808  _scanf.o(.text)
    __I$use$semihosting$fgetc                0x08001195   Thumb Code     0  iusesemig.o(.text)
    _float_round                             0x08001195   Thumb Code    18  fepilogue.o(.text)
    _float_epilogue                          0x080011a7   Thumb Code    92  fepilogue.o(.text)
    __ctype_lookup                           0x08001205   Thumb Code    34  ctype_c.o(.text)
    SystemInit                               0x08001359   Thumb Code   102  system_stm32f10x.o(.text.SystemInit)
    USART1_IRQHandler                        0x080013c1   Thumb Code    86  usart.o(.text.USART1_IRQHandler)
    USB_LP_CAN1_RX0_IRQHandler               0x08001419   Thumb Code   308  usb_core.o(.text.USB_LP_CAN1_RX0_IRQHandler)
    delay                                    0x0800154d   Thumb Code    60  main.o(.text.delay)
    fgetc                                    0x08001589   Thumb Code    42  usart.o(.text.fgetc)
    fputc                                    0x080015b5   Thumb Code    46  usart.o(.text.fputc)
    getConfigurationDescriptor               0x080015e5   Thumb Code   312  usb_app.o(.text.getConfigurationDescriptor)
    getDeviceDescriptor                      0x0800171d   Thumb Code   110  usb_app.o(.text.getDeviceDescriptor)
    getReportDescriptor                      0x0800178d   Thumb Code    52  usb_app.o(.text.getReportDescriptor)
    getStringDescriptor                      0x080017c1   Thumb Code   244  usb_app.o(.text.getStringDescriptor)
    init                                     0x080018b5   Thumb Code     8  usb_app.o(.text.init)
    ledInit                                  0x080018bd   Thumb Code    34  gpio.o(.text.ledInit)
    ledOff                                   0x080018e1   Thumb Code    18  gpio.o(.text.ledOff)
    ledOn                                    0x080018f5   Thumb Code    18  gpio.o(.text.ledOn)
    main                                     0x08001909   Thumb Code   246  main.o(.text.main)
    sendReport                               0x08001a01   Thumb Code   106  usb_app.o(.text.sendReport)
    setAddress                               0x08001a6d   Thumb Code    24  usb_app.o(.text.setAddress)
    usartInit                                0x08001a85   Thumb Code   214  usart.o(.text.usartInit)
    usbInit                                  0x08001f11   Thumb Code   298  usb_core.o(.text.usbInit)
    usbWritePMA                              0x0800267d   Thumb Code    92  usb_core.o(.text.usbWritePMA)
    wcscpy                                   0x080026d9   Thumb Code    40  usb_app.o(.text.wcscpy)
    wcslen                                   0x08002701   Thumb Code    36  usb_app.o(.text.wcslen)
    __0printf                                0x08002725   Thumb Code    22  printfa.o(i.__0printf)
    __1printf                                0x08002725   Thumb Code     0  printfa.o(i.__0printf)
    __2printf                                0x08002725   Thumb Code     0  printfa.o(i.__0printf)
    __c89printf                              0x08002725   Thumb Code     0  printfa.o(i.__0printf)
    printf                                   0x08002725   Thumb Code     0  printfa.o(i.__0printf)
    __scatterload_copy                       0x08002745   Thumb Code    14  handlers.o(i.__scatterload_copy)
    __scatterload_null                       0x08002753   Thumb Code     2  handlers.o(i.__scatterload_null)
    __scatterload_zeroinit                   0x08002755   Thumb Code    14  handlers.o(i.__scatterload_zeroinit)
    _is_digit                                0x080028e9   Thumb Code    14  scanf_fp.o(i._is_digit)
    __ctype_categories                       0x08003026   Data          64  ctype_c.o(.constdata)
    Region$$Table$$Base                      0x0800319c   Number         0  anon$$obj.o(Region$$Table)
    Region$$Table$$Limit                     0x080031bc   Number         0  anon$$obj.o(Region$$Table)
    __stdin                                  0x20000000   Data           4  stdin.o(.data)
    __stdout                                 0x20000004   Data           4  stdout.o(.data)
    ReportDescriptor                         0x2000000b   Data          67  usb_hid.o(.data.ReportDescriptor)
    app                                      0x20000050   Data          24  usb_app.o(.data.app)
    devReq                                   0x200000a0   Data           4  usb_core.o(.bss.devReq)
    readBuffer                               0x200000a4   Data         100  usb_app.o(.bss.readBuffer)
    writeBuffer                              0x20000108   Data         100  usb_app.o(.bss.writeBuffer)
    __initial_sp                             0x20000570   Data           0  startup_stm32f10x_md.o(STACK)



==============================================================================

Memory Map of the image

  Image Entry point : 0x08000101

  Load Region LR_1 (Base: 0x08000000, Size: 0x0000325c, Max: 0xffffffff, ABSOLUTE)

    Execution Region ER_RO (Exec base: 0x08000000, Load base: 0x08000000, Size: 0x000031bc, Max: 0xffffffff, ABSOLUTE)

    Exec Addr    Load Addr    Size         Type   Attr      Idx    E Section Name        Object

    0x08000000   0x08000000   0x000000ec   Data   RO          350    RESET               startup_stm32f10x_md.o
    0x080000ec   0x080000ec   0x00000000   Code   RO          374  * .ARM.Collect$$$$00000000  mc_w.l(entry.o)
    0x080000ec   0x080000ec   0x00000004   Code   RO          411    .ARM.Collect$$$$00000001  mc_w.l(entry2.o)
    0x080000f0   0x080000f0   0x00000004   Code   RO          414    .ARM.Collect$$$$00000004  mc_w.l(entry5.o)
    0x080000f4   0x080000f4   0x00000000   Code   RO          416    .ARM.Collect$$$$00000008  mc_w.l(entry7b.o)
    0x080000f4   0x080000f4   0x00000000   Code   RO          418    .ARM.Collect$$$$0000000A  mc_w.l(entry8b.o)
    0x080000f4   0x080000f4   0x00000008   Code   RO          419    .ARM.Collect$$$$0000000B  mc_w.l(entry9a.o)
    0x080000fc   0x080000fc   0x00000000   Code   RO          421    .ARM.Collect$$$$0000000D  mc_w.l(entry10a.o)
    0x080000fc   0x080000fc   0x00000000   Code   RO          423    .ARM.Collect$$$$0000000F  mc_w.l(entry11a.o)
    0x080000fc   0x080000fc   0x00000004   Code   RO          412    .ARM.Collect$$$$00002712  mc_w.l(entry2.o)
    0x08000100   0x08000100   0x00000024   Code   RO          351  * .text               startup_stm32f10x_md.o
    0x08000124   0x08000124   0x00000024   Code   RO          377    .text               mc_w.l(memcpya.o)
    0x08000148   0x08000148   0x00000020   Code   RO          409    .text               mc_w.l(scanf.o)
    0x08000168   0x08000168   0x0000002c   Code   RO          436    .text               mc_w.l(uidiv.o)
    0x08000194   0x08000194   0x00000062   Code   RO          438    .text               mc_w.l(uldiv.o)
    0x080001f6   0x080001f6   0x00000156   Code   RO          440    .text               mc_w.l(_scanf_longlong.o)
    0x0800034c   0x0800034c   0x0000014c   Code   RO          442    .text               mc_w.l(_scanf_int.o)
    0x08000498   0x08000498   0x000000e0   Code   RO          444    .text               mc_w.l(_scanf_str.o)
    0x08000578   0x08000578   0x00000360   Code   RO          446    .text               mc_w.l(scanf_fp.o)
    0x080008d8   0x080008d8   0x00000014   Code   RO          450    .text               mc_w.l(scanf_char_file.o)
    0x080008ec   0x080008ec   0x00000000   Code   RO          452    .text               mc_w.l(iusefp.o)
    0x080008ec   0x080008ec   0x0000014e   Code   RO          453    .text               mf_w.l(dadd.o)
    0x08000a3a   0x08000a3a   0x000000e4   Code   RO          455    .text               mf_w.l(dmul.o)
    0x08000b1e   0x08000b1e   0x000000de   Code   RO          457    .text               mf_w.l(ddiv.o)
    0x08000bfc   0x08000bfc   0x00000030   Code   RO          459    .text               mf_w.l(dfixul.o)
    0x08000c2c   0x08000c2c   0x00000030   Code   RO          461    .text               mf_w.l(cdrcmple.o)
    0x08000c5c   0x08000c5c   0x00000024   Code   RO          463    .text               mc_w.l(init.o)
    0x08000c80   0x08000c80   0x0000002c   Code   RO          465    .text               mc_w.l(fgetc_b.o)
    0x08000cac   0x08000cac   0x0000001e   Code   RO          468    .text               mc_w.l(llshl.o)
    0x08000cca   0x08000cca   0x00000020   Code   RO          470    .text               mc_w.l(llushr.o)
    0x08000cea   0x08000cea   0x00000024   Code   RO          472    .text               mc_w.l(llsshr.o)
    0x08000d0e   0x08000d0e   0x0000001c   Code   RO          474    .text               mc_w.l(_chval.o)
    0x08000d2a   0x08000d2a   0x00000002   PAD
    0x08000d2c   0x08000d2c   0x00000028   Code   RO          476    .text               mc_w.l(scanf_char.o)
    0x08000d54   0x08000d54   0x000000ba   Code   RO          478    .text               mf_w.l(depilogue.o)
    0x08000e0e   0x08000e0e   0x00000018   Code   RO          480    .text               mf_w.l(dfltul.o)
    0x08000e26   0x08000e26   0x00000038   Code   RO          482    .text               mf_w.l(d2f.o)
    0x08000e5e   0x08000e5e   0x00000000   Code   RO          484    .text               mc_w.l(semi.o)
    0x08000e5e   0x08000e5e   0x0000000a   Code   RO          485    .text               mc_w.l(isspace_c.o)
    0x08000e68   0x08000e68   0x0000032c   Code   RO          487    .text               mc_w.l(_scanf.o)
    0x08001194   0x08001194   0x00000000   Code   RO          489    .text               mc_w.l(iusesemig.o)
    0x08001194   0x08001194   0x0000006e   Code   RO          490    .text               mf_w.l(fepilogue.o)
    0x08001202   0x08001202   0x00000002   PAD
    0x08001204   0x08001204   0x00000028   Code   RO          492    .text               mc_w.l(ctype_c.o)
    0x0800122c   0x0800122c   0x00000008   Code   RO          360    .text.SetSysClock   system_stm32f10x.o
    0x08001234   0x08001234   0x00000122   Code   RO          364    .text.SetSysClockTo72  system_stm32f10x.o
    0x08001356   0x08001356   0x00000002   PAD
    0x08001358   0x08001358   0x00000066   Code   RO          358    .text.SystemInit    system_stm32f10x.o
    0x080013be   0x080013be   0x00000002   PAD
    0x080013c0   0x080013c0   0x00000056   Code   RO           41    .text.USART1_IRQHandler  usart.o
    0x08001416   0x08001416   0x00000002   PAD
    0x08001418   0x08001418   0x00000134   Code   RO           96    .text.USB_LP_CAN1_RX0_IRQHandler  usb_core.o
    0x0800154c   0x0800154c   0x0000003c   Code   RO            4    .text.delay         main.o
    0x08001588   0x08001588   0x0000002a   Code   RO           39    .text.fgetc         usart.o
    0x080015b2   0x080015b2   0x00000002   PAD
    0x080015b4   0x080015b4   0x0000002e   Code   RO           37    .text.fputc         usart.o
    0x080015e2   0x080015e2   0x00000002   PAD
    0x080015e4   0x080015e4   0x00000138   Code   RO           70    .text.getConfigurationDescriptor  usb_app.o
    0x0800171c   0x0800171c   0x0000006e   Code   RO           68    .text.getDeviceDescriptor  usb_app.o
    0x0800178a   0x0800178a   0x00000002   PAD
    0x0800178c   0x0800178c   0x00000034   Code   RO           74    .text.getReportDescriptor  usb_app.o
    0x080017c0   0x080017c0   0x000000f4   Code   RO           72    .text.getStringDescriptor  usb_app.o
    0x080018b4   0x080018b4   0x00000008   Code   RO           64    .text.init          usb_app.o
    0x080018bc   0x080018bc   0x00000022   Code   RO           18    .text.ledInit       gpio.o
    0x080018de   0x080018de   0x00000002   PAD
    0x080018e0   0x080018e0   0x00000012   Code   RO           22    .text.ledOff        gpio.o
    0x080018f2   0x080018f2   0x00000002   PAD
    0x080018f4   0x080018f4   0x00000012   Code   RO           20    .text.ledOn         gpio.o
    0x08001906   0x08001906   0x00000002   PAD
    0x08001908   0x08001908   0x000000f6   Code   RO            2    .text.main          main.o
    0x080019fe   0x080019fe   0x00000002   PAD
    0x08001a00   0x08001a00   0x0000006a   Code   RO           76    .text.sendReport    usb_app.o
    0x08001a6a   0x08001a6a   0x00000002   PAD
    0x08001a6c   0x08001a6c   0x00000018   Code   RO           66    .text.setAddress    usb_app.o
    0x08001a84   0x08001a84   0x000000d6   Code   RO           31    .text.usartInit     usart.o
    0x08001b5a   0x08001b5a   0x00000002   PAD
    0x08001b5c   0x08001b5c   0x00000030   Code   RO          132    .text.usbClassSetIdle  usb_core.o
    0x08001b8c   0x08001b8c   0x00000096   Code   RO          102    .text.usbEPxIn      usb_core.o
    0x08001c22   0x08001c22   0x00000002   PAD
    0x08001c24   0x08001c24   0x00000112   Code   RO          100    .text.usbEPxOut     usb_core.o
    0x08001d36   0x08001d36   0x00000002   PAD
    0x08001d38   0x08001d38   0x000001d6   Code   RO          112    .text.usbEPxSend    usb_core.o
    0x08001f0e   0x08001f0e   0x00000002   PAD
    0x08001f10   0x08001f10   0x0000012a   Code   RO           94    .text.usbInit       usb_core.o
    0x0800203a   0x0800203a   0x00000002   PAD
    0x0800203c   0x0800203c   0x0000005c   Code   RO          106    .text.usbReadPMA    usb_core.o
    0x08002098   0x08002098   0x0000003c   Code   RO          134    .text.usbResetHandler  usb_core.o
    0x080020d4   0x080020d4   0x00000196   Code   RO          104    .text.usbSetup      usb_core.o
    0x0800226a   0x0800226a   0x00000002   PAD
    0x0800226c   0x0800226c   0x00000042   Code   RO          120    .text.usbStandardClearFeature  usb_core.o
    0x080022ae   0x080022ae   0x00000002   PAD
    0x080022b0   0x080022b0   0x00000030   Code   RO          114    .text.usbStandardGetConfiguration  usb_core.o
    0x080022e0   0x080022e0   0x000000ea   Code   RO          110    .text.usbStandardGetDescriptor  usb_core.o
    0x080023ca   0x080023ca   0x00000002   PAD
    0x080023cc   0x080023cc   0x00000030   Code   RO          116    .text.usbStandardGetInterface  usb_core.o
    0x080023fc   0x080023fc   0x00000030   Code   RO          108    .text.usbStandardGetStatus  usb_core.o
    0x0800242c   0x0800242c   0x00000058   Code   RO          124    .text.usbStandardSetAddress  usb_core.o
    0x08002484   0x08002484   0x0000003c   Code   RO          128    .text.usbStandardSetConfiguration  usb_core.o
    0x080024c0   0x080024c0   0x00000030   Code   RO          126    .text.usbStandardSetDescriptor  usb_core.o
    0x080024f0   0x080024f0   0x00000030   Code   RO          122    .text.usbStandardSetFeature  usb_core.o
    0x08002520   0x08002520   0x00000030   Code   RO          130    .text.usbStandardSetInterface  usb_core.o
    0x08002550   0x08002550   0x00000030   Code   RO          118    .text.usbStandardSynchFrame  usb_core.o
    0x08002580   0x08002580   0x000000fa   Code   RO           98    .text.usbTransferHandler  usb_core.o
    0x0800267a   0x0800267a   0x00000002   PAD
    0x0800267c   0x0800267c   0x0000005c   Code   RO           92    .text.usbWritePMA   usb_core.o
    0x080026d8   0x080026d8   0x00000028   Code   RO           60    .text.wcscpy        usb_app.o
    0x08002700   0x08002700   0x00000024   Code   RO           62    .text.wcslen        usb_app.o
    0x08002724   0x08002724   0x00000020   Code   RO          382    i.__0printf         mc_w.l(printfa.o)
    0x08002744   0x08002744   0x0000000e   Code   RO          497    i.__scatterload_copy  mc_w.l(handlers.o)
    0x08002752   0x08002752   0x00000002   Code   RO          498    i.__scatterload_null  mc_w.l(handlers.o)
    0x08002754   0x08002754   0x0000000e   Code   RO          499    i.__scatterload_zeroinit  mc_w.l(handlers.o)
    0x08002762   0x08002762   0x00000002   PAD
    0x08002764   0x08002764   0x00000184   Code   RO          389    i._fp_digits        mc_w.l(printfa.o)
    0x080028e8   0x080028e8   0x0000000e   Code   RO          448    i._is_digit         mc_w.l(scanf_fp.o)
    0x080028f6   0x080028f6   0x00000002   PAD
    0x080028f8   0x080028f8   0x000006dc   Code   RO          390    i._printf_core      mc_w.l(printfa.o)
    0x08002fd4   0x08002fd4   0x00000024   Code   RO          391    i._printf_post_padding  mc_w.l(printfa.o)
    0x08002ff8   0x08002ff8   0x0000002e   Code   RO          392    i._printf_pre_padding  mc_w.l(printfa.o)
    0x08003026   0x08003026   0x00000040   Data   RO          493    .constdata          mc_w.l(ctype_c.o)
    0x08003066   0x08003066   0x00000058   Data   RO            8    .rodata.str1.1      main.o
    0x080030be   0x080030be   0x00000029   Data   RO           43    .rodata.str1.1      usart.o
    0x080030e7   0x080030e7   0x00000001   PAD
    0x080030e8   0x080030e8   0x000000b4   Data   RO           81    .rodata.str2.2      usb_app.o
    0x0800319c   0x0800319c   0x00000020   Data   RO          496    Region$$Table       anon$$obj.o


    Execution Region ER_RW (Exec base: 0x20000000, Load base: 0x080031bc, Size: 0x000000a0, Max: 0xffffffff, ABSOLUTE)

    Exec Addr    Load Addr    Size         Type   Attr      Idx    E Section Name        Object

    0x20000000   0x080031bc   0x00000004   Data   RW          425    .data               mc_w.l(stdin.o)
    0x20000004   0x080031c0   0x00000004   Data   RW          426    .data               mc_w.l(stdout.o)
    0x20000008   0x080031c4   0x00000003   Data   RW          466    .data               mc_w.l(fgetc_b.o)
    0x2000000b   0x080031c7   0x00000043   Data   RW          145    .data.ReportDescriptor  usb_hid.o
    0x2000004e   0x0800320a   0x00000002   PAD
    0x20000050   0x0800320c   0x00000018   Data   RW           78    .data.app           usb_app.o
    0x20000068   0x08003224   0x00000028   Data   RW           83    .data.endPoint0     usb_app.o
    0x20000090   0x0800324c   0x00000008   Data   RW           84    .data.endPoint1     usb_app.o
    0x20000098   0x08003254   0x00000008   Data   RW            9    .data.main.temp     main.o


    Execution Region ER_ZI (Exec base: 0x200000a0, Load base: 0x0800325c, Size: 0x000004d0, Max: 0xffffffff, ABSOLUTE)

    Exec Addr    Load Addr    Size         Type   Attr      Idx    E Section Name        Object

    0x200000a0        -       0x00000004   Zero   RW          136    .bss.devReq         usb_core.o
    0x200000a4        -       0x00000064   Zero   RW           82    .bss.readBuffer     usb_app.o
    0x20000108        -       0x00000064   Zero   RW           79    .bss.writeBuffer    usb_app.o
    0x2000016c   0x0800325c   0x00000004   PAD
    0x20000170        -       0x00000400   Zero   RW          348    STACK               startup_stm32f10x_md.o


==============================================================================

Image component sizes


      Code (inc. data)   RO Data    RW Data    ZI Data      Debug   Object Name

        70          0          0          0          0        934   gpio.o
       306          0         88          8          0       1354   main.o
        36          8        236          0       1024        812   startup_stm32f10x_md.o
       400          0          0          0          0       2795   system_stm32f10x.o
       388          0         41          0          0       2503   usart.o
       932          6        180         72        200       5948   usb_app.o
      3232         30          0          0          4       6343   usb_core.o
         0          0          0         67          0        340   usb_hid.o

    ----------------------------------------------------------------------
      5404         44        578        149       1232      21029   Object Totals
         0          0         32          0          0          0   (incl. Generated)
        40          0          1          2          4          0   (incl. Padding)

    ----------------------------------------------------------------------

      Code (inc. data)   RO Data    RW Data    ZI Data      Debug   Library Member Name

        28          0          0          0          0         68   _chval.o
       812          4          0          0          0        112   _scanf.o
       332          0          0          0          0         96   _scanf_int.o
       342          0          0          0          0        100   _scanf_longlong.o
       224          0          0          0          0         96   _scanf_str.o
        40          6         64          0          0         68   ctype_c.o
         0          0          0          0          0          0   entry.o
         0          0          0          0          0          0   entry10a.o
         0          0          0          0          0          0   entry11a.o
         8          4          0          0          0          0   entry2.o
         4          0          0          0          0          0   entry5.o
         0          0          0          0          0          0   entry7b.o
         0          0          0          0          0          0   entry8b.o
         8          4          0          0          0          0   entry9a.o
        44          6          0          3          0        144   fgetc_b.o
        30          0          0          0          0          0   handlers.o
        36          8          0          0          0         68   init.o
        10          0          0          0          0         68   isspace_c.o
         0          0          0          0          0          0   iusefp.o
         0          0          0          0          0          0   iusesemig.o
        30          0          0          0          0         68   llshl.o
        36          0          0          0          0         68   llsshr.o
        32          0          0          0          0         68   llushr.o
        36          0          0          0          0         68   memcpya.o
      2258         90          0          0          0        452   printfa.o
        32          6          0          0          0         84   scanf.o
        40          8          0          0          0         84   scanf_char.o
        20          8          0          0          0         68   scanf_char_file.o
       878         12          0          0          0        216   scanf_fp.o
         0          0          0          0          0          0   semi.o
         0          0          0          4          0          0   stdin.o
         0          0          0          4          0          0   stdout.o
        44          0          0          0          0         80   uidiv.o
        98          0          0          0          0         92   uldiv.o
        48          0          0          0          0         68   cdrcmple.o
        56          0          0          0          0         88   d2f.o
       334          0          0          0          0        148   dadd.o
       222          0          0          0          0        100   ddiv.o
       186          0          0          0          0        176   depilogue.o
        48          0          0          0          0         68   dfixul.o
        24          0          0          0          0         76   dfltul.o
       228          0          0          0          0         96   dmul.o
       110          0          0          0          0        168   fepilogue.o

    ----------------------------------------------------------------------
      6686        156         64         11          0       3156   Library Totals
         8          0          0          0          0          0   (incl. Padding)

    ----------------------------------------------------------------------

      Code (inc. data)   RO Data    RW Data    ZI Data      Debug   Library Name

      5422        156         64         11          0       2168   mc_w.l
      1256          0          0          0          0        988   mf_w.l

    ----------------------------------------------------------------------
      6686        156         64         11          0       3156   Library Totals

    ----------------------------------------------------------------------

==============================================================================


      Code (inc. data)   RO Data    RW Data    ZI Data      Debug   

     12090        200        642        160       1232      22573   Grand Totals
     12090        200        642        160       1232      22573   ELF Image Totals
     12090        200        642        160          0          0   ROM Totals

==============================================================================

    Total RO  Size (Code + RO Data)                12732 (  12.43kB)
    Total RW  Size (RW Data + ZI Data)              1392 (   1.36kB)
    Total ROM Size (Code + RO Data + RW Data)      12892 (  12.59kB)

==============================================================================

